Archive member included to satisfy reference by file (symbol)

app/libapp.a(main.c.obj)      (--whole-archive)
zephyr/libzephyr.a(heap.c.obj)
                              (--whole-archive)
zephyr/libzephyr.a(cbprintf_packaged.c.obj)
                              (--whole-archive)
zephyr/libzephyr.a(clock.c.obj)
                              (--whole-archive)
zephyr/libzephyr.a(printk.c.obj)
                              (--whole-archive)
zephyr/libzephyr.a(sem.c.obj)
                              (--whole-archive)
zephyr/libzephyr.a(thread_entry.c.obj)
                              (--whole-archive)
zephyr/libzephyr.a(cbprintf_complete.c.obj)
                              (--whole-archive)
zephyr/libzephyr.a(assert.c.obj)
                              (--whole-archive)
zephyr/libzephyr.a(dec.c.obj)
                              (--whole-archive)
zephyr/libzephyr.a(hex.c.obj)
                              (--whole-archive)
zephyr/libzephyr.a(rb.c.obj)  (--whole-archive)
zephyr/libzephyr.a(timeutil.c.obj)
                              (--whole-archive)
zephyr/libzephyr.a(bitarray.c.obj)
                              (--whole-archive)
zephyr/libzephyr.a(ring_buffer.c.obj)
                              (--whole-archive)
zephyr/libzephyr.a(last_section_id.c.obj)
                              (--whole-archive)
zephyr/libzephyr.a(configs.c.obj)
                              (--whole-archive)
zephyr/libzephyr.a(stm32cube_hal.c.obj)
                              (--whole-archive)
zephyr/libzephyr.a(soc_config.c.obj)
                              (--whole-archive)
zephyr/libzephyr.a(stm32_backup_domain.c.obj)
                              (--whole-archive)
zephyr/libzephyr.a(soc.c.obj)
                              (--whole-archive)
zephyr/libzephyr.a(thread_analyzer.c.obj)
                              (--whole-archive)
zephyr/libzephyr.a(mem_attr.c.obj)
                              (--whole-archive)
zephyr/libzephyr.a(tracing_none.c.obj)
                              (--whole-archive)
zephyr/libzephyr.a(kernel_shell.c.obj)
                              (--whole-archive)
zephyr/libzephyr.a(cycles.c.obj)
                              (--whole-archive)
zephyr/libzephyr.a(sleep.c.obj)
                              (--whole-archive)
zephyr/libzephyr.a(uptime.c.obj)
                              (--whole-archive)
zephyr/libzephyr.a(version.c.obj)
                              (--whole-archive)
zephyr/libzephyr.a(thread.c.obj)
                              (--whole-archive)
zephyr/libzephyr.a(list.c.obj)
                              (--whole-archive)
zephyr/libzephyr.a(stacks.c.obj)
                              (--whole-archive)
zephyr/libzephyr.a(suspend.c.obj)
                              (--whole-archive)
zephyr/libzephyr.a(resume.c.obj)
                              (--whole-archive)
zephyr/libzephyr.a(kill.c.obj)
                              (--whole-archive)
zephyr/libzephyr.a(device_service.c.obj)
                              (--whole-archive)
zephyr/libzephyr.a(devmem_service.c.obj)
                              (--whole-archive)
zephyr/libzephyr.a(shell_uart.c.obj)
                              (--whole-archive)
zephyr/libzephyr.a(shell.c.obj)
                              (--whole-archive)
zephyr/libzephyr.a(shell_fprintf.c.obj)
                              (--whole-archive)
zephyr/libzephyr.a(shell_utils.c.obj)
                              (--whole-archive)
zephyr/libzephyr.a(shell_ops.c.obj)
                              (--whole-archive)
zephyr/libzephyr.a(shell_help.c.obj)
                              (--whole-archive)
zephyr/libzephyr.a(shell_cmds.c.obj)
                              (--whole-archive)
zephyr/libzephyr.a(shell_history.c.obj)
                              (--whole-archive)
zephyr/libzephyr.a(shell_wildcard.c.obj)
                              (--whole-archive)
zephyr/arch/common/libarch__common.a(sw_isr_common.c.obj)
                              (--whole-archive)
zephyr/arch/arch/arm/core/libarch__arm__core.a(fatal.c.obj)
                              (--whole-archive)
zephyr/arch/arch/arm/core/libarch__arm__core.a(nmi.c.obj)
                              (--whole-archive)
zephyr/arch/arch/arm/core/libarch__arm__core.a(nmi_on_reset.S.obj)
                              (--whole-archive)
zephyr/arch/arch/arm/core/libarch__arm__core.a(tls.c.obj)
                              (--whole-archive)
zephyr/arch/arch/arm/core/cortex_m/libarch__arm__core__cortex_m.a(exc_exit.c.obj)
                              (--whole-archive)
zephyr/arch/arch/arm/core/cortex_m/libarch__arm__core__cortex_m.a(fault.c.obj)
                              (--whole-archive)
zephyr/arch/arch/arm/core/cortex_m/libarch__arm__core__cortex_m.a(fault_s.S.obj)
                              (--whole-archive)
zephyr/arch/arch/arm/core/cortex_m/libarch__arm__core__cortex_m.a(fpu.c.obj)
                              (--whole-archive)
zephyr/arch/arch/arm/core/cortex_m/libarch__arm__core__cortex_m.a(reset.S.obj)
[...]
Memory Configuration

Name             Origin             Length             Attributes
FLASH            0x0000000008000000 0x0000000000200000 xr
RAM              0x0000000020000000 0x0000000000030000 xw
CCM              0x0000000010000000 0x0000000000010000 rw
SDRAM2           0x00000000d0000000 0x0000000000800000 rw
IDT_LIST         0x00000000ffff7fff 0x0000000000008000 xw
*default*        0x0000000000000000 0xffffffffffffffff

Linker script and memory map

                0x0000000008006084                vfprintf = __l_vfprintf
                0x0000000000000000                vfscanf = __l_vfscanf
LOAD zephyr/CMakeFiles/zephyr_pre0.dir/misc/empty_file.c.obj
LOAD zephyr/CMakeFiles/offsets.dir/./arch/arm/core/offsets/offsets.c.obj
LOAD app/libapp.a
LOAD zephyr/libzephyr.a
LOAD zephyr/arch/common/libarch__common.a
LOAD zephyr/arch/arch/arm/core/libarch__arm__core.a
LOAD zephyr/arch/arch/arm/core/cortex_m/libarch__arm__core__cortex_m.a
LOAD zephyr/arch/arch/arm/core/mpu/libarch__arm__core__mpu.a
LOAD zephyr/lib/libc/picolibc/liblib__libc__picolibc.a
LOAD zephyr/lib/libc/common/liblib__libc__common.a
LOAD zephyr/lib/posix/options/liblib__posix__options.a
LOAD zephyr/drivers/interrupt_controller/libdrivers__interrupt_controller.a
LOAD zephyr/drivers/adc/libdrivers__adc.a
LOAD zephyr/drivers/clock_control/libdrivers__clock_control.a
LOAD zephyr/drivers/console/libdrivers__console.a
LOAD zephyr/drivers/gpio/libdrivers__gpio.a
LOAD zephyr/drivers/pinctrl/libdrivers__pinctrl.a
LOAD zephyr/drivers/reset/libdrivers__reset.a
LOAD zephyr/drivers/serial/libdrivers__serial.a
LOAD zephyr/drivers/timer/libdrivers__timer.a
LOAD modules/hal_stm32/stm32cube/lib..__modules__hal__stm32__stm32cube.a
LOAD zephyr/kernel/libkernel.a
LOAD zephyr/arch/common/libisr_tables.a
LOAD c:\zephyr-sdk\zephyr-sdk-0.17.2\arm-zephyr-eabi\bin\../lib/gcc/../../picolibc/arm-zephyr-eabi/lib/thumb/v7e-m/nofp\libc.a
LOAD c:/zephyr-sdk/zephyr-sdk-0.17.2/arm-zephyr-eabi/bin/../lib/gcc/arm-zephyr-eabi/12.2.0/thumb/v7e-m/nofp\libgcc.a
                0x0000000000000020                _region_min_align = 0x20

.rel.plt        0x0000000008000000        0x0
 *(SORT_BY_ALIGNMENT(.rel.plt))
                [!provide]                        PROVIDE (__rel_iplt_start = .)
 *(SORT_BY_ALIGNMENT(.rel.iplt))
 .rel.iplt      0x0000000008000000        0x0 app/libapp.a(main.c.obj)
                [!provide]                        PROVIDE (__rel_iplt_end = .)

.rela.plt       0x0000000000000000        0x0
 *(SORT_BY_ALIGNMENT(.rela.plt))
                [!provide]                        PROVIDE (__rela_iplt_start = .)
 *(SORT_BY_ALIGNMENT(.rela.iplt))
                [!provide]                        PROVIDE (__rela_iplt_end = .)

.rel.dyn
 *(SORT_BY_ALIGNMENT(.rel.*))

.rela.dyn
 *(SORT_BY_ALIGNMENT(.rela.*))

/DISCARD/
 *(SORT_BY_ALIGNMENT(.plt))

/DISCARD/
 *(SORT_BY_ALIGNMENT(.iplt))
                0x0000000008000000                __rom_region_start = 0x8000000

rom_start       0x0000000008000000      0x1ac
                0x0000000008000000                __rom_start_address = .
 FILL mask 0x00
                0x0000000008000000                . = (. + (0x0 - (. - __rom_start_address)))
                0x0000000008000000                . = ALIGN (0x4)
                0x0000000008000000                . = ALIGN (0x80)
                0x0000000008000000                . = ALIGN (0x200)
                0x0000000008000000                _vector_start = .
 *(SORT_BY_ALIGNMENT(.exc_vector_table))
 *(SORT_BY_ALIGNMENT(.exc_vector_table.*))
 .exc_vector_table._vector_table_section
                0x0000000008000000       0x40 zephyr/arch/arch/arm/core/cortex_m/libarch__arm__core__cortex_m.a(vector_table.S.obj)
                0x0000000008000000                _vector_table
 *(SORT_BY_ALIGNMENT(.vectors))
                0x00000000080001ac                _vector_end = .
                0x0000000008000040                . = ALIGN (0x4)
 *(SORT_BY_ALIGNMENT(.gnu.linkonce.irq_vector_table*))
 .gnu.linkonce.irq_vector_table
                0x0000000008000040      0x16c zephyr/arch/common/libisr_tables.a(isr_tables.c.obj)
                0x0000000008000040                _irq_vector_table
                0x00000000080001ac                _vector_end = .

text            0x00000000080001b0     0x8abc
                0x00000000080001b0                __text_region_start = .
 *(SORT_BY_ALIGNMENT(.text))
 .text          0x00000000080001b0       0xa0 c:/zephyr-sdk/zephyr-sdk-0.17.2/arm-zephyr-eabi/bin/../lib/gcc/arm-zephyr-eabi/12.2.0/thumb/v7e-m/nofp\libgcc.a(_aeabi_ldivmod.o)
                0x00000000080001b0                __aeabi_ldivmod
 .text          0x0000000008000250       0x30 c:/zephyr-sdk/zephyr-sdk-0.17.2/arm-zephyr-eabi/bin/../lib/gcc/arm-zephyr-eabi/12.2.0/thumb/v7e-m/nofp\libgcc.a(_aeabi_uldivmod.o)
                0x0000000008000250                __aeabi_uldivmod
 .text          0x0000000008000280        0x4 c:/zephyr-sdk/zephyr-sdk-0.17.2/arm-zephyr-eabi/bin/../lib/gcc/arm-zephyr-eabi/12.2.0/thumb/v7e-m/nofp\libgcc.a(_dvmd_tls.o)
                0x0000000008000280                __aeabi_idiv0
                0x0000000008000280                __aeabi_ldiv0
 .text          0x0000000008000284       0x14 c:\zephyr-sdk\zephyr-sdk-0.17.2\arm-zephyr-eabi\bin\../lib/gcc/../../picolibc/arm-zephyr-eabi/lib/thumb/v7e-m/nofp\libc.a(strcmp.S.o)
                0x0000000008000284                strcmp
 .text          0x0000000008000298       0x10 c:\zephyr-sdk\zephyr-sdk-0.17.2\arm-zephyr-eabi\bin\../lib/gcc/../../picolibc/arm-zephyr-eabi/lib/thumb/v7e-m/nofp\libc.a(strcpy.S.o)
                0x0000000008000298                strcpy
 .text          0x00000000080002a8       0x10 c:\zephyr-sdk\zephyr-sdk-0.17.2\arm-zephyr-eabi\bin\../lib/gcc/../../picolibc/arm-zephyr-eabi/lib/thumb/v7e-m/nofp\libc.a(strlen.S.o)
                0x00000000080002a8                strlen
 .text          0x00000000080002b8      0x2a0 c:/zephyr-sdk/zephyr-sdk-0.17.2/arm-zephyr-eabi/bin/../lib/gcc/arm-zephyr-eabi/12.2.0/thumb/v7e-m/nofp\libgcc.a(_udivmoddi4.o)
                0x00000000080002b8                __udivmoddi4
 *(SORT_BY_ALIGNMENT(.text.*))
 .text.cmd_kernel_uptime
                0x0000000008000558       0xe0 zephyr/libzephyr.a(uptime.c.obj)
 .text.cmd_sysinfo
                0x0000000008000638       0x24 app/libapp.a(main.c.obj)
 .text.cmd_rt_info
                0x000000000800065c       0xb4 app/libapp.a(main.c.obj)
 .text.callback_do_botao
                0x0000000008000710        0xc app/libapp.a(main.c.obj)
                0x0000000008000710                callback_do_botao
 .text.tarefa_do_botao
                0x000000000800071c       0x28 app/libapp.a(main.c.obj)
                0x000000000800071c                tarefa_do_botao
 .text.tarefa_soft_realtime
                0x0000000008000744       0x24 app/libapp.a(main.c.obj)
                0x0000000008000744                tarefa_soft_realtime
 .text.tarefa_pisca_led
                0x0000000008000768       0x30 app/libapp.a(main.c.obj)
                0x0000000008000768                tarefa_pisca_led
 .text.tarefa_hard_realtime
                0x0000000008000798      0x13c app/libapp.a(main.c.obj)
                0x0000000008000798                tarefa_hard_realtime
 .text.main     0x00000000080008d4       0xa4 app/libapp.a(main.c.obj)
                0x00000000080008d4                main
 .text.char_out
                0x0000000008000978        0xc zephyr/libzephyr.a(printk.c.obj)
 .text.__printk_hook_install
                0x0000000008000984        0xc zephyr/libzephyr.a(printk.c.obj)
                0x0000000008000984                __printk_hook_install
 .text.vprintk  0x0000000008000990       0x30 zephyr/libzephyr.a(printk.c.obj)
                0x0000000008000990                vprintk
 .text.z_thread_entry
                0x00000000080009c0       0x34 zephyr/libzephyr.a(thread_entry.c.obj)
                0x00000000080009c0                z_thread_entry
 .text.st_stm32_common_config
                0x00000000080009f4       0x14 zephyr/libzephyr.a(soc_config.c.obj)
 .text.soc_early_init_hook
                0x0000000008000a08       0x30 zephyr/libzephyr.a(soc.c.obj)
                0x0000000008000a08                soc_early_init_hook
 .text.thread_print_cb
                0x0000000008000a38       0x40 zephyr/libzephyr.a(thread_analyzer.c.obj)
 .text.thread_analyze_cb
                0x0000000008000a78       0x8c zephyr/libzephyr.a(thread_analyzer.c.obj)
 .text.thread_analyzer_run
                0x0000000008000b04       0x54 zephyr/libzephyr.a(thread_analyzer.c.obj)
                0x0000000008000b04                thread_analyzer_run
 .text.thread_analyzer_print
                0x0000000008000b58       0x20 zephyr/libzephyr.a(thread_analyzer.c.obj)
                0x0000000008000b58                thread_analyzer_print
 .text.mem_attr_get_regions
                0x0000000008000b78        0xc zephyr/libzephyr.a(mem_attr.c.obj)
                0x0000000008000b78                mem_attr_get_regions
 .text.cmd_kernel_cycles
                0x0000000008000b84       0x1c zephyr/libzephyr.a(cycles.c.obj)
 .text.cmd_kernel_sleep
                0x0000000008000ba0       0x40 zephyr/libzephyr.a(sleep.c.obj)
 .text.cmd_kernel_version
                0x0000000008000be0       0x18 zephyr/libzephyr.a(version.c.obj)
 .text.z_thread_is_valid
                0x0000000008000bf8       0x20 zephyr/libzephyr.a(thread.c.obj)
                0x0000000008000bf8                z_thread_is_valid
 .text.cmd_kernel_thread_list
                0x0000000008000c18       0x34 zephyr/libzephyr.a(list.c.obj)
 .text.shell_tdata_dump
                0x0000000008000c4c      0x10c zephyr/libzephyr.a(list.c.obj)
 .text.cmd_kernel_thread_stacks
                0x0000000008000d58       0x70 zephyr/libzephyr.a(stacks.c.obj)
 .text.shell_stack_dump
                0x0000000008000dc8       0x60 zephyr/libzephyr.a(stacks.c.obj)
 .text.cmd_kernel_thread_suspend
                0x0000000008000e28       0x64 zephyr/libzephyr.a(suspend.c.obj)
 .text.cmd_kernel_thread_resume
                0x0000000008000e8c       0x64 zephyr/libzephyr.a(resume.c.obj)
 .text.cmd_kernel_thread_kill
                0x0000000008000ef0       0x64 zephyr/libzephyr.a(kill.c.obj)
 .text.cmd_device_list
                0x0000000008000f54       0xd8 zephyr/libzephyr.a(device_service.c.obj)
 .text.cmd_devmem
                0x000000000800102c       0xc4 zephyr/libzephyr.a(devmem_service.c.obj)
 .text.cmd_dump
                0x00000000080010f0      0x178 zephyr/libzephyr.a(devmem_service.c.obj)
 .text.set_bypass.isra.0
                0x0000000008001268       0x4c zephyr/libzephyr.a(devmem_service.c.obj)
 .text.bypass_cb
                0x00000000080012b4      0x114 zephyr/libzephyr.a(devmem_service.c.obj)
 .text.cmd_load
                0x00000000080013c8       0xd8 zephyr/libzephyr.a(devmem_service.c.obj)
 .text.enable_shell_uart
                0x00000000080014a0       0x34 zephyr/libzephyr.a(shell_uart.c.obj)
 .text.init     0x00000000080014d4       0x54 zephyr/libzephyr.a(shell_uart.c.obj)
 .text.shell_backend_uart_get_ptr
                0x0000000008001528        0x8 zephyr/libzephyr.a(shell_uart.c.obj)
                0x0000000008001528                shell_backend_uart_get_ptr
 .text.shell_internal_help_print
                0x0000000008001530       0x20 zephyr/libzephyr.a(shell.c.obj)
 .text.kill_handler
                0x0000000008001550       0x50 zephyr/libzephyr.a(shell.c.obj)
 .text.z_cursor_next_line_move.isra.0
                0x00000000080015a0        0xc zephyr/libzephyr.a(shell.c.obj)
 .text.history_handle
                0x00000000080015ac       0xac zephyr/libzephyr.a(shell.c.obj)
 .text.execute  0x0000000008001658      0x2c8 zephyr/libzephyr.a(shell.c.obj)
 .text.state_set.constprop.0
                0x0000000008001920       0x4c zephyr/libzephyr.a(shell.c.obj)
 .text.shell_process
                0x000000000800196c      0x69c zephyr/libzephyr.a(shell.c.obj)
                0x000000000800196c                shell_process
 .text.shell_thread
                0x0000000008002008       0xd0 zephyr/libzephyr.a(shell.c.obj)
                0x0000000008002008                shell_thread
 .text.cmd_help
                0x00000000080020d8       0x44 zephyr/libzephyr.a(shell.c.obj)
 .text.shell_hexdump_line
                0x000000000800211c       0xcc zephyr/libzephyr.a(shell.c.obj)
                0x000000000800211c                shell_hexdump_line
 .text.shell_init
                0x00000000080021e8       0xe8 zephyr/libzephyr.a(shell.c.obj)
                0x00000000080021e8                shell_init
 .text.z_shell_fprintf_fmt
                0x00000000080022d0       0x28 zephyr/libzephyr.a(shell_fprintf.c.obj)
                0x00000000080022d0                z_shell_fprintf_fmt
 .text.z_shell_cmd_get
                0x00000000080022f8       0x74 zephyr/libzephyr.a(shell_utils.c.obj)
                0x00000000080022f8                z_shell_cmd_get
 .text.shell_strtoul
                0x000000000800236c       0x50 zephyr/libzephyr.a(shell_utils.c.obj)
                0x000000000800236c                shell_strtoul
 .text.z_clear_eos
                0x00000000080023bc       0x18 zephyr/libzephyr.a(shell_ops.c.obj)
 .text.z_cursor_next_line_move.isra.0
                0x00000000080023d4        0xc zephyr/libzephyr.a(shell_ops.c.obj)
 .text.z_shell_op_cursor_vert_move
                0x00000000080023e0       0x2c zephyr/libzephyr.a(shell_ops.c.obj)
                0x00000000080023e0                z_shell_op_cursor_vert_move
 .text.z_shell_op_cursor_horiz_move
                0x000000000800240c       0x2c zephyr/libzephyr.a(shell_ops.c.obj)
                0x000000000800240c                z_shell_op_cursor_horiz_move
 .text.z_shell_print_cmd
                0x0000000008002438       0x78 zephyr/libzephyr.a(shell_ops.c.obj)
                0x0000000008002438                z_shell_print_cmd
 .text.z_shell_vt100_color_set
                0x00000000080024b0       0x40 zephyr/libzephyr.a(shell_ops.c.obj)
                0x00000000080024b0                z_shell_vt100_color_set
 .text.z_shell_vt100_colors_restore
                0x00000000080024f0       0x3c zephyr/libzephyr.a(shell_ops.c.obj)
                0x00000000080024f0                z_shell_vt100_colors_restore
 .text.z_shell_op_word_remove
                0x000000000800252c       0xc8 zephyr/libzephyr.a(shell_ops.c.obj)
                0x000000000800252c                z_shell_op_word_remove
 .text.reprint_from_cursor
                0x00000000080025f4       0xe0 zephyr/libzephyr.a(shell_ops.c.obj)
 .text.z_shell_op_char_insert
                0x00000000080026d4       0x70 zephyr/libzephyr.a(shell_ops.c.obj)
                0x00000000080026d4                z_shell_op_char_insert
 .text.z_shell_print_prompt_and_cmd
                0x0000000008002744       0x30 zephyr/libzephyr.a(shell_ops.c.obj)
                0x0000000008002744                z_shell_print_prompt_and_cmd
 .text.z_cursor_next_line_move.isra.0
                0x0000000008002774        0xc zephyr/libzephyr.a(shell_help.c.obj)
 .text.formatted_structured_help_print
                0x0000000008002780       0x40 zephyr/libzephyr.a(shell_help.c.obj)
 .text.z_shell_help_subcmd_print
                0x00000000080027c0       0xd0 zephyr/libzephyr.a(shell_help.c.obj)
                0x00000000080027c0                z_shell_help_subcmd_print
 .text.z_shell_help_cmd_print
                0x0000000008002890       0x64 zephyr/libzephyr.a(shell_help.c.obj)
                0x0000000008002890                z_shell_help_cmd_print
 .text.z_shell_help_request
                0x00000000080028f4       0x28 zephyr/libzephyr.a(shell_help.c.obj)
                0x00000000080028f4                z_shell_help_request
 .text.cmd_resize_default
                0x000000000800291c       0x2c zephyr/libzephyr.a(shell_cmds.c.obj)
 .text.cmd_shell_stats_show
                0x0000000008002948       0x14 zephyr/libzephyr.a(shell_cmds.c.obj)
 .text.cmd_backends
                0x000000000800295c       0x4c zephyr/libzephyr.a(shell_cmds.c.obj)
 .text.cmd_prompt_off
                0x00000000080029a8       0x10 zephyr/libzephyr.a(shell_cmds.c.obj)
 .text.cmd_history
                0x00000000080029b8       0x40 zephyr/libzephyr.a(shell_cmds.c.obj)
 .text.cmd_get_retval
                0x00000000080029f8       0x1c zephyr/libzephyr.a(shell_cmds.c.obj)
 .text.cmd_echo
                0x0000000008002a14       0x50 zephyr/libzephyr.a(shell_cmds.c.obj)
 .text.cmd_clear
                0x0000000008002a64       0x34 zephyr/libzephyr.a(shell_cmds.c.obj)
 .text.cmd_resize
                0x0000000008002a98      0x1a0 zephyr/libzephyr.a(shell_cmds.c.obj)
 .text.z_shell_wildcard_process
                0x0000000008002c38       0xe4 zephyr/libzephyr.a(shell_wildcard.c.obj)
                0x0000000008002c38                z_shell_wildcard_process
 .text.z_SysNmiOnReset
                0x0000000008002d1c        0x8 zephyr/arch/arch/arm/core/libarch__arm__core.a(nmi_on_reset.S.obj)
                0x0000000008002d1c                z_SysNmiOnReset
 .text.arch_tls_stack_setup
                0x0000000008002d24       0x40 zephyr/arch/arch/arm/core/libarch__arm__core.a(tls.c.obj)
                0x0000000008002d24                arch_tls_stack_setup
 .text._HandlerModeExit
                0x0000000008002d64       0x20 zephyr/arch/arch/arm/core/cortex_m/libarch__arm__core__cortex_m.a(exc_exit.c.obj)
                0x0000000008002d64                z_arm_int_exit
                0x0000000008002d64                z_arm_exc_exit
 .text.mem_manage_fault
                0x0000000008002d84       0xa0 zephyr/arch/arch/arm/core/cortex_m/libarch__arm__core__cortex_m.a(fault.c.obj)
 .text.usage_fault.constprop.0
                0x0000000008002e24       0x54 zephyr/arch/arch/arm/core/cortex_m/libarch__arm__core__cortex_m.a(fault.c.obj)
 .text.bus_fault.constprop.0
                0x0000000008002e78       0x6c zephyr/arch/arch/arm/core/cortex_m/libarch__arm__core__cortex_m.a(fault.c.obj)
 .text.z_arm_fault
                0x0000000008002ee4      0x128 zephyr/arch/arch/arm/core/cortex_m/libarch__arm__core__cortex_m.a(fault.c.obj)
                0x0000000008002ee4                z_arm_fault
 .text.z_arm_fault_init
                0x000000000800300c       0x18 zephyr/arch/arch/arm/core/cortex_m/libarch__arm__core__cortex_m.a(fault.c.obj)
                0x000000000800300c                z_arm_fault_init
 .text.__fault  0x0000000008003024       0x14 zephyr/arch/arch/arm/core/cortex_m/libarch__arm__core__cortex_m.a(fault_s.S.obj)
                0x0000000008003024                z_arm_usage_fault
                0x0000000008003024                z_arm_mpu_fault
                0x0000000008003024                z_arm_exc_spurious
                0x0000000008003024                z_arm_debug_monitor
                0x0000000008003024                z_arm_hard_fault
                0x0000000008003024                z_arm_bus_fault
 .text._reset_section
                0x0000000008003038       0x44 zephyr/arch/arch/arm/core/cortex_m/libarch__arm__core__cortex_m.a(reset.S.obj)
                0x0000000008003038                __start
                0x0000000008003038                z_arm_reset
 .text.z_impl_k_thread_abort
                0x000000000800307c       0x2c zephyr/arch/arch/arm/core/cortex_m/libarch__arm__core__cortex_m.a(thread_abort.c.obj)
                0x000000000800307c                z_impl_k_thread_abort
 .text.z_arm_pendsv
                0x00000000080030a8       0x78 zephyr/arch/arch/arm/core/cortex_m/libarch__arm__core__cortex_m.a(swap_helper.S.obj)
                0x00000000080030a8                z_arm_pendsv
 .text.z_arm_svc
                0x0000000008003120       0x24 zephyr/arch/arch/arm/core/cortex_m/libarch__arm__core__cortex_m.a(swap_helper.S.obj)
                0x0000000008003120                z_arm_svc
 .text.arm_irq_enable
                0x0000000008003144       0x1c zephyr/arch/arch/arm/core/cortex_m/libarch__arm__core__cortex_m.a(irq_manage.c.obj)
                0x0000000008003144                arm_irq_enable
 .text.arm_irq_priority_set
                0x0000000008003160       0x30 zephyr/arch/arch/arm/core/cortex_m/libarch__arm__core__cortex_m.a(irq_manage.c.obj)
                0x0000000008003160                arm_irq_priority_set
 .text.relocate_vector_table
                0x0000000008003190       0x1c zephyr/arch/arch/arm/core/cortex_m/libarch__arm__core__cortex_m.a(prep_c.c.obj)
                0x0000000008003190                relocate_vector_table
 .text.z_prep_c
                0x00000000080031ac       0x38 zephyr/arch/arch/arm/core/cortex_m/libarch__arm__core__cortex_m.a(prep_c.c.obj)
                0x00000000080031ac                z_prep_c
 .text.arch_new_thread
                0x00000000080031e4       0x38 zephyr/arch/arch/arm/core/cortex_m/libarch__arm__core__cortex_m.a(thread.c.obj)
                0x00000000080031e4                arch_new_thread
 .text.z_check_thread_stack_fail
                0x000000000800321c       0x30 zephyr/arch/arch/arm/core/cortex_m/libarch__arm__core__cortex_m.a(thread.c.obj)
                0x000000000800321c                z_check_thread_stack_fail
 .text.arch_switch_to_main_thread
                0x000000000800324c       0x48 zephyr/arch/arch/arm/core/cortex_m/libarch__arm__core__cortex_m.a(thread.c.obj)
                0x000000000800324c                arch_switch_to_main_thread
 .text.z_arm_cpu_idle_init
                0x0000000008003294        0xc zephyr/arch/arch/arm/core/cortex_m/libarch__arm__core__cortex_m.a(cpu_idle.c.obj)
                0x0000000008003294                z_arm_cpu_idle_init
 .text.z_arm_interrupt_init
                0x00000000080032a0       0x18 zephyr/arch/arch/arm/core/cortex_m/libarch__arm__core__cortex_m.a(irq_init.c.obj)
                0x00000000080032a0                z_arm_interrupt_init
 .text._isr_wrapper
                0x00000000080032b8       0x24 zephyr/arch/arch/arm/core/cortex_m/libarch__arm__core__cortex_m.a(isr_wrapper.c.obj)
                0x00000000080032b8                _isr_wrapper
 .text.z_arm_configure_static_mpu_regions
                0x00000000080032dc       0x18 zephyr/arch/arch/arm/core/mpu/libarch__arm__core__mpu.a(arm_core_mpu.c.obj)
                0x00000000080032dc                z_arm_configure_static_mpu_regions
 .text.z_arm_configure_dynamic_mpu_regions
                0x00000000080032f4       0x24 zephyr/arch/arch/arm/core/mpu/libarch__arm__core__mpu.a(arm_core_mpu.c.obj)
                0x00000000080032f4                z_arm_configure_dynamic_mpu_regions
 .text.region_init
                0x0000000008003318       0x28 zephyr/arch/arch/arm/core/mpu/libarch__arm__core__mpu.a(arm_mpu.c.obj)
 .text.mpu_configure_regions
                0x0000000008003340       0x6c zephyr/arch/arch/arm/core/mpu/libarch__arm__core__mpu.a(arm_mpu.c.obj)
 .text.arm_core_mpu_enable
                0x00000000080033ac       0x18 zephyr/arch/arch/arm/core/mpu/libarch__arm__core__mpu.a(arm_mpu.c.obj)
                0x00000000080033ac                arm_core_mpu_enable
 .text.arm_core_mpu_disable
                0x00000000080033c4       0x14 zephyr/arch/arch/arm/core/mpu/libarch__arm__core__mpu.a(arm_mpu.c.obj)
                0x00000000080033c4                arm_core_mpu_disable
 .text.arm_core_mpu_configure_static_mpu_regions
                0x00000000080033d8       0x14 zephyr/arch/arch/arm/core/mpu/libarch__arm__core__mpu.a(arm_mpu.c.obj)
                0x00000000080033d8                arm_core_mpu_configure_static_mpu_regions
 .text.arm_core_mpu_configure_dynamic_mpu_regions
                0x00000000080033ec       0x38 zephyr/arch/arch/arm/core/mpu/libarch__arm__core__mpu.a(arm_mpu.c.obj)
                0x00000000080033ec                arm_core_mpu_configure_dynamic_mpu_regions
 .text.z_arm_mpu_init
                0x0000000008003424      0x168 zephyr/arch/arch/arm/core/mpu/libarch__arm__core__mpu.a(arm_mpu.c.obj)
                0x0000000008003424                z_arm_mpu_init
 .text.cbvprintf
                0x000000000800358c       0x38 zephyr/lib/libc/picolibc/liblib__libc__picolibc.a(cbprintf.c.obj)
                0x000000000800358c                cbvprintf
 .text.z_impl_zephyr_fputc
                0x00000000080035c4       0x10 zephyr/lib/libc/picolibc/liblib__libc__picolibc.a(stdio.c.obj)
                0x00000000080035c4                z_impl_zephyr_fputc
 .text.__stdout_hook_install
                0x00000000080035d4       0x18 zephyr/lib/libc/picolibc/liblib__libc__picolibc.a(stdio.c.obj)
                0x00000000080035d4                __stdout_hook_install
 .text.malloc_prepare
                0x00000000080035ec       0x24 zephyr/lib/libc/common/liblib__libc__common.a(malloc.c.obj)
 .text.getopt_init
                0x0000000008003610       0x48 zephyr/lib/posix/options/liblib__posix__options.a(getopt.c.obj)
                0x0000000008003610                getopt_init
 .text.getopt   0x0000000008003658       0xf8 zephyr/lib/posix/options/liblib__posix__options.a(getopt.c.obj)
                0x0000000008003658                getopt
 .text.z_getopt_global_state_update
                0x0000000008003750       0x34 zephyr/lib/posix/options/liblib__posix__options.a(getopt_common.c.obj)
                0x0000000008003750                z_getopt_global_state_update
 .text.getopt_state_get
                0x0000000008003784        0x8 zephyr/lib/posix/options/liblib__posix__options.a(getopt_common.c.obj)
                0x0000000008003784                getopt_state_get
 .text.stm32_exti_isr
                0x000000000800378c       0x50 zephyr/drivers/interrupt_controller/libdrivers__interrupt_controller.a(intc_exti_stm32.c.obj)
 .text.stm32_fill_irq_table
                0x00000000080037dc       0x18 zephyr/drivers/interrupt_controller/libdrivers__interrupt_controller.a(intc_exti_stm32.c.obj)
 .text.stm32_exti_init
                0x00000000080037f4       0xb4 zephyr/drivers/interrupt_controller/libdrivers__interrupt_controller.a(intc_exti_stm32.c.obj)
 .text.stm32_gpio_intc_enable_line
                0x00000000080038a8       0x2c zephyr/drivers/interrupt_controller/libdrivers__interrupt_controller.a(intc_exti_stm32.c.obj)
                0x00000000080038a8                stm32_gpio_intc_enable_line
 .text.stm32_gpio_intc_disable_line
                0x00000000080038d4       0x10 zephyr/drivers/interrupt_controller/libdrivers__interrupt_controller.a(intc_exti_stm32.c.obj)
                0x00000000080038d4                stm32_gpio_intc_disable_line
 .text.stm32_gpio_intc_select_line_trigger
                0x00000000080038e4       0x50 zephyr/drivers/interrupt_controller/libdrivers__interrupt_controller.a(intc_exti_stm32.c.obj)
                0x00000000080038e4                stm32_gpio_intc_select_line_trigger
 .text.stm32_gpio_intc_set_irq_callback
                0x0000000008003934       0x40 zephyr/drivers/interrupt_controller/libdrivers__interrupt_controller.a(intc_exti_stm32.c.obj)
                0x0000000008003934                stm32_gpio_intc_set_irq_callback
 .text.stm32_gpio_intc_remove_irq_callback
                0x0000000008003974       0x24 zephyr/drivers/interrupt_controller/libdrivers__interrupt_controller.a(intc_exti_stm32.c.obj)
                0x0000000008003974                stm32_gpio_intc_remove_irq_callback
 .text.stm32_exti_get_line_src_port
                0x0000000008003998       0x30 zephyr/drivers/interrupt_controller/libdrivers__interrupt_controller.a(intc_exti_stm32.c.obj)
                0x0000000008003998                stm32_exti_get_line_src_port
 .text.stm32_clock_control_get_subsys_rate
                0x00000000080039c8       0xa0 zephyr/drivers/clock_control/libdrivers__clock_control.a(clock_stm32_ll_common.c.obj)
 .text.stm32_clock_control_init
                0x0000000008003a68      0x124 zephyr/drivers/clock_control/libdrivers__clock_control.a(clock_stm32_ll_common.c.obj)
                0x0000000008003a68                stm32_clock_control_init
 .text.get_pllsrc_frequency
                0x0000000008003b8c        0x8 zephyr/drivers/clock_control/libdrivers__clock_control.a(clock_stm32f2_f4_f7.c.obj)
                0x0000000008003b8c                get_pllsrc_frequency
 .text.config_pll_sysclock
                0x0000000008003b94       0x38 zephyr/drivers/clock_control/libdrivers__clock_control.a(clock_stm32f2_f4_f7.c.obj)
                0x0000000008003b94                config_pll_sysclock
 .text.config_enable_default_clocks
                0x0000000008003bcc       0x20 zephyr/drivers/clock_control/libdrivers__clock_control.a(clock_stm32f2_f4_f7.c.obj)
                0x0000000008003bcc                config_enable_default_clocks
 .text.uart_console_init
                0x0000000008003bec       0x28 zephyr/drivers/console/libdrivers__console.a(uart_console.c.obj)
 .text.console_out
                0x0000000008003c14       0x28 zephyr/drivers/console/libdrivers__console.a(uart_console.c.obj)
 .text.gpio_stm32_pin_interrupt_configure
                0x0000000008003c3c       0xb0 zephyr/drivers/gpio/libdrivers__gpio.a(gpio_stm32.c.obj)
 .text.gpio_stm32_init
                0x0000000008003cec       0x38 zephyr/drivers/gpio/libdrivers__gpio.a(gpio_stm32.c.obj)
 .text.pinctrl_configure_pins
                0x0000000008003d24       0x84 zephyr/drivers/pinctrl/libdrivers__pinctrl.a(pinctrl_stm32.c.obj)
                0x0000000008003d24                pinctrl_configure_pins
 .text.uart_stm32_irq_err_enable
                0x0000000008003da8       0x80 zephyr/drivers/serial/libdrivers__serial.a(uart_stm32.c.obj)
 .text.uart_stm32_irq_err_disable
                0x0000000008003e28       0x80 zephyr/drivers/serial/libdrivers__serial.a(uart_stm32.c.obj)
 .text.uart_stm32_parameters_set
                0x0000000008003ea8       0xf8 zephyr/drivers/serial/libdrivers__serial.a(uart_stm32.c.obj)
 .text.uart_stm32_configure
                0x0000000008003fa0      0x144 zephyr/drivers/serial/libdrivers__serial.a(uart_stm32.c.obj)
 .text.uart_stm32_init
                0x00000000080040e4       0xc0 zephyr/drivers/serial/libdrivers__serial.a(uart_stm32.c.obj)
 .text.elapsed  0x00000000080041a4       0x4c zephyr/drivers/timer/libdrivers__timer.a(cortex_m_systick.c.obj)
 .text.sys_clock_driver_init
                0x00000000080041f0       0x38 zephyr/drivers/timer/libdrivers__timer.a(cortex_m_systick.c.obj)
 .text.sys_clock_isr
                0x0000000008004228       0x60 zephyr/drivers/timer/libdrivers__timer.a(cortex_m_systick.c.obj)
                0x0000000008004228                sys_clock_isr
 .text.sys_clock_set_timeout
                0x0000000008004288       0xf8 zephyr/drivers/timer/libdrivers__timer.a(cortex_m_systick.c.obj)
                0x0000000008004288                sys_clock_set_timeout
 .text.sys_clock_elapsed
                0x0000000008004380       0x3c zephyr/drivers/timer/libdrivers__timer.a(cortex_m_systick.c.obj)
                0x0000000008004380                sys_clock_elapsed
 .text.sys_clock_cycle_get_32
                0x00000000080043bc       0x28 zephyr/drivers/timer/libdrivers__timer.a(cortex_m_systick.c.obj)
                0x00000000080043bc                sys_clock_cycle_get_32
 .text.HAL_RCC_GetSysClockFreq
                0x00000000080043e4       0x5c modules/hal_stm32/stm32cube/lib..__modules__hal__stm32__stm32cube.a(stm32f4xx_hal_rcc.c.obj)
                0x00000000080043e4                HAL_RCC_GetSysClockFreq
 .text.LL_SetFlashLatency
                0x0000000008004440      0x1bc modules/hal_stm32/stm32cube/lib..__modules__hal__stm32__stm32cube.a(stm32f4xx_ll_utils.c.obj)
                0x0000000008004440                LL_SetFlashLatency
 .text.z_device_get_all_static
                0x00000000080045fc       0x18 zephyr/kernel/libkernel.a(device.c.obj)
                0x00000000080045fc                z_device_get_all_static
 .text.z_impl_device_get_binding
                0x0000000008004614       0x48 zephyr/kernel/libkernel.a(device.c.obj)
                0x0000000008004614                z_impl_device_get_binding
 .text.z_fatal_error
                0x000000000800465c       0x30 zephyr/kernel/libkernel.a(fatal.c.obj)
                0x000000000800465c                z_fatal_error
 .text.z_sys_init_run_level
                0x000000000800468c       0x48 zephyr/kernel/libkernel.a(init.c.obj)
 .text.bg_thread_main
                0x00000000080046d4       0xc0 zephyr/kernel/libkernel.a(init.c.obj)
 .text.z_bss_zero
                0x0000000008004794       0x2c zephyr/kernel/libkernel.a(init.c.obj)
                0x0000000008004794                z_bss_zero
 .text.z_init_cpu
                0x00000000080047c0       0x8c zephyr/kernel/libkernel.a(init.c.obj)
                0x00000000080047c0                z_init_cpu
 .text.z_cstart
                0x000000000800484c       0xd0 zephyr/kernel/libkernel.a(init.c.obj)
                0x000000000800484c                z_cstart
 .text.z_impl_k_mutex_lock
                0x000000000800491c       0xf0 zephyr/kernel/libkernel.a(mutex.c.obj)
                0x000000000800491c                z_impl_k_mutex_lock
 .text.z_impl_k_mutex_unlock
                0x0000000008004a0c       0xa0 zephyr/kernel/libkernel.a(mutex.c.obj)
                0x0000000008004a0c                z_impl_k_mutex_unlock
 .text.z_impl_k_sem_give
                0x0000000008004aac       0x74 zephyr/kernel/libkernel.a(sem.c.obj)
                0x0000000008004aac                z_impl_k_sem_give
 .text.z_impl_k_sem_take
                0x0000000008004b20       0x4c zephyr/kernel/libkernel.a(sem.c.obj)
                0x0000000008004b20                z_impl_k_sem_take
 .text.z_impl_k_thread_name_set
                0x0000000008004b6c       0x20 zephyr/kernel/libkernel.a(thread.c.obj)
                0x0000000008004b6c                z_impl_k_thread_name_set
 .text.k_thread_state_str
                0x0000000008004b8c       0x84 zephyr/kernel/libkernel.a(thread.c.obj)
                0x0000000008004b8c                k_thread_state_str
 .text.z_setup_new_thread
                0x0000000008004c10      0x114 zephyr/kernel/libkernel.a(thread.c.obj)
                0x0000000008004c10                z_setup_new_thread
 .text.z_impl_k_thread_create
                0x0000000008004d24       0x58 zephyr/kernel/libkernel.a(thread.c.obj)
                0x0000000008004d24                z_impl_k_thread_create
 .text.z_thread_mark_switched_in
                0x0000000008004d7c        0xc zephyr/kernel/libkernel.a(thread.c.obj)
                0x0000000008004d7c                z_thread_mark_switched_in
 .text.z_dummy_thread_init
                0x0000000008004d88       0x1c zephyr/kernel/libkernel.a(thread.c.obj)
                0x0000000008004d88                z_dummy_thread_init
 .text.z_swap_irqlock
                0x0000000008004da4       0x34 zephyr/kernel/libkernel.a(sched.c.obj)
 .text.ready_thread
                0x0000000008004dd8       0x84 zephyr/kernel/libkernel.a(sched.c.obj)
 .text.unready_thread
                0x0000000008004e5c       0x54 zephyr/kernel/libkernel.a(sched.c.obj)
 .text.add_thread_timeout
                0x0000000008004eb0       0x1c zephyr/kernel/libkernel.a(sched.c.obj)
 .text.move_thread_to_end_of_prio_q
                0x0000000008004ecc       0x90 zephyr/kernel/libkernel.a(sched.c.obj)
                0x0000000008004ecc                move_thread_to_end_of_prio_q
 .text.z_impl_k_thread_suspend
                0x0000000008004f5c       0xf0 zephyr/kernel/libkernel.a(sched.c.obj)
                0x0000000008004f5c                z_impl_k_thread_suspend
 .text.z_pend_curr
                0x000000000800504c       0x44 zephyr/kernel/libkernel.a(sched.c.obj)
                0x000000000800504c                z_pend_curr
 .text.z_thread_prio_set
                0x0000000008005090       0xe4 zephyr/kernel/libkernel.a(sched.c.obj)
                0x0000000008005090                z_thread_prio_set
 .text.z_reschedule
                0x0000000008005174       0x24 zephyr/kernel/libkernel.a(sched.c.obj)
                0x0000000008005174                z_reschedule
 .text.z_impl_k_thread_resume
                0x0000000008005198       0x3c zephyr/kernel/libkernel.a(sched.c.obj)
                0x0000000008005198                z_impl_k_thread_resume
 .text.z_reschedule_irqlock
                0x00000000080051d4       0x28 zephyr/kernel/libkernel.a(sched.c.obj)
                0x00000000080051d4                z_reschedule_irqlock
 .text.k_sched_lock
                0x00000000080051fc       0x28 zephyr/kernel/libkernel.a(sched.c.obj)
                0x00000000080051fc                k_sched_lock
 .text.k_sched_unlock
                0x0000000008005224       0x68 zephyr/kernel/libkernel.a(sched.c.obj)
                0x0000000008005224                k_sched_unlock
 .text.z_sched_init
                0x000000000800528c       0x10 zephyr/kernel/libkernel.a(sched.c.obj)
                0x000000000800528c                z_sched_init
 .text.z_impl_k_yield
                0x000000000800529c       0x88 zephyr/kernel/libkernel.a(sched.c.obj)
                0x000000000800529c                z_impl_k_yield
 .text.z_tick_sleep
                0x0000000008005324       0x78 zephyr/kernel/libkernel.a(sched.c.obj)
 .text.z_impl_k_wakeup
                0x000000000800539c       0x48 zephyr/kernel/libkernel.a(sched.c.obj)
                0x000000000800539c                z_impl_k_wakeup
 .text.z_impl_k_sched_current_thread_query
                0x00000000080053e4        0xc zephyr/kernel/libkernel.a(sched.c.obj)
                0x00000000080053e4                z_impl_k_sched_current_thread_query
 .text.z_thread_abort
                0x00000000080053f0      0x140 zephyr/kernel/libkernel.a(sched.c.obj)
                0x00000000080053f0                z_thread_abort
 .text.z_sched_wait
                0x0000000008005530       0x24 zephyr/kernel/libkernel.a(sched.c.obj)
                0x0000000008005530                z_sched_wait
 .text.slice_timeout
                0x0000000008005554       0x20 zephyr/kernel/libkernel.a(timeslicing.c.obj)
 .text.thread_is_sliceable
                0x0000000008005574       0x3c zephyr/kernel/libkernel.a(timeslicing.c.obj)
                0x0000000008005574                thread_is_sliceable
 .text.z_reset_time_slice
                0x00000000080055b0       0x50 zephyr/kernel/libkernel.a(timeslicing.c.obj)
                0x00000000080055b0                z_reset_time_slice
 .text.z_time_slice
                0x0000000008005600       0x60 zephyr/kernel/libkernel.a(timeslicing.c.obj)
                0x0000000008005600                z_time_slice
 .text.z_thread_monitor_exit
                0x0000000008005660       0x44 zephyr/kernel/libkernel.a(thread_monitor.c.obj)
                0x0000000008005660                z_thread_monitor_exit
 .text.k_thread_foreach
                0x00000000080056a4       0x34 zephyr/kernel/libkernel.a(thread_monitor.c.obj)
                0x00000000080056a4                k_thread_foreach
 .text.k_thread_foreach_unlocked
                0x00000000080056d8       0x4c zephyr/kernel/libkernel.a(thread_monitor.c.obj)
                0x00000000080056d8                k_thread_foreach_unlocked
 .text.z_data_copy
                0x0000000008005724       0x50 zephyr/kernel/libkernel.a(xip.c.obj)
                0x0000000008005724                z_data_copy
 .text.first    0x0000000008005774       0x10 zephyr/kernel/libkernel.a(timeout.c.obj)
 .text.elapsed  0x0000000008005784       0x14 zephyr/kernel/libkernel.a(timeout.c.obj)
 .text.remove_timeout
                0x0000000008005798       0x38 zephyr/kernel/libkernel.a(timeout.c.obj)
 .text.z_add_timeout
                0x00000000080057d0      0x120 zephyr/kernel/libkernel.a(timeout.c.obj)
                0x00000000080057d0                z_add_timeout
 .text.sys_clock_announce
                0x00000000080058f0       0xc0 zephyr/kernel/libkernel.a(timeout.c.obj)
                0x00000000080058f0                sys_clock_announce
 .text.sys_clock_tick_get
                0x00000000080059b0       0x30 zephyr/kernel/libkernel.a(timeout.c.obj)
                0x00000000080059b0                sys_clock_tick_get
 .text.clear_event_registrations
                0x00000000080059e0       0x60 zephyr/kernel/libkernel.a(poll.c.obj)
 .text.z_impl_k_poll
                0x0000000008005a40       0xb0 zephyr/kernel/libkernel.a(poll.c.obj)
                0x0000000008005a40                z_impl_k_poll
 .text.z_impl_k_poll_signal_raise
                0x0000000008005af0       0x50 zephyr/kernel/libkernel.a(poll.c.obj)
                0x0000000008005af0                z_impl_k_poll_signal_raise
 .text.z_sched_usage_start
                0x0000000008005b40       0x18 zephyr/kernel/libkernel.a(usage.c.obj)
                0x0000000008005b40                z_sched_usage_start
 .text.z_sched_usage_stop
                0x0000000008005b58       0x54 zephyr/kernel/libkernel.a(usage.c.obj)
                0x0000000008005b58                z_sched_usage_stop
 .text.z_sched_cpu_usage
                0x0000000008005bac       0x84 zephyr/kernel/libkernel.a(usage.c.obj)
                0x0000000008005bac                z_sched_cpu_usage
 .text.z_sched_thread_usage
                0x0000000008005c30       0x78 zephyr/kernel/libkernel.a(usage.c.obj)
                0x0000000008005c30                z_sched_thread_usage
 .text.boot_banner
                0x0000000008005ca8        0xc zephyr/kernel/libkernel.a(banner.c.obj)
                0x0000000008005ca8                boot_banner
 .text.k_sys_work_q_init
                0x0000000008005cb4       0x2c zephyr/kernel/libkernel.a(system_work_q.c.obj)
 .text.work_queue_main
                0x0000000008005ce0      0x14c zephyr/kernel/libkernel.a(work.c.obj)
 .text.submit_to_queue_locked
                0x0000000008005e2c       0xb8 zephyr/kernel/libkernel.a(work.c.obj)
 .text.k_work_queue_start
                0x0000000008005ee4       0x80 zephyr/kernel/libkernel.a(work.c.obj)
                0x0000000008005ee4                k_work_queue_start
 .text.snprintf
                0x0000000008005f64       0x54 c:\zephyr-sdk\zephyr-sdk-0.17.2\arm-zephyr-eabi\bin\../lib/gcc/../../picolibc/arm-zephyr-eabi/lib/thumb/v7e-m/nofp\libc.a(libc_tinystdio_snprintf.c.o)
                0x0000000008005f64                snprintf
 .text.strtoul  0x0000000008005fb8       0xcc c:\zephyr-sdk\zephyr-sdk-0.17.2\arm-zephyr-eabi\bin\../lib/gcc/../../picolibc/arm-zephyr-eabi/lib/thumb/v7e-m/nofp\libc.a(libc_tinystdio_strtoul.c.o)
                0x0000000008005fb8                strtoul
 .text.__l_vfprintf
                0x0000000008006084      0x4b8 c:\zephyr-sdk\zephyr-sdk-0.17.2\arm-zephyr-eabi\bin\../lib/gcc/../../picolibc/arm-zephyr-eabi/lib/thumb/v7e-m/nofp\libc.a(libc_tinystdio_vflprintf.c.o)
                0x0000000008006084                __l_vfprintf
 .text._OffsetAbsSyms
                0x000000000800653c        0x2 zephyr/CMakeFiles/offsets.dir/./arch/arm/core/offsets/offsets.c.obj
                0x000000000800653c                _OffsetAbsSyms
 .text.gpio_pin_configure_dt.isra.0
                0x000000000800653e       0x3e app/libapp.a(main.c.obj)
 .text.chunk_size
                0x000000000800657c        0xa zephyr/libzephyr.a(heap.c.obj)
 .text.free_list_add
                0x0000000008006586       0x4e zephyr/libzephyr.a(heap.c.obj)
 .text.sys_heap_init
                0x00000000080065d4       0x7a zephyr/libzephyr.a(heap.c.obj)
                0x00000000080065d4                sys_heap_init
 .text.arch_printk_char_out
                0x000000000800664e        0x4 zephyr/libzephyr.a(printk.c.obj)
                0x000000000800664e                arch_printk_char_out
 .text.printk   0x0000000008006652       0x1a zephyr/libzephyr.a(printk.c.obj)
                0x0000000008006652                printk
 .text.ring_buf_area_claim
                0x000000000800666c       0x30 zephyr/libzephyr.a(ring_buffer.c.obj)
                0x000000000800666c                ring_buf_area_claim
 .text.ring_buf_put_claim
                0x000000000800669c       0x1e zephyr/libzephyr.a(ring_buffer.c.obj)
 .text.ring_buf_get_claim
                0x00000000080066ba       0x1e zephyr/libzephyr.a(ring_buffer.c.obj)
 .text.ring_buf_area_finish
                0x00000000080066d8       0x32 zephyr/libzephyr.a(ring_buffer.c.obj)
                0x00000000080066d8                ring_buf_area_finish
 .text.ring_buf_put
                0x000000000800670a       0x40 zephyr/libzephyr.a(ring_buffer.c.obj)
                0x000000000800670a                ring_buf_put
 .text.ring_buf_get
                0x000000000800674a       0x44 zephyr/libzephyr.a(ring_buffer.c.obj)
                0x000000000800674a                ring_buf_get
 .text._ConfigAbsSyms
                0x000000000800678e        0x2 zephyr/libzephyr.a(configs.c.obj)
                0x000000000800678e                _ConfigAbsSyms
 .text.thread_valid_cb
                0x0000000008006790        0xc zephyr/libzephyr.a(thread.c.obj)
 .text.uart_irq_tx_disable
                0x000000000800679c        0xa zephyr/libzephyr.a(shell_uart.c.obj)
 .text.enable   0x00000000080067a6       0x12 zephyr/libzephyr.a(shell_uart.c.obj)
 .text.read_uart
                0x00000000080067b8       0x12 zephyr/libzephyr.a(shell_uart.c.obj)
 .text.uninit   0x00000000080067ca       0x20 zephyr/libzephyr.a(shell_uart.c.obj)
 .text.write_uart
                0x00000000080067ea       0x6c zephyr/libzephyr.a(shell_uart.c.obj)
 .text.uart_callback
                0x0000000008006856      0x112 zephyr/libzephyr.a(shell_uart.c.obj)
 .text.cmd_buffer_clear
                0x0000000008006968       0x16 zephyr/libzephyr.a(shell.c.obj)
 .text.atomic_or
                0x000000000800697e       0x1e zephyr/libzephyr.a(shell.c.obj)
 .text.atomic_and
                0x000000000800699c       0x1e zephyr/libzephyr.a(shell.c.obj)
 .text.k_mutex_lock
                0x00000000080069ba        0x4 zephyr/libzephyr.a(shell.c.obj)
 .text.shell_signal_handle
                0x00000000080069be       0x2c zephyr/libzephyr.a(shell.c.obj)
 .text.z_shell_raw_fprintf
                0x00000000080069ea       0x1a zephyr/libzephyr.a(shell.c.obj)
 .text.z_shell_strlen
                0x0000000008006a04        0xc zephyr/libzephyr.a(shell.c.obj)
 .text.transport_evt_handler
                0x0000000008006a10       0x14 zephyr/libzephyr.a(shell.c.obj)
 .text.z_flag_cmd_ctx_set.isra.0
                0x0000000008006a24       0x16 zephyr/libzephyr.a(shell.c.obj)
 .text.z_flag_history_exit_set.isra.0
                0x0000000008006a3a       0x14 zephyr/libzephyr.a(shell.c.obj)
 .text.z_flag_insert_mode_set.isra.0
                0x0000000008006a4e       0x1e zephyr/libzephyr.a(shell.c.obj)
 .text.k_mutex_unlock.isra.0
                0x0000000008006a6c        0x4 zephyr/libzephyr.a(shell.c.obj)
 .text.shell_start
                0x0000000008006a70       0x52 zephyr/libzephyr.a(shell.c.obj)
                0x0000000008006a70                shell_start
 .text.shell_vfprintf
                0x0000000008006ac2       0x8c zephyr/libzephyr.a(shell.c.obj)
                0x0000000008006ac2                shell_vfprintf
 .text.shell_fprintf_impl
                0x0000000008006b4e       0x1a zephyr/libzephyr.a(shell.c.obj)
                0x0000000008006b4e                shell_fprintf_impl
 .text.shell_fprintf_normal
                0x0000000008006b68       0x1c zephyr/libzephyr.a(shell.c.obj)
                0x0000000008006b68                shell_fprintf_normal
 .text.shell_fprintf_warn
                0x0000000008006b84       0x1c zephyr/libzephyr.a(shell.c.obj)
                0x0000000008006b84                shell_fprintf_warn
 .text.shell_fprintf_error
                0x0000000008006ba0       0x1c zephyr/libzephyr.a(shell.c.obj)
                0x0000000008006ba0                shell_fprintf_error
 .text.shell_prompt_change
                0x0000000008006bbc       0x5c zephyr/libzephyr.a(shell.c.obj)
                0x0000000008006bbc                shell_prompt_change
 .text.shell_get_return_value
                0x0000000008006c18       0x10 zephyr/libzephyr.a(shell.c.obj)
                0x0000000008006c18                shell_get_return_value
 .text.shell_set_bypass
                0x0000000008006c28        0xc zephyr/libzephyr.a(shell.c.obj)
                0x0000000008006c28                shell_set_bypass
 .text.z_shell_fprintf_buffer_flush
                0x0000000008006c34       0x18 zephyr/libzephyr.a(shell_fprintf.c.obj)
                0x0000000008006c34                z_shell_fprintf_buffer_flush
 .text.out_func
                0x0000000008006c4c       0x3c zephyr/libzephyr.a(shell_fprintf.c.obj)
 .text.z_shell_strlen
                0x0000000008006c88        0xc zephyr/libzephyr.a(shell_utils.c.obj)
 .text.z_column_span_with_buffer_offsets_get
                0x0000000008006c94       0x1e zephyr/libzephyr.a(shell_utils.c.obj)
                0x0000000008006c94                z_column_span_with_buffer_offsets_get
 .text.z_row_span_with_buffer_offsets_get
                0x0000000008006cb2       0x16 zephyr/libzephyr.a(shell_utils.c.obj)
                0x0000000008006cb2                z_row_span_with_buffer_offsets_get
 .text.z_shell_multiline_data_calc
                0x0000000008006cc8       0x2c zephyr/libzephyr.a(shell_utils.c.obj)
                0x0000000008006cc8                z_shell_multiline_data_calc
 .text.z_shell_make_argv
                0x0000000008006cf4      0x1a0 zephyr/libzephyr.a(shell_utils.c.obj)
                0x0000000008006cf4                z_shell_make_argv
 .text.z_shell_pattern_remove
                0x0000000008006e94       0x4e zephyr/libzephyr.a(shell_utils.c.obj)
                0x0000000008006e94                z_shell_pattern_remove
 .text.z_shell_find_cmd
                0x0000000008006ee2       0x56 zephyr/libzephyr.a(shell_utils.c.obj)
                0x0000000008006ee2                z_shell_find_cmd
 .text.z_shell_get_last_command
                0x0000000008006f38       0x5c zephyr/libzephyr.a(shell_utils.c.obj)
                0x0000000008006f38                z_shell_get_last_command
 .text.z_shell_spaces_trim
                0x0000000008006f94       0x62 zephyr/libzephyr.a(shell_utils.c.obj)
                0x0000000008006f94                z_shell_spaces_trim
 .text.z_shell_cmd_trim
                0x0000000008006ff6       0x76 zephyr/libzephyr.a(shell_utils.c.obj)
                0x0000000008006ff6                z_shell_cmd_trim
 .text.z_shell_raw_fprintf
                0x000000000800706c       0x1a zephyr/libzephyr.a(shell_ops.c.obj)
 .text.full_line_cmd.isra.0
                0x0000000008007086       0x24 zephyr/libzephyr.a(shell_ops.c.obj)
 .text.z_shell_cursor_in_empty_line
                0x00000000080070aa       0x2e zephyr/libzephyr.a(shell_ops.c.obj)
                0x00000000080070aa                z_shell_cursor_in_empty_line
 .text.z_shell_op_cond_next_line
                0x00000000080070d8       0x1e zephyr/libzephyr.a(shell_ops.c.obj)
                0x00000000080070d8                z_shell_op_cond_next_line
 .text.z_shell_op_cursor_position_synchronize
                0x00000000080070f6       0x4a zephyr/libzephyr.a(shell_ops.c.obj)
                0x00000000080070f6                z_shell_op_cursor_position_synchronize
 .text.z_shell_op_cursor_move
                0x0000000008007140       0x52 zephyr/libzephyr.a(shell_ops.c.obj)
                0x0000000008007140                z_shell_op_cursor_move
 .text.z_shell_op_cursor_word_move
                0x0000000008007192       0x7c zephyr/libzephyr.a(shell_ops.c.obj)
                0x0000000008007192                z_shell_op_cursor_word_move
 .text.z_shell_op_cursor_home_move
                0x000000000800720e        0xe zephyr/libzephyr.a(shell_ops.c.obj)
                0x000000000800720e                z_shell_op_cursor_home_move
 .text.z_shell_op_cursor_end_move
                0x000000000800721c       0x12 zephyr/libzephyr.a(shell_ops.c.obj)
                0x000000000800721c                z_shell_op_cursor_end_move
 .text.z_shell_op_left_arrow
                0x000000000800722e       0x12 zephyr/libzephyr.a(shell_ops.c.obj)
                0x000000000800722e                z_shell_op_left_arrow
 .text.z_shell_op_right_arrow
                0x0000000008007240       0x16 zephyr/libzephyr.a(shell_ops.c.obj)
                0x0000000008007240                z_shell_op_right_arrow
 .text.z_shell_op_delete_from_cursor
                0x0000000008007256       0x1c zephyr/libzephyr.a(shell_ops.c.obj)
                0x0000000008007256                z_shell_op_delete_from_cursor
 .text.z_shell_cmd_line_erase
                0x0000000008007272       0x38 zephyr/libzephyr.a(shell_ops.c.obj)
                0x0000000008007272                z_shell_cmd_line_erase
 .text.z_shell_write
                0x00000000080072aa       0x88 zephyr/libzephyr.a(shell_ops.c.obj)
                0x00000000080072aa                z_shell_write
 .text.z_shell_print_stream
                0x0000000008007332        0x4 zephyr/libzephyr.a(shell_ops.c.obj)
                0x0000000008007332                z_shell_print_stream
 .text.z_shell_vfprintf
                0x0000000008007336       0x4a zephyr/libzephyr.a(shell_ops.c.obj)
                0x0000000008007336                z_shell_vfprintf
 .text.z_shell_fprintf
                0x0000000008007380       0x1a zephyr/libzephyr.a(shell_ops.c.obj)
                0x0000000008007380                z_shell_fprintf
 .text.data_insert
                0x000000000800739a       0x74 zephyr/libzephyr.a(shell_ops.c.obj)
 .text.z_shell_op_completion_insert
                0x000000000800740e        0x4 zephyr/libzephyr.a(shell_ops.c.obj)
                0x000000000800740e                z_shell_op_completion_insert
 .text.z_shell_op_char_delete
                0x0000000008007412       0x3e zephyr/libzephyr.a(shell_ops.c.obj)
                0x0000000008007412                z_shell_op_char_delete
 .text.z_shell_op_char_backspace
                0x0000000008007450       0x26 zephyr/libzephyr.a(shell_ops.c.obj)
                0x0000000008007450                z_shell_op_char_backspace
 .text.z_shell_backend_rx_buffer_flush
                0x0000000008007476       0x2a zephyr/libzephyr.a(shell_ops.c.obj)
                0x0000000008007476                z_shell_backend_rx_buffer_flush
 .text.z_shell_raw_fprintf
                0x00000000080074a0       0x1a zephyr/libzephyr.a(shell_help.c.obj)
 .text.formatted_text_print.constprop.0
                0x00000000080074ba       0xd4 zephyr/libzephyr.a(shell_help.c.obj)
 .text.cmd_comment
                0x000000000800758e        0x4 zephyr/libzephyr.a(shell_cmds.c.obj)
 .text.cmd_shell_stats_reset
                0x0000000008007592        0x8 zephyr/libzephyr.a(shell_cmds.c.obj)
 .text.z_shell_raw_fprintf
                0x000000000800759a       0x1a zephyr/libzephyr.a(shell_cmds.c.obj)
 .text.cmd_prompt_on
                0x00000000080075b4        0xc zephyr/libzephyr.a(shell_cmds.c.obj)
 .text.cmd_vt100_off
                0x00000000080075c0       0x22 zephyr/libzephyr.a(shell_cmds.c.obj)
 .text.cmd_bacskpace_mode_delete
                0x00000000080075e2       0x22 zephyr/libzephyr.a(shell_cmds.c.obj)
 .text.cmd_colors_off
                0x0000000008007604       0x22 zephyr/libzephyr.a(shell_cmds.c.obj)
 .text.cmd_bacskpace_mode_backspace
                0x0000000008007626       0x22 zephyr/libzephyr.a(shell_cmds.c.obj)
 .text.cmd_echo_off
                0x0000000008007648       0x22 zephyr/libzephyr.a(shell_cmds.c.obj)
 .text.cmd_colors_on
                0x000000000800766a       0x22 zephyr/libzephyr.a(shell_cmds.c.obj)
 .text.cmd_vt100_on
                0x000000000800768c       0x22 zephyr/libzephyr.a(shell_cmds.c.obj)
 .text.cmd_echo_on
                0x00000000080076ae       0x22 zephyr/libzephyr.a(shell_cmds.c.obj)
 .text.remove_from_tail.part.0
                0x00000000080076d0       0x24 zephyr/libzephyr.a(shell_history.c.obj)
 .text.z_shell_history_mode_exit
                0x00000000080076f4        0x6 zephyr/libzephyr.a(shell_history.c.obj)
                0x00000000080076f4                z_shell_history_mode_exit
 .text.z_shell_history_get
                0x00000000080076fa       0x56 zephyr/libzephyr.a(shell_history.c.obj)
                0x00000000080076fa                z_shell_history_get
 .text.z_shell_history_purge
                0x0000000008007750       0x18 zephyr/libzephyr.a(shell_history.c.obj)
                0x0000000008007750                z_shell_history_purge
 .text.z_shell_history_put
                0x0000000008007768       0xf0 zephyr/libzephyr.a(shell_history.c.obj)
                0x0000000008007768                z_shell_history_put
 .text.z_shell_history_init
                0x0000000008007858        0xc zephyr/libzephyr.a(shell_history.c.obj)
                0x0000000008007858                z_shell_history_init
 .text.z_shell_has_wildcard
                0x0000000008007864       0x28 zephyr/libzephyr.a(shell_wildcard.c.obj)
                0x0000000008007864                z_shell_has_wildcard
 .text.z_shell_wildcard_prepare
                0x000000000800788c       0x42 zephyr/libzephyr.a(shell_wildcard.c.obj)
                0x000000000800788c                z_shell_wildcard_prepare
 .text.z_shell_wildcard_finalize
                0x00000000080078ce       0x20 zephyr/libzephyr.a(shell_wildcard.c.obj)
                0x00000000080078ce                z_shell_wildcard_finalize
 .text.z_arm_fatal_error
                0x00000000080078ee        0xc zephyr/arch/arch/arm/core/libarch__arm__core.a(fatal.c.obj)
                0x00000000080078ee                z_arm_fatal_error
 .text.z_do_kernel_oops
                0x00000000080078fa        0x8 zephyr/arch/arch/arm/core/libarch__arm__core.a(fatal.c.obj)
                0x00000000080078fa                z_do_kernel_oops
 .text.z_arm_nmi
                0x0000000008007902        0xe zephyr/arch/arch/arm/core/libarch__arm__core.a(nmi.c.obj)
                0x0000000008007902                z_arm_nmi
 .text.z_irq_spurious
                0x0000000008007910        0x8 zephyr/arch/arch/arm/core/cortex_m/libarch__arm__core__cortex_m.a(irq_manage.c.obj)
                0x0000000008007910                z_irq_spurious
 .text.arch_irq_unlock_outlined
                0x0000000008007918        0xe zephyr/arch/arch/arm/core/cortex_m/libarch__arm__core__cortex_m.a(thread.c.obj)
                0x0000000008007918                arch_irq_unlock_outlined
 .text.arch_cpu_idle
                0x0000000008007926       0x1a zephyr/arch/arch/arm/core/cortex_m/libarch__arm__core__cortex_m.a(cpu_idle.c.obj)
                0x0000000008007926                arch_cpu_idle
 .text.size_to_mpu_rasr_size
                0x0000000008007940       0x20 zephyr/arch/arch/arm/core/mpu/libarch__arm__core__mpu.a(arm_mpu.c.obj)
 .text.cbputc   0x0000000008007960        0xc zephyr/lib/libc/picolibc/liblib__libc__picolibc.a(cbprintf.c.obj)
 .text.picolibc_put
                0x000000000800796c        0xa zephyr/lib/libc/picolibc/liblib__libc__picolibc.a(stdio.c.obj)
 .text.foldcase
                0x0000000008007976       0x10 zephyr/lib/posix/options/liblib__posix__options.a(fnmatch.c.obj)
 .text.fnmatchx
                0x0000000008007986      0x268 zephyr/lib/posix/options/liblib__posix__options.a(fnmatch.c.obj)
 .text.fnmatch  0x0000000008007bee        0x6 zephyr/lib/posix/options/liblib__posix__options.a(fnmatch.c.obj)
                0x0000000008007bee                fnmatch
 .text.stm32_gpio_intc_get_pin_irq_line
                0x0000000008007bf4        0x6 zephyr/drivers/interrupt_controller/libdrivers__interrupt_controller.a(intc_exti_stm32.c.obj)
                0x0000000008007bf4                stm32_gpio_intc_get_pin_irq_line
 .text.stm32_exti_set_line_src_port
                0x0000000008007bfa       0x36 zephyr/drivers/interrupt_controller/libdrivers__interrupt_controller.a(intc_exti_stm32.c.obj)
                0x0000000008007bfa                stm32_exti_set_line_src_port
 .text.stm32_clock_control_on
                0x0000000008007c30       0x44 zephyr/drivers/clock_control/libdrivers__clock_control.a(clock_stm32_ll_common.c.obj)
 .text.stm32_clock_control_off
                0x0000000008007c74       0x2c zephyr/drivers/clock_control/libdrivers__clock_control.a(clock_stm32_ll_common.c.obj)
 .text.enabled_clock
                0x0000000008007ca0       0x1c zephyr/drivers/clock_control/libdrivers__clock_control.a(clock_stm32_ll_common.c.obj)
                0x0000000008007ca0                enabled_clock
 .text.stm32_clock_control_configure
                0x0000000008007cbc       0x52 zephyr/drivers/clock_control/libdrivers__clock_control.a(clock_stm32_ll_common.c.obj)
 .text.stm32_clock_control_get_status
                0x0000000008007d0e       0x38 zephyr/drivers/clock_control/libdrivers__clock_control.a(clock_stm32_ll_common.c.obj)
 .text.config_regulator_voltage
                0x0000000008007d46        0x2 zephyr/drivers/clock_control/libdrivers__clock_control.a(clock_stm32_ll_common.c.obj)
                0x0000000008007d46                config_regulator_voltage
 .text.gpio_stm32_port_get_raw
                0x0000000008007d48        0xc zephyr/drivers/gpio/libdrivers__gpio.a(gpio_stm32.c.obj)
 .text.gpio_stm32_port_set_masked_raw
                0x0000000008007d54       0x12 zephyr/drivers/gpio/libdrivers__gpio.a(gpio_stm32.c.obj)
 .text.gpio_stm32_port_set_bits_raw
                0x0000000008007d66        0xa zephyr/drivers/gpio/libdrivers__gpio.a(gpio_stm32.c.obj)
 .text.gpio_stm32_port_clear_bits_raw
                0x0000000008007d70        0xc zephyr/drivers/gpio/libdrivers__gpio.a(gpio_stm32.c.obj)
 .text.gpio_stm32_port_toggle_bits
                0x0000000008007d7c        0xe zephyr/drivers/gpio/libdrivers__gpio.a(gpio_stm32.c.obj)
 .text.gpio_stm32_manage_callback
                0x0000000008007d8a       0x52 zephyr/drivers/gpio/libdrivers__gpio.a(gpio_stm32.c.obj)
 .text.gpio_stm32_configure_raw.isra.0
                0x0000000008007ddc      0x106 zephyr/drivers/gpio/libdrivers__gpio.a(gpio_stm32.c.obj)
 .text.gpio_stm32_config
                0x0000000008007ee2       0xd8 zephyr/drivers/gpio/libdrivers__gpio.a(gpio_stm32.c.obj)
 .text.gpio_stm32_isr
                0x0000000008007fba       0x2c zephyr/drivers/gpio/libdrivers__gpio.a(gpio_stm32.c.obj)
 .text.gpio_stm32_configure
                0x0000000008007fe6       0x30 zephyr/drivers/gpio/libdrivers__gpio.a(gpio_stm32.c.obj)
                0x0000000008007fe6                gpio_stm32_configure
 .text.pinctrl_lookup_state
                0x0000000008008016       0x26 zephyr/drivers/pinctrl/libdrivers__pinctrl.a(common.c.obj)
                0x0000000008008016                pinctrl_lookup_state
 .text.reset_stm32_status
                0x000000000800803c       0x20 zephyr/drivers/reset/libdrivers__reset.a(reset_stm32.c.obj)
 .text.reset_stm32_line_assert
                0x000000000800805c       0x1c zephyr/drivers/reset/libdrivers__reset.a(reset_stm32.c.obj)
 .text.reset_stm32_line_deassert
                0x0000000008008078       0x1e zephyr/drivers/reset/libdrivers__reset.a(reset_stm32.c.obj)
 .text.reset_stm32_line_toggle
                0x0000000008008096       0x16 zephyr/drivers/reset/libdrivers__reset.a(reset_stm32.c.obj)
 .text.LL_USART_ClearFlag_PE
                0x00000000080080ac       0x12 zephyr/drivers/serial/libdrivers__serial.a(uart_stm32.c.obj)
 .text.uart_stm32_err_check
                0x00000000080080be       0x5e zephyr/drivers/serial/libdrivers__serial.a(uart_stm32.c.obj)
 .text.uart_stm32_irq_tx_enable
                0x000000000800811c       0x1e zephyr/drivers/serial/libdrivers__serial.a(uart_stm32.c.obj)
 .text.uart_stm32_irq_tx_disable
                0x000000000800813a       0x1e zephyr/drivers/serial/libdrivers__serial.a(uart_stm32.c.obj)
 .text.uart_stm32_irq_tx_ready
                0x0000000008008158       0x14 zephyr/drivers/serial/libdrivers__serial.a(uart_stm32.c.obj)
 .text.uart_stm32_irq_tx_complete
                0x000000000800816c        0xc zephyr/drivers/serial/libdrivers__serial.a(uart_stm32.c.obj)
 .text.uart_stm32_irq_rx_enable
                0x0000000008008178       0x1e zephyr/drivers/serial/libdrivers__serial.a(uart_stm32.c.obj)
 .text.uart_stm32_irq_rx_disable
                0x0000000008008196       0x1e zephyr/drivers/serial/libdrivers__serial.a(uart_stm32.c.obj)
 .text.uart_stm32_irq_rx_ready
                0x00000000080081b4        0xc zephyr/drivers/serial/libdrivers__serial.a(uart_stm32.c.obj)
 .text.uart_stm32_irq_is_pending
                0x00000000080081c0       0x24 zephyr/drivers/serial/libdrivers__serial.a(uart_stm32.c.obj)
 .text.uart_stm32_irq_update
                0x00000000080081e4        0x4 zephyr/drivers/serial/libdrivers__serial.a(uart_stm32.c.obj)
 .text.uart_stm32_irq_callback_set
                0x00000000080081e8        0x8 zephyr/drivers/serial/libdrivers__serial.a(uart_stm32.c.obj)
 .text.uart_stm32_isr
                0x00000000080081f0        0xc zephyr/drivers/serial/libdrivers__serial.a(uart_stm32.c.obj)
 .text.uart_stm32_irq_config_func_0
                0x00000000080081fc       0x16 zephyr/drivers/serial/libdrivers__serial.a(uart_stm32.c.obj)
 .text.uart_stm32_set_baudrate
                0x0000000008008212       0x52 zephyr/drivers/serial/libdrivers__serial.a(uart_stm32.c.obj)
 .text.uart_stm32_poll_out
                0x0000000008008264       0x36 zephyr/drivers/serial/libdrivers__serial.a(uart_stm32.c.obj)
 .text.uart_stm32_poll_in
                0x000000000800829a       0x22 zephyr/drivers/serial/libdrivers__serial.a(uart_stm32.c.obj)
 .text.uart_stm32_fifo_read
                0x00000000080082bc       0x42 zephyr/drivers/serial/libdrivers__serial.a(uart_stm32.c.obj)
 .text.uart_stm32_fifo_fill
                0x00000000080082fe       0x50 zephyr/drivers/serial/libdrivers__serial.a(uart_stm32.c.obj)
 .text.uart_stm32_config_get
                0x000000000800834e       0x8e zephyr/drivers/serial/libdrivers__serial.a(uart_stm32.c.obj)
 .text.z_impl_k_busy_wait
                0x00000000080083dc       0x1c zephyr/kernel/libkernel.a(busy_wait.c.obj)
                0x00000000080083dc                z_impl_k_busy_wait
 .text.z_device_state_init
                0x00000000080083f8        0x2 zephyr/kernel/libkernel.a(device.c.obj)
                0x00000000080083f8                z_device_state_init
 .text.z_impl_device_is_ready
                0x00000000080083fa       0x16 zephyr/kernel/libkernel.a(device.c.obj)
                0x00000000080083fa                z_impl_device_is_ready
 .text.arch_system_halt
                0x0000000008008410       0x10 zephyr/kernel/libkernel.a(fatal.c.obj)
                0x0000000008008410                arch_system_halt
 .text.k_sys_fatal_error_handler
                0x0000000008008420        0x6 zephyr/kernel/libkernel.a(fatal.c.obj)
                0x0000000008008420                k_sys_fatal_error_handler
 .text.do_device_init
                0x0000000008008426       0x2e zephyr/kernel/libkernel.a(init.c.obj)
 .text.z_early_memset
                0x0000000008008454        0x4 zephyr/kernel/libkernel.a(init.c.obj)
                0x0000000008008454                z_early_memset
 .text.z_early_memcpy
                0x0000000008008458        0x4 zephyr/kernel/libkernel.a(init.c.obj)
                0x0000000008008458                z_early_memcpy
 .text.idle     0x000000000800845c       0x16 zephyr/kernel/libkernel.a(idle.c.obj)
                0x000000000800845c                idle
 .text.adjust_owner_prio.isra.0
                0x0000000008008472       0x10 zephyr/kernel/libkernel.a(mutex.c.obj)
 .text.z_impl_k_mutex_init
                0x0000000008008482        0xe zephyr/kernel/libkernel.a(mutex.c.obj)
                0x0000000008008482                z_impl_k_mutex_init
 .text.k_is_in_isr
                0x0000000008008490        0xc zephyr/kernel/libkernel.a(thread.c.obj)
                0x0000000008008490                k_is_in_isr
 .text.k_thread_name_get
                0x000000000800849c        0x4 zephyr/kernel/libkernel.a(thread.c.obj)
                0x000000000800849c                k_thread_name_get
 .text.z_stack_space_get
                0x00000000080084a0       0x18 zephyr/kernel/libkernel.a(thread.c.obj)
                0x00000000080084a0                z_stack_space_get
 .text.z_impl_k_thread_stack_space_get
                0x00000000080084b8        0xa zephyr/kernel/libkernel.a(thread.c.obj)
                0x00000000080084b8                z_impl_k_thread_stack_space_get
 .text.z_thread_mark_switched_out
                0x00000000080084c2        0x4 zephyr/kernel/libkernel.a(thread.c.obj)
                0x00000000080084c2                z_thread_mark_switched_out
 .text.k_thread_runtime_stats_get
                0x00000000080084c6       0x14 zephyr/kernel/libkernel.a(thread.c.obj)
                0x00000000080084c6                k_thread_runtime_stats_get
 .text.k_thread_runtime_stats_all_get
                0x00000000080084da       0x5a zephyr/kernel/libkernel.a(thread.c.obj)
                0x00000000080084da                k_thread_runtime_stats_all_get
 .text.sys_dlist_remove
                0x0000000008008534       0x10 zephyr/kernel/libkernel.a(sched.c.obj)
 .text.unpend_thread_no_timeout
                0x0000000008008544       0x14 zephyr/kernel/libkernel.a(sched.c.obj)
 .text.add_to_waitq_locked
                0x0000000008008558       0x50 zephyr/kernel/libkernel.a(sched.c.obj)
 .text.z_ready_thread
                0x00000000080085a8       0x1e zephyr/kernel/libkernel.a(sched.c.obj)
                0x00000000080085a8                z_ready_thread
 .text.z_unpend_thread_no_timeout
                0x00000000080085c6       0x22 zephyr/kernel/libkernel.a(sched.c.obj)
                0x00000000080085c6                z_unpend_thread_no_timeout
 .text.z_sched_wake_thread
                0x00000000080085e8       0x3a zephyr/kernel/libkernel.a(sched.c.obj)
                0x00000000080085e8                z_sched_wake_thread
 .text.z_thread_timeout
                0x0000000008008622        0x8 zephyr/kernel/libkernel.a(sched.c.obj)
                0x0000000008008622                z_thread_timeout
 .text.z_unpend1_no_timeout
                0x000000000800862a       0x2c zephyr/kernel/libkernel.a(sched.c.obj)
                0x000000000800862a                z_unpend1_no_timeout
 .text.z_unpend_thread
                0x0000000008008656       0x10 zephyr/kernel/libkernel.a(sched.c.obj)
                0x0000000008008656                z_unpend_thread
 .text.z_impl_k_sleep
                0x0000000008008666       0x50 zephyr/kernel/libkernel.a(sched.c.obj)
                0x0000000008008666                z_impl_k_sleep
 .text.z_sched_wake
                0x00000000080086b6       0x46 zephyr/kernel/libkernel.a(sched.c.obj)
                0x00000000080086b6                z_sched_wake
 .text.next_timeout
                0x00000000080086fc       0x2e zephyr/kernel/libkernel.a(timeout.c.obj)
 .text.z_abort_timeout
                0x000000000800872a       0x50 zephyr/kernel/libkernel.a(timeout.c.obj)
                0x000000000800872a                z_abort_timeout
 .text.sys_clock_tick_get_32
                0x000000000800877a        0x8 zephyr/kernel/libkernel.a(timeout.c.obj)
                0x000000000800877a                sys_clock_tick_get_32
 .text.z_impl_k_uptime_ticks
                0x0000000008008782        0x4 zephyr/kernel/libkernel.a(timeout.c.obj)
                0x0000000008008782                z_impl_k_uptime_ticks
 .text.z_impl_k_timer_stop
                0x0000000008008786       0x38 zephyr/kernel/libkernel.a(timer.c.obj)
                0x0000000008008786                z_impl_k_timer_stop
 .text.add_event
                0x00000000080087be       0x54 zephyr/kernel/libkernel.a(poll.c.obj)
 .text.register_events
                0x0000000008008812      0x106 zephyr/kernel/libkernel.a(poll.c.obj)
 .text.signal_poll_event
                0x0000000008008918       0x86 zephyr/kernel/libkernel.a(poll.c.obj)
 .text.k_poll_event_init
                0x000000000800899e       0x1e zephyr/kernel/libkernel.a(poll.c.obj)
                0x000000000800899e                k_poll_event_init
 .text.z_handle_obj_poll_events
                0x00000000080089bc       0x3e zephyr/kernel/libkernel.a(poll.c.obj)
                0x00000000080089bc                z_handle_obj_poll_events
 .text.z_impl_k_poll_signal_init
                0x00000000080089fa        0xa zephyr/kernel/libkernel.a(poll.c.obj)
                0x00000000080089fa                z_impl_k_poll_signal_init
 .text.z_impl_k_poll_signal_reset
                0x0000000008008a04        0x6 zephyr/kernel/libkernel.a(poll.c.obj)
                0x0000000008008a04                z_impl_k_poll_signal_reset
 .text.z_impl_k_poll_signal_check
                0x0000000008008a0a        0xa zephyr/kernel/libkernel.a(poll.c.obj)
                0x0000000008008a0a                z_impl_k_poll_signal_check
 .text.sched_cpu_update_usage
                0x0000000008008a14       0x20 zephyr/kernel/libkernel.a(usage.c.obj)
 .text.flag_test_and_clear
                0x0000000008008a34       0x16 zephyr/kernel/libkernel.a(work.c.obj)
 .text.notify_queue_locked.isra.0
                0x0000000008008a4a        0xe zephyr/kernel/libkernel.a(work.c.obj)
 .text.z_work_submit_to_queue
                0x0000000008008a58       0x26 zephyr/kernel/libkernel.a(work.c.obj)
                0x0000000008008a58                z_work_submit_to_queue
 .text.memcpy   0x0000000008008a7e       0x1c c:\zephyr-sdk\zephyr-sdk-0.17.2\arm-zephyr-eabi\bin\../lib/gcc/../../picolibc/arm-zephyr-eabi/lib/thumb/v7e-m/nofp\libc.a(memcpy.c.o)
                0x0000000008008a7e                __aeabi_memcpy
                0x0000000008008a7e                __aeabi_memcpy4
                0x0000000008008a7e                __aeabi_memcpy8
                0x0000000008008a7e                memcpy
 .text.memmove  0x0000000008008a9a       0x34 c:\zephyr-sdk\zephyr-sdk-0.17.2\arm-zephyr-eabi\bin\../lib/gcc/../../picolibc/arm-zephyr-eabi/lib/thumb/v7e-m/nofp\libc.a(memmove.c.o)
                0x0000000008008a9a                __aeabi_memmove8
                0x0000000008008a9a                __aeabi_memmove
                0x0000000008008a9a                __aeabi_memmove4
                0x0000000008008a9a                memmove
 .text.memset   0x0000000008008ace       0x10 c:\zephyr-sdk\zephyr-sdk-0.17.2\arm-zephyr-eabi\bin\../lib/gcc/../../picolibc/arm-zephyr-eabi/lib/thumb/v7e-m/nofp\libc.a(memset.c.o)
                0x0000000008008ace                memset
 .text.memcmp   0x0000000008008ade       0x20 c:\zephyr-sdk\zephyr-sdk-0.17.2\arm-zephyr-eabi\bin\../lib/gcc/../../picolibc/arm-zephyr-eabi/lib/thumb/v7e-m/nofp\libc.a(libc_string_memcmp.c.o)
                0x0000000008008ade                memcmp
 .text.strchr   0x0000000008008afe       0x1a c:\zephyr-sdk\zephyr-sdk-0.17.2\arm-zephyr-eabi\bin\../lib/gcc/../../picolibc/arm-zephyr-eabi/lib/thumb/v7e-m/nofp\libc.a(libc_string_strchr.c.o)
                0x0000000008008afe                strchr
 .text.strncmp  0x0000000008008b18       0x24 c:\zephyr-sdk\zephyr-sdk-0.17.2\arm-zephyr-eabi\bin\../lib/gcc/../../picolibc/arm-zephyr-eabi/lib/thumb/v7e-m/nofp\libc.a(libc_string_strncmp.c.o)
                0x0000000008008b18                strncmp
 .text.strncpy  0x0000000008008b3c       0x20 c:\zephyr-sdk\zephyr-sdk-0.17.2\arm-zephyr-eabi\bin\../lib/gcc/../../picolibc/arm-zephyr-eabi/lib/thumb/v7e-m/nofp\libc.a(libc_string_strncpy.c.o)
                0x0000000008008b3c                strncpy
 .text.strnlen  0x0000000008008b5c       0x18 c:\zephyr-sdk\zephyr-sdk-0.17.2\arm-zephyr-eabi\bin\../lib/gcc/../../picolibc/arm-zephyr-eabi/lib/thumb/v7e-m/nofp\libc.a(libc_string_strnlen.c.o)
                0x0000000008008b5c                strnlen
 .text.strstr   0x0000000008008b74       0x2c c:\zephyr-sdk\zephyr-sdk-0.17.2\arm-zephyr-eabi\bin\../lib/gcc/../../picolibc/arm-zephyr-eabi/lib/thumb/v7e-m/nofp\libc.a(libc_string_strstr.c.o)
                0x0000000008008b74                strstr
 .text.__ultoa_invert
                0x0000000008008ba0       0xae c:\zephyr-sdk\zephyr-sdk-0.17.2\arm-zephyr-eabi\bin\../lib/gcc/../../picolibc/arm-zephyr-eabi/lib/thumb/v7e-m/nofp\libc.a(libc_tinystdio_vflprintf.c.o)
 .text.__file_str_put
                0x0000000008008c4e       0x10 c:\zephyr-sdk\zephyr-sdk-0.17.2\arm-zephyr-eabi\bin\../lib/gcc/../../picolibc/arm-zephyr-eabi/lib/thumb/v7e-m/nofp\libc.a(libc_tinystdio_filestrput.c.o)
                0x0000000008008c4e                __file_str_put
 *(SORT_BY_ALIGNMENT(.TEXT.*))
 *fill*         0x0000000008008c5e        0x2 
 .TEXT.__aeabi_read_tp
                0x0000000008008c60        0xc zephyr/arch/arch/arm/core/cortex_m/libarch__arm__core__cortex_m.a(__aeabi_read_tp.S.obj)
                0x0000000008008c60                __aeabi_read_tp
 *(SORT_BY_ALIGNMENT(.gnu.linkonce.t.*))
 *(SORT_BY_ALIGNMENT(.glue_7t))
 .glue_7t       0x0000000008008c6c        0x0 linker stubs
 *(SORT_BY_ALIGNMENT(.glue_7))
 .glue_7        0x0000000008008c6c        0x0 linker stubs
 *(SORT_BY_ALIGNMENT(.vfp11_veneer))
 .vfp11_veneer  0x0000000008008c6c        0x0 linker stubs
 *(SORT_BY_ALIGNMENT(.v4_bx))
 .v4_bx         0x0000000008008c6c        0x0 linker stubs
                0x0000000008008c6c                . = ALIGN (0x4)
                0x0000000008008c6c                __text_region_end = .

.ARM.exidx      0x0000000008008c6c        0x8
                0x0000000008008c6c                __exidx_start = .
 *(SORT_BY_ALIGNMENT(.ARM.exidx*) SORT_BY_ALIGNMENT(gnu.linkonce.armexidx.*))
 .ARM.exidx     0x0000000008008c6c        0x8 c:\zephyr-sdk\zephyr-sdk-0.17.2\arm-zephyr-eabi\bin\../lib/gcc/../../picolibc/arm-zephyr-eabi/lib/thumb/v7e-m/nofp\libc.a(strcmp.S.o)
 .ARM.exidx     0x0000000008008c74        0x0 c:\zephyr-sdk\zephyr-sdk-0.17.2\arm-zephyr-eabi\bin\../lib/gcc/../../picolibc/arm-zephyr-eabi/lib/thumb/v7e-m/nofp\libc.a(strcpy.S.o)
                                          0x8 (size before relaxing)
 .ARM.exidx     0x0000000008008c74        0x0 c:\zephyr-sdk\zephyr-sdk-0.17.2\arm-zephyr-eabi\bin\../lib/gcc/../../picolibc/arm-zephyr-eabi/lib/thumb/v7e-m/nofp\libc.a(strlen.S.o)
                                          0x8 (size before relaxing)
 .ARM.exidx     0x0000000008008c74        0x0 c:/zephyr-sdk/zephyr-sdk-0.17.2/arm-zephyr-eabi/bin/../lib/gcc/arm-zephyr-eabi/12.2.0/thumb/v7e-m/nofp\libgcc.a(_udivmoddi4.o)
                                          0x8 (size before relaxing)
                0x0000000008008c74                __exidx_end = .
                0x0000000008008c74                __rodata_region_start = .

initlevel       0x0000000008008c74       0x54
                0x0000000008008c74                __init_start = .
                0x0000000008008c74                __init_EARLY_start = .
 *(SORT_BY_NAME(SORT_BY_ALIGNMENT(.z_init_EARLY_P_?_*)))
 *(SORT_BY_NAME(SORT_BY_ALIGNMENT(.z_init_EARLY_P_??_*)))
 *(SORT_BY_NAME(SORT_BY_ALIGNMENT(.z_init_EARLY_P_???_*)))
                0x0000000008008c74                __init_PRE_KERNEL_1_start = .
 *(SORT_BY_NAME(SORT_BY_ALIGNMENT(.z_init_PRE_KERNEL_1_P_?_*)))
 .z_init_PRE_KERNEL_1_P_1_SUB_00008_
                0x0000000008008c74        0x4 zephyr/drivers/clock_control/libdrivers__clock_control.a(clock_stm32_ll_common.c.obj)
 .z_init_PRE_KERNEL_1_P_1_SUB_0_
                0x0000000008008c78        0x4 zephyr/libzephyr.a(soc_config.c.obj)
 *(SORT_BY_NAME(SORT_BY_ALIGNMENT(.z_init_PRE_KERNEL_1_P_??_*)))
 .z_init_PRE_KERNEL_1_P_35_SUB_00062_
                0x0000000008008c7c        0x4 zephyr/drivers/reset/libdrivers__reset.a(reset_stm32.c.obj)
 .z_init_PRE_KERNEL_1_P_40_SUB_00015_
                0x0000000008008c80        0x4 zephyr/drivers/gpio/libdrivers__gpio.a(gpio_stm32.c.obj)
 .z_init_PRE_KERNEL_1_P_40_SUB_00041_
                0x0000000008008c84        0x4 zephyr/drivers/gpio/libdrivers__gpio.a(gpio_stm32.c.obj)
 .z_init_PRE_KERNEL_1_P_40_SUB_00059_
                0x0000000008008c88        0x4 zephyr/drivers/interrupt_controller/libdrivers__interrupt_controller.a(intc_exti_stm32.c.obj)
 .z_init_PRE_KERNEL_1_P_40_SUB_00090_
                0x0000000008008c8c        0x4 zephyr/drivers/gpio/libdrivers__gpio.a(gpio_stm32.c.obj)
 .z_init_PRE_KERNEL_1_P_40_SUB_00096_
                0x0000000008008c90        0x4 zephyr/drivers/gpio/libdrivers__gpio.a(gpio_stm32.c.obj)
 .z_init_PRE_KERNEL_1_P_40_SUB_00171_
                0x0000000008008c94        0x4 zephyr/drivers/gpio/libdrivers__gpio.a(gpio_stm32.c.obj)
 .z_init_PRE_KERNEL_1_P_40_SUB_00172_
                0x0000000008008c98        0x4 zephyr/drivers/gpio/libdrivers__gpio.a(gpio_stm32.c.obj)
 .z_init_PRE_KERNEL_1_P_40_SUB_00173_
                0x0000000008008c9c        0x4 zephyr/drivers/gpio/libdrivers__gpio.a(gpio_stm32.c.obj)
 .z_init_PRE_KERNEL_1_P_40_SUB_00174_
                0x0000000008008ca0        0x4 zephyr/drivers/gpio/libdrivers__gpio.a(gpio_stm32.c.obj)
 .z_init_PRE_KERNEL_1_P_40_SUB_00175_
                0x0000000008008ca4        0x4 zephyr/drivers/gpio/libdrivers__gpio.a(gpio_stm32.c.obj)
 .z_init_PRE_KERNEL_1_P_40_SUB_00176_
                0x0000000008008ca8        0x4 zephyr/drivers/gpio/libdrivers__gpio.a(gpio_stm32.c.obj)
 .z_init_PRE_KERNEL_1_P_40_SUB_00177_
                0x0000000008008cac        0x4 zephyr/drivers/gpio/libdrivers__gpio.a(gpio_stm32.c.obj)
 .z_init_PRE_KERNEL_1_P_50_SUB_00072_
                0x0000000008008cb0        0x4 zephyr/drivers/serial/libdrivers__serial.a(uart_stm32.c.obj)
 .z_init_PRE_KERNEL_1_P_60_SUB_0_
                0x0000000008008cb4        0x4 zephyr/drivers/console/libdrivers__console.a(uart_console.c.obj)
 *(SORT_BY_NAME(SORT_BY_ALIGNMENT(.z_init_PRE_KERNEL_1_P_???_*)))
                0x0000000008008cb8                __init_PRE_KERNEL_2_start = .
 *(SORT_BY_NAME(SORT_BY_ALIGNMENT(.z_init_PRE_KERNEL_2_P_?_*)))
 .z_init_PRE_KERNEL_2_P_0_SUB_0_
                0x0000000008008cb8        0x4 zephyr/drivers/timer/libdrivers__timer.a(cortex_m_systick.c.obj)
 *(SORT_BY_NAME(SORT_BY_ALIGNMENT(.z_init_PRE_KERNEL_2_P_??_*)))
 *(SORT_BY_NAME(SORT_BY_ALIGNMENT(.z_init_PRE_KERNEL_2_P_???_*)))
                0x0000000008008cbc                __init_POST_KERNEL_start = .
 *(SORT_BY_NAME(SORT_BY_ALIGNMENT(.z_init_POST_KERNEL_P_?_*)))
 *(SORT_BY_NAME(SORT_BY_ALIGNMENT(.z_init_POST_KERNEL_P_??_*)))
 .z_init_POST_KERNEL_P_35_SUB_0_
                0x0000000008008cbc        0x4 zephyr/lib/libc/common/liblib__libc__common.a(malloc.c.obj)
 .z_init_POST_KERNEL_P_40_SUB_0_
                0x0000000008008cc0        0x4 zephyr/kernel/libkernel.a(system_work_q.c.obj)
 .z_init_POST_KERNEL_P_90_SUB_0_
                0x0000000008008cc4        0x4 zephyr/libzephyr.a(shell_uart.c.obj)
 *(SORT_BY_NAME(SORT_BY_ALIGNMENT(.z_init_POST_KERNEL_P_???_*)))
                0x0000000008008cc8                __init_APPLICATION_start = .
 *(SORT_BY_NAME(SORT_BY_ALIGNMENT(.z_init_APPLICATION_P_?_*)))
 *(SORT_BY_NAME(SORT_BY_ALIGNMENT(.z_init_APPLICATION_P_??_*)))
 *(SORT_BY_NAME(SORT_BY_ALIGNMENT(.z_init_APPLICATION_P_???_*)))
                0x0000000008008cc8                __init_SMP_start = .
 *(SORT_BY_NAME(SORT_BY_ALIGNMENT(.z_init_SMP_P_?_*)))
 *(SORT_BY_NAME(SORT_BY_ALIGNMENT(.z_init_SMP_P_??_*)))
 *(SORT_BY_NAME(SORT_BY_ALIGNMENT(.z_init_SMP_P_???_*)))
                0x0000000008008cc8                __init_end = .

device_area     0x0000000008008cc8      0x21c
                0x0000000008008cc8                _device_list_start = .
 *(SORT_BY_NAME(SORT_BY_ALIGNMENT(._device.static.*_?_*)))
 ._device.static.1_1_
                0x0000000008008cc8       0x24 zephyr/drivers/clock_control/libdrivers__clock_control.a(clock_stm32_ll_common.c.obj)
                0x0000000008008cc8                __device_dts_ord_8
 *(SORT_BY_NAME(SORT_BY_ALIGNMENT(._device.static.*_??_*)))
 ._device.static.1_35_
                0x0000000008008cec       0x24 zephyr/drivers/reset/libdrivers__reset.a(reset_stm32.c.obj)
                0x0000000008008cec                __device_dts_ord_62
 ._device.static.1_40_
                0x0000000008008d10       0x24 zephyr/drivers/interrupt_controller/libdrivers__interrupt_controller.a(intc_exti_stm32.c.obj)
                0x0000000008008d10                __device_dts_ord_59
 ._device.static.1_40_
                0x0000000008008d34      0x18c zephyr/drivers/gpio/libdrivers__gpio.a(gpio_stm32.c.obj)
                0x0000000008008d34                __device_dts_ord_177
                0x0000000008008d58                __device_dts_ord_176
                0x0000000008008d7c                __device_dts_ord_175
                0x0000000008008da0                __device_dts_ord_174
                0x0000000008008dc4                __device_dts_ord_41
                0x0000000008008de8                __device_dts_ord_173
                0x0000000008008e0c                __device_dts_ord_172
                0x0000000008008e30                __device_dts_ord_96
                0x0000000008008e54                __device_dts_ord_90
                0x0000000008008e78                __device_dts_ord_171
                0x0000000008008e9c                __device_dts_ord_15
 ._device.static.1_50_
                0x0000000008008ec0       0x24 zephyr/drivers/serial/libdrivers__serial.a(uart_stm32.c.obj)
                0x0000000008008ec0                __device_dts_ord_72
 *(SORT_BY_NAME(SORT_BY_ALIGNMENT(._device.static.*_???_*)))
 *(SORT_BY_NAME(SORT_BY_ALIGNMENT(._device.static.*_????_*)))
 *(SORT_BY_NAME(SORT_BY_ALIGNMENT(._device.static.*_?????_*)))
                0x0000000008008ee4                _device_list_end = .

service_area    0x0000000008008ee4       0x18
                0x0000000008008ee4                _service_list_start = .
 *(SORT_BY_NAME(SORT_BY_ALIGNMENT(._service.static.*_?_*)))
 ._service.static.1_1_
                0x0000000008008ee4        0x4 zephyr/libzephyr.a(soc_config.c.obj)
 ._service.static.2_0_
                0x0000000008008ee8        0x4 zephyr/drivers/timer/libdrivers__timer.a(cortex_m_systick.c.obj)
 *(SORT_BY_NAME(SORT_BY_ALIGNMENT(._service.static.*_??_*)))
 ._service.static.1_60_
                0x0000000008008eec        0x4 zephyr/drivers/console/libdrivers__console.a(uart_console.c.obj)
 ._service.static.3_35_
                0x0000000008008ef0        0x4 zephyr/lib/libc/common/liblib__libc__common.a(malloc.c.obj)
 ._service.static.3_40_
                0x0000000008008ef4        0x4 zephyr/kernel/libkernel.a(system_work_q.c.obj)
 ._service.static.3_90_
                0x0000000008008ef8        0x4 zephyr/libzephyr.a(shell_uart.c.obj)
 *(SORT_BY_NAME(SORT_BY_ALIGNMENT(._service.static.*_???_*)))
 *(SORT_BY_NAME(SORT_BY_ALIGNMENT(._service.static.*_????_*)))
 *(SORT_BY_NAME(SORT_BY_ALIGNMENT(._service.static.*_?????_*)))
                0x0000000008008efc                _service_list_end = .

sw_isr_table    0x0000000008008efc      0x2d8
                0x0000000008008efc                . = ALIGN (0x4)
 *(SORT_BY_ALIGNMENT(.gnu.linkonce.sw_isr_table*))
 .gnu.linkonce.sw_isr_table
                0x0000000008008efc      0x2d8 zephyr/arch/common/libisr_tables.a(isr_tables.c.obj)
                0x0000000008008efc                _sw_isr_table

initlevel_error
                0x0000000008008c74        0x0
 *(SORT_BY_NAME(SORT_BY_ALIGNMENT(.z_init_*)))
                0x0000000000000001                ASSERT ((SIZEOF (initlevel_error) == 0x0), Undefined initialization levels used.)

app_shmem_regions
                0x00000000080091d4        0x0
                0x00000000080091d4                __app_shmem_regions_start = .
 *(SORT_BY_NAME(SORT_BY_ALIGNMENT(.app_regions.*)))
                0x00000000080091d4                __app_shmem_regions_end = .

k_p4wq_initparam_area
                0x00000000080091d4        0x0
                0x00000000080091d4                _k_p4wq_initparam_list_start = .
 *(SORT_BY_NAME(SORT_BY_ALIGNMENT(._k_p4wq_initparam.static.*)))
                0x00000000080091d4                _k_p4wq_initparam_list_end = .

_static_thread_data_area
                0x00000000080091d8       0xc0
                0x00000000080091d8                __static_thread_data_list_start = .
 *(SORT_BY_NAME(SORT_BY_ALIGNMENT(.__static_thread_data.static.*)))
 .__static_thread_data.static._k_thread_data_tid_botao_
                0x00000000080091d8       0x30 app/libapp.a(main.c.obj)
                0x00000000080091d8                _k_thread_data_tid_botao
 .__static_thread_data.static._k_thread_data_tid_hard_rt_
                0x0000000008009208       0x30 app/libapp.a(main.c.obj)
                0x0000000008009208                _k_thread_data_tid_hard_rt
 .__static_thread_data.static._k_thread_data_tid_led_
                0x0000000008009238       0x30 app/libapp.a(main.c.obj)
                0x0000000008009238                _k_thread_data_tid_led
 .__static_thread_data.static._k_thread_data_tid_soft_rt_
                0x0000000008009268       0x30 app/libapp.a(main.c.obj)
                0x0000000008009268                _k_thread_data_tid_soft_rt
                0x0000000008009298                __static_thread_data_list_end = .

device_deps     0x0000000008009298        0x0
                0x0000000008009298                __device_deps_start = .
 *(SORT_BY_NAME(SORT_BY_ALIGNMENT(.__device_deps_pass2*)))
                0x0000000008009298                __device_deps_end = .

adc_driver_api_area
                0x0000000008009298        0x0
                0x0000000008009298                _adc_driver_api_list_start = .
 *(SORT_BY_NAME(SORT_BY_ALIGNMENT(._adc_driver_api.static.*)))
                0x0000000008009298                _adc_driver_api_list_end = .

dac_driver_api_area
                0x0000000008009298        0x0
                0x0000000008009298                _dac_driver_api_list_start = .
 *(SORT_BY_NAME(SORT_BY_ALIGNMENT(._dac_driver_api.static.*)))
                0x0000000008009298                _dac_driver_api_list_end = .

gpio_driver_api_area
                0x0000000008009298       0x24
                0x0000000008009298                _gpio_driver_api_list_start = .
 *(SORT_BY_NAME(SORT_BY_ALIGNMENT(._gpio_driver_api.static.*)))
 ._gpio_driver_api.static.gpio_stm32_driver_
                0x0000000008009298       0x24 zephyr/drivers/gpio/libdrivers__gpio.a(gpio_stm32.c.obj)
                0x00000000080092bc                _gpio_driver_api_list_end = .

reset_driver_api_area
                0x00000000080092bc       0x10
                0x00000000080092bc                _reset_driver_api_list_start = .
 *(SORT_BY_NAME(SORT_BY_ALIGNMENT(._reset_driver_api.static.*)))
 ._reset_driver_api.static.reset_stm32_driver_api_
                0x00000000080092bc       0x10 zephyr/drivers/reset/libdrivers__reset.a(reset_stm32.c.obj)
                0x00000000080092cc                _reset_driver_api_list_end = .

shared_irq_driver_api_area
                0x00000000080092cc        0x0
                0x00000000080092cc                _shared_irq_driver_api_list_start = .
 *(SORT_BY_NAME(SORT_BY_ALIGNMENT(._shared_irq_driver_api.static.*)))
                0x00000000080092cc                _shared_irq_driver_api_list_end = .

crypto_driver_api_area
                0x00000000080092cc        0x0
                0x00000000080092cc                _crypto_driver_api_list_start = .
 *(SORT_BY_NAME(SORT_BY_ALIGNMENT(._crypto_driver_api.static.*)))
                0x00000000080092cc                _crypto_driver_api_list_end = .

auxdisplay_driver_api_area
                0x00000000080092cc        0x0
                0x00000000080092cc                _auxdisplay_driver_api_list_start = .
 *(SORT_BY_NAME(SORT_BY_ALIGNMENT(._auxdisplay_driver_api.static.*)))
                0x00000000080092cc                _auxdisplay_driver_api_list_end = .

bbram_driver_api_area
                0x00000000080092cc        0x0
                0x00000000080092cc                _bbram_driver_api_list_start = .
 *(SORT_BY_NAME(SORT_BY_ALIGNMENT(._bbram_driver_api.static.*)))
                0x00000000080092cc                _bbram_driver_api_list_end = .

bt_hci_driver_api_area
                0x00000000080092cc        0x0
                0x00000000080092cc                _bt_hci_driver_api_list_start = .
 *(SORT_BY_NAME(SORT_BY_ALIGNMENT(._bt_hci_driver_api.static.*)))
                0x00000000080092cc                _bt_hci_driver_api_list_end = .

can_driver_api_area
                0x00000000080092cc        0x0
                0x00000000080092cc                _can_driver_api_list_start = .
 *(SORT_BY_NAME(SORT_BY_ALIGNMENT(._can_driver_api.static.*)))
                0x00000000080092cc                _can_driver_api_list_end = .

cellular_driver_api_area
                0x00000000080092cc        0x0
                0x00000000080092cc                _cellular_driver_api_list_start = .
 *(SORT_BY_NAME(SORT_BY_ALIGNMENT(._cellular_driver_api.static.*)))
                0x00000000080092cc                _cellular_driver_api_list_end = .

charger_driver_api_area
                0x00000000080092cc        0x0
                0x00000000080092cc                _charger_driver_api_list_start = .
 *(SORT_BY_NAME(SORT_BY_ALIGNMENT(._charger_driver_api.static.*)))
                0x00000000080092cc                _charger_driver_api_list_end = .

clock_control_driver_api_area
                0x00000000080092cc       0x1c
                0x00000000080092cc                _clock_control_driver_api_list_start = .
 *(SORT_BY_NAME(SORT_BY_ALIGNMENT(._clock_control_driver_api.static.*)))
 ._clock_control_driver_api.static.stm32_clock_control_api_
                0x00000000080092cc       0x1c zephyr/drivers/clock_control/libdrivers__clock_control.a(clock_stm32_ll_common.c.obj)
                0x00000000080092e8                _clock_control_driver_api_list_end = .

comparator_driver_api_area
                0x00000000080092e8        0x0
                0x00000000080092e8                _comparator_driver_api_list_start = .
 *(SORT_BY_NAME(SORT_BY_ALIGNMENT(._comparator_driver_api.static.*)))
                0x00000000080092e8                _comparator_driver_api_list_end = .

coredump_driver_api_area
                0x00000000080092e8        0x0
                0x00000000080092e8                _coredump_driver_api_list_start = .
 *(SORT_BY_NAME(SORT_BY_ALIGNMENT(._coredump_driver_api.static.*)))