Archive member included to satisfy reference by file (symbol)

app/libapp.a(main.c.obj)      (--whole-archive)
app/libapp.a(sensor_task.c.obj)
                              (--whole-archive)
app/libapp.a(shell_sensor.c.obj)
                              (--whole-archive)
app/libapp.a(shell_sys_info.c.obj)
                              (--whole-archive)
zephyr/libzephyr.a(heap.c.obj)
                              (--whole-archive)
zephyr/libzephyr.a(cbprintf_packaged.c.obj)
                              (--whole-archive)
zephyr/libzephyr.a(clock.c.obj)
                              (--whole-archive)
zephyr/libzephyr.a(printk.c.obj)
                              (--whole-archive)
zephyr/libzephyr.a(sem.c.obj)
                              (--whole-archive)
zephyr/libzephyr.a(thread_entry.c.obj)
                              (--whole-archive)
zephyr/libzephyr.a(cbprintf_complete.c.obj)
                              (--whole-archive)
zephyr/libzephyr.a(assert.c.obj)
                              (--whole-archive)
zephyr/libzephyr.a(mpsc_pbuf.c.obj)
                              (--whole-archive)
zephyr/libzephyr.a(dec.c.obj)
                              (--whole-archive)
zephyr/libzephyr.a(hex.c.obj)
                              (--whole-archive)
zephyr/libzephyr.a(rb.c.obj)  (--whole-archive)
zephyr/libzephyr.a(timeutil.c.obj)
                              (--whole-archive)
zephyr/libzephyr.a(bitarray.c.obj)
                              (--whole-archive)
zephyr/libzephyr.a(ring_buffer.c.obj)
                              (--whole-archive)
zephyr/libzephyr.a(last_section_id.c.obj)
                              (--whole-archive)
zephyr/libzephyr.a(configs.c.obj)
                              (--whole-archive)
zephyr/libzephyr.a(stm32cube_hal.c.obj)
                              (--whole-archive)
zephyr/libzephyr.a(soc_config.c.obj)
                              (--whole-archive)
zephyr/libzephyr.a(stm32_backup_domain.c.obj)
                              (--whole-archive)
zephyr/libzephyr.a(soc.c.obj)
                              (--whole-archive)
zephyr/libzephyr.a(thread_analyzer.c.obj)
                              (--whole-archive)
zephyr/libzephyr.a(log_core.c.obj)
                              (--whole-archive)
zephyr/libzephyr.a(log_mgmt.c.obj)
                              (--whole-archive)
zephyr/libzephyr.a(log_cache.c.obj)
                              (--whole-archive)
zephyr/libzephyr.a(log_msg.c.obj)
                              (--whole-archive)
zephyr/libzephyr.a(log_output.c.obj)
                              (--whole-archive)
zephyr/libzephyr.a(mem_attr.c.obj)
                              (--whole-archive)
zephyr/libzephyr.a(tracing_none.c.obj)
                              (--whole-archive)
zephyr/libzephyr.a(usb_device.c.obj)
                              (--whole-archive)
zephyr/libzephyr.a(usb_descriptor.c.obj)
                              (--whole-archive)
zephyr/libzephyr.a(usb_transfer.c.obj)
                              (--whole-archive)
zephyr/libzephyr.a(cdc_acm.c.obj)
                              (--whole-archive)
zephyr/libzephyr.a(usb_work_q.c.obj)
                              (--whole-archive)
zephyr/libzephyr.a(kernel_shell.c.obj)
                              (--whole-archive)
zephyr/libzephyr.a(cycles.c.obj)
                              (--whole-archive)
zephyr/libzephyr.a(sleep.c.obj)
                              (--whole-archive)
zephyr/libzephyr.a(uptime.c.obj)
                              (--whole-archive)
zephyr/libzephyr.a(version.c.obj)
                              (--whole-archive)
zephyr/libzephyr.a(log-level.c.obj)
                              (--whole-archive)
zephyr/libzephyr.a(thread.c.obj)
                              (--whole-archive)
zephyr/libzephyr.a(list.c.obj)
                              (--whole-archive)
zephyr/libzephyr.a(stacks.c.obj)
                              (--whole-archive)
zephyr/libzephyr.a(suspend.c.obj)
                              (--whole-archive)
zephyr/libzephyr.a(resume.c.obj)
                              (--whole-archive)
zephyr/libzephyr.a(kill.c.obj)
                              (--whole-archive)
zephyr/libzephyr.a(device_service.c.obj)
                              (--whole-archive)
zephyr/libzephyr.a(devmem_service.c.obj)
                              (--whole-archive)
zephyr/libzephyr.a(shell_uart.c.obj)
                              (--whole-archive)
zephyr/libzephyr.a(shell.c.obj)
                              (--whole-archive)
zephyr/libzephyr.a(shell_fprintf.c.obj)
                              (--whole-archive)
zephyr/libzephyr.a(shell_utils.c.obj)
                              (--whole-archive)
zephyr/libzephyr.a(shell_ops.c.obj)
                              (--whole-archive)
zephyr/libzephyr.a(shell_log_backend.c.obj)
                              (--whole-archive)
zephyr/libzephyr.a(shell_help.c.obj)
                              (--whole-archive)
zephyr/libzephyr.a(shell_cmds.c.obj)
[...]
Memory Configuration

Name             Origin             Length             Attributes
FLASH            0x0000000008000000 0x0000000000200000 xr
RAM              0x0000000020000000 0x0000000000030000 xw
CCM              0x0000000010000000 0x0000000000010000 rw
SDRAM2           0x00000000d0000000 0x0000000000800000 rw
IDT_LIST         0x00000000ffff7fff 0x0000000000008000 xw
*default*        0x0000000000000000 0xffffffffffffffff

Linker script and memory map

                0x000000000800cd5c                vfprintf = __d_vfprintf
                0x0000000000000000                vfscanf = __d_vfscanf
LOAD zephyr/CMakeFiles/zephyr_pre0.dir/misc/empty_file.c.obj
LOAD zephyr/CMakeFiles/offsets.dir/./arch/arm/core/offsets/offsets.c.obj
LOAD app/libapp.a
LOAD zephyr/libzephyr.a
LOAD zephyr/arch/common/libarch__common.a
LOAD zephyr/arch/arch/arm/core/libarch__arm__core.a
LOAD zephyr/arch/arch/arm/core/cortex_m/libarch__arm__core__cortex_m.a
LOAD zephyr/arch/arch/arm/core/mpu/libarch__arm__core__mpu.a
LOAD zephyr/lib/libc/picolibc/liblib__libc__picolibc.a
LOAD zephyr/lib/libc/common/liblib__libc__common.a
LOAD zephyr/lib/posix/options/liblib__posix__options.a
LOAD zephyr/subsys/random/libsubsys__random.a
LOAD zephyr/drivers/interrupt_controller/libdrivers__interrupt_controller.a
LOAD zephyr/drivers/usb/device/libdrivers__usb__device.a
LOAD zephyr/drivers/clock_control/libdrivers__clock_control.a
LOAD zephyr/drivers/console/libdrivers__console.a
LOAD zephyr/drivers/gpio/libdrivers__gpio.a
LOAD zephyr/drivers/hwinfo/libdrivers__hwinfo.a
LOAD zephyr/drivers/pinctrl/libdrivers__pinctrl.a
LOAD zephyr/drivers/reset/libdrivers__reset.a
LOAD zephyr/drivers/serial/libdrivers__serial.a
LOAD zephyr/drivers/timer/libdrivers__timer.a
LOAD modules/hal_stm32/stm32cube/lib..__modules__hal__stm32__stm32cube.a
LOAD zephyr/kernel/libkernel.a
LOAD zephyr/arch/common/libisr_tables.a
LOAD c:\zephyr-sdk\zephyr-sdk-0.17.2\arm-zephyr-eabi\bin\../lib/gcc/../../picolibc/arm-zephyr-eabi/lib/thumb/v7e-m/nofp\libc.a
LOAD c:/zephyr-sdk/zephyr-sdk-0.17.2/arm-zephyr-eabi/bin/../lib/gcc/arm-zephyr-eabi/12.2.0/thumb/v7e-m/nofp\libgcc.a
                0x0000000000000020                _region_min_align = 0x20

.rel.plt        0x0000000008000000        0x0
 *(SORT_BY_ALIGNMENT(.rel.plt))
                [!provide]                        PROVIDE (__rel_iplt_start = .)
 *(SORT_BY_ALIGNMENT(.rel.iplt))
 .rel.iplt      0x0000000008000000        0x0 app/libapp.a(main.c.obj)
                [!provide]                        PROVIDE (__rel_iplt_end = .)

.rela.plt       0x0000000000000000        0x0
 *(SORT_BY_ALIGNMENT(.rela.plt))
                [!provide]                        PROVIDE (__rela_iplt_start = .)
 *(SORT_BY_ALIGNMENT(.rela.iplt))
                [!provide]                        PROVIDE (__rela_iplt_end = .)

.rel.dyn
 *(SORT_BY_ALIGNMENT(.rel.*))

.rela.dyn
 *(SORT_BY_ALIGNMENT(.rela.*))

/DISCARD/
 *(SORT_BY_ALIGNMENT(.plt))

/DISCARD/
 *(SORT_BY_ALIGNMENT(.iplt))
                0x0000000008000000                __rom_region_start = 0x8000000

rom_start       0x0000000008000000      0x1ac
                0x0000000008000000                __rom_start_address = .
 FILL mask 0x00
                0x0000000008000000                . = (. + (0x0 - (. - __rom_start_address)))
                0x0000000008000000                . = ALIGN (0x4)
                0x0000000008000000                . = ALIGN (0x80)
                0x0000000008000000                . = ALIGN (0x200)
                0x0000000008000000                _vector_start = .
 *(SORT_BY_ALIGNMENT(.exc_vector_table))
 *(SORT_BY_ALIGNMENT(.exc_vector_table.*))
 .exc_vector_table._vector_table_section
                0x0000000008000000       0x40 zephyr/arch/arch/arm/core/cortex_m/libarch__arm__core__cortex_m.a(vector_table.S.obj)
                0x0000000008000000                _vector_table
 *(SORT_BY_ALIGNMENT(.vectors))
                0x00000000080001ac                _vector_end = .
                0x0000000008000040                . = ALIGN (0x4)
 *(SORT_BY_ALIGNMENT(.gnu.linkonce.irq_vector_table*))
 .gnu.linkonce.irq_vector_table
                0x0000000008000040      0x16c zephyr/arch/common/libisr_tables.a(isr_tables.c.obj)
                0x0000000008000040                _irq_vector_table
                0x00000000080001ac                _vector_end = .

text            0x00000000080001b0    0x1407c
                0x00000000080001b0                __text_region_start = .
 *(SORT_BY_ALIGNMENT(.text))
 .text          0x00000000080001b0      0x378 c:/zephyr-sdk/zephyr-sdk-0.17.2/arm-zephyr-eabi/bin/../lib/gcc/arm-zephyr-eabi/12.2.0/thumb/v7e-m/nofp\libgcc.a(_arm_addsubdf3.o)
                0x00000000080001b0                __aeabi_drsub
                0x00000000080001b8                __aeabi_dsub
                0x00000000080001b8                __subdf3
                0x00000000080001bc                __aeabi_dadd
                0x00000000080001bc                __adddf3
                0x0000000008000434                __floatunsidf
                0x0000000008000434                __aeabi_ui2d
                0x0000000008000454                __floatsidf
                0x0000000008000454                __aeabi_i2d
                0x0000000008000478                __aeabi_f2d
                0x0000000008000478                __extendsfdf2
                0x00000000080004bc                __floatundidf
                0x00000000080004bc                __aeabi_ul2d
                0x00000000080004cc                __floatdidf
                0x00000000080004cc                __aeabi_l2d
 .text          0x0000000008000528      0x21c c:/zephyr-sdk/zephyr-sdk-0.17.2/arm-zephyr-eabi/bin/../lib/gcc/arm-zephyr-eabi/12.2.0/thumb/v7e-m/nofp\libgcc.a(_arm_addsubsf3.o)
                0x0000000008000528                __aeabi_frsub
                0x0000000008000530                __subsf3
                0x0000000008000530                __aeabi_fsub
                0x0000000008000534                __aeabi_fadd
                0x0000000008000534                __addsf3
                0x0000000008000694                __aeabi_ui2f
                0x0000000008000694                __floatunsisf
                0x000000000800069c                __aeabi_i2f
                0x000000000800069c                __floatsisf
                0x00000000080006b8                __aeabi_ul2f
                0x00000000080006b8                __floatundisf
                0x00000000080006c8                __aeabi_l2f
                0x00000000080006c8                __floatdisf
 .text          0x0000000008000744      0x2a0 c:/zephyr-sdk/zephyr-sdk-0.17.2/arm-zephyr-eabi/bin/../lib/gcc/arm-zephyr-eabi/12.2.0/thumb/v7e-m/nofp\libgcc.a(_arm_muldivsf3.o)
                0x0000000008000744                __mulsf3
                0x0000000008000744                __aeabi_fmul
                0x00000000080008ac                __aeabi_fdiv
                0x00000000080008ac                __divsf3
 .text          0x00000000080009e4       0xec c:/zephyr-sdk/zephyr-sdk-0.17.2/arm-zephyr-eabi/bin/../lib/gcc/arm-zephyr-eabi/12.2.0/thumb/v7e-m/nofp\libgcc.a(_arm_cmpsf2.o)
                0x00000000080009e4                __gesf2
                0x00000000080009e4                __gtsf2
                0x00000000080009ec                __lesf2
                0x00000000080009ec                __ltsf2
                0x00000000080009f4                __nesf2
                0x00000000080009f4                __eqsf2
                0x00000000080009f4                __cmpsf2
                0x0000000008000a54                __aeabi_cfrcmple
                0x0000000008000a5c                __aeabi_cfcmpeq
                0x0000000008000a5c                __aeabi_cfcmple
                0x0000000008000a6c                __aeabi_fcmpeq
                0x0000000008000a80                __aeabi_fcmplt
                0x0000000008000a94                __aeabi_fcmple
                0x0000000008000aa8                __aeabi_fcmpge
                0x0000000008000abc                __aeabi_fcmpgt
 .text          0x0000000008000ad0       0xa0 c:/zephyr-sdk/zephyr-sdk-0.17.2/arm-zephyr-eabi/bin/../lib/gcc/arm-zephyr-eabi/12.2.0/thumb/v7e-m/nofp\libgcc.a(_aeabi_ldivmod.o)
                0x0000000008000ad0                __aeabi_ldivmod
 .text          0x0000000008000b70       0x30 c:/zephyr-sdk/zephyr-sdk-0.17.2/arm-zephyr-eabi/bin/../lib/gcc/arm-zephyr-eabi/12.2.0/thumb/v7e-m/nofp\libgcc.a(_aeabi_uldivmod.o)
                0x0000000008000b70                __aeabi_uldivmod
 .text          0x0000000008000ba0        0x4 c:/zephyr-sdk/zephyr-sdk-0.17.2/arm-zephyr-eabi/bin/../lib/gcc/arm-zephyr-eabi/12.2.0/thumb/v7e-m/nofp\libgcc.a(_dvmd_tls.o)
                0x0000000008000ba0                __aeabi_idiv0
                0x0000000008000ba0                __aeabi_ldiv0
 .text          0x0000000008000ba4       0x14 c:\zephyr-sdk\zephyr-sdk-0.17.2\arm-zephyr-eabi\bin\../lib/gcc/../../picolibc/arm-zephyr-eabi/lib/thumb/v7e-m/nofp\libc.a(strcmp.S.o)
                0x0000000008000ba4                strcmp
 .text          0x0000000008000bb8       0x10 c:\zephyr-sdk\zephyr-sdk-0.17.2\arm-zephyr-eabi\bin\../lib/gcc/../../picolibc/arm-zephyr-eabi/lib/thumb/v7e-m/nofp\libc.a(strcpy.S.o)
                0x0000000008000bb8                strcpy
 .text          0x0000000008000bc8       0x10 c:\zephyr-sdk\zephyr-sdk-0.17.2\arm-zephyr-eabi\bin\../lib/gcc/../../picolibc/arm-zephyr-eabi/lib/thumb/v7e-m/nofp\libc.a(strlen.S.o)
                0x0000000008000bc8                strlen
 .text          0x0000000008000bd8      0x2a0 c:/zephyr-sdk/zephyr-sdk-0.17.2/arm-zephyr-eabi/bin/../lib/gcc/arm-zephyr-eabi/12.2.0/thumb/v7e-m/nofp\libgcc.a(_udivmoddi4.o)
                0x0000000008000bd8                __udivmoddi4
 *(SORT_BY_ALIGNMENT(.text.*))
 .text.cmd_kernel_uptime
                0x0000000008000e78      0x164 zephyr/libzephyr.a(uptime.c.obj)
 .text.z_impl_gpio_pin_interrupt_configure
                0x0000000008000fdc       0x34 app/libapp.a(main.c.obj)
 .text.blink_led_task
                0x0000000008001010       0x68 app/libapp.a(main.c.obj)
                0x0000000008001010                blink_led_task
 .text.button_pressed_callback
                0x0000000008001078       0x10 app/libapp.a(main.c.obj)
                0x0000000008001078                button_pressed_callback
 .text.button_action_task
                0x0000000008001088       0x5c app/libapp.a(main.c.obj)
                0x0000000008001088                button_action_task
 .text.main     0x00000000080010e4      0x144 app/libapp.a(main.c.obj)
                0x00000000080010e4                main
 .text.sensor_reading_task
                0x0000000008001228      0x484 app/libapp.a(sensor_task.c.obj)
                0x0000000008001228                sensor_reading_task
 .text.get_sensor_stats
                0x00000000080016ac       0x20 app/libapp.a(sensor_task.c.obj)
                0x00000000080016ac                get_sensor_stats
 .text.get_last_reading
                0x00000000080016cc       0x38 app/libapp.a(sensor_task.c.obj)
                0x00000000080016cc                get_last_reading
 .text.get_recent_readings
                0x0000000008001704       0x68 app/libapp.a(sensor_task.c.obj)
                0x0000000008001704                get_recent_readings
 .text.cmd_sensor_info
                0x000000000800176c       0xa4 app/libapp.a(shell_sensor.c.obj)
 .text.cmd_sensor_stats
                0x0000000008001810       0xcc app/libapp.a(shell_sensor.c.obj)
 .text.cmd_sensor_monitor
                0x00000000080018dc      0x230 app/libapp.a(shell_sensor.c.obj)
 .text.cmd_sensor_last
                0x0000000008001b0c       0xc8 app/libapp.a(shell_sensor.c.obj)
 .text.cmd_sensor_history
                0x0000000008001bd4      0x104 app/libapp.a(shell_sensor.c.obj)
 .text.cmd_sysinfo_stack
                0x0000000008001cd8       0x20 app/libapp.a(shell_sys_info.c.obj)
 .text.cmd_sysinfo_runtime
                0x0000000008001cf8       0x18 app/libapp.a(shell_sys_info.c.obj)
 .text.cmd_sysinfo_test
                0x0000000008001d10       0x80 app/libapp.a(shell_sys_info.c.obj)
 .text.cmd_sysinfo_general
                0x0000000008001d90       0x98 app/libapp.a(shell_sys_info.c.obj)
 .text.cmd_sysinfo_tasks
                0x0000000008001e28       0x20 app/libapp.a(shell_sys_info.c.obj)
 .text.print_thread_info
                0x0000000008001e48       0x30 app/libapp.a(shell_sys_info.c.obj)
 .text.cbvprintf_package
                0x0000000008001e78      0x4b4 zephyr/libzephyr.a(cbprintf_packaged.c.obj)
                0x0000000008001e78                cbvprintf_package
 .text.cbprintf_package_convert
                0x000000000800232c      0x4c4 zephyr/libzephyr.a(cbprintf_packaged.c.obj)
                0x000000000800232c                cbprintf_package_convert
 .text.__printk_hook_install
                0x00000000080027f0        0xc zephyr/libzephyr.a(printk.c.obj)
                0x00000000080027f0                __printk_hook_install
 .text.z_thread_entry
                0x00000000080027fc       0x34 zephyr/libzephyr.a(thread_entry.c.obj)
                0x00000000080027fc                z_thread_entry
 .text.st_stm32_common_config
                0x0000000008002830       0x14 zephyr/libzephyr.a(soc_config.c.obj)
 .text.soc_early_init_hook
                0x0000000008002844       0x30 zephyr/libzephyr.a(soc.c.obj)
                0x0000000008002844                soc_early_init_hook
 .text.thread_print_cb
                0x0000000008002874       0x44 zephyr/libzephyr.a(thread_analyzer.c.obj)
 .text.thread_analyze_cb
                0x00000000080028b8       0xa4 zephyr/libzephyr.a(thread_analyzer.c.obj)
 .text.isr_stack
                0x000000000800295c       0x54 zephyr/libzephyr.a(thread_analyzer.c.obj)
 .text.thread_analyzer_run
                0x00000000080029b0       0x20 zephyr/libzephyr.a(thread_analyzer.c.obj)
                0x00000000080029b0                thread_analyzer_run
 .text.thread_analyzer_print
                0x00000000080029d0       0x1c zephyr/libzephyr.a(thread_analyzer.c.obj)
                0x00000000080029d0                thread_analyzer_print
 .text.log_backend_notify_all
                0x00000000080029ec       0x30 zephyr/libzephyr.a(log_core.c.obj)
 .text.default_lf_get_timestamp
                0x0000000008002a1c       0x48 zephyr/libzephyr.a(log_core.c.obj)
 .text.activate_foreach_backend
                0x0000000008002a64       0x64 zephyr/libzephyr.a(log_core.c.obj)
 .text.z_log_init
                0x0000000008002ac8       0x94 zephyr/libzephyr.a(log_core.c.obj)
 .text.thread_set
                0x0000000008002b5c       0x28 zephyr/libzephyr.a(log_core.c.obj)
 .text.log_process_thread_timer_expiry_fn
                0x0000000008002b84       0x10 zephyr/libzephyr.a(log_core.c.obj)
 .text.msg_process
                0x0000000008002b94       0x3c zephyr/libzephyr.a(log_core.c.obj)
 .text.enable_logger
                0x0000000008002bd0       0x5c zephyr/libzephyr.a(log_core.c.obj)
 .text.log_set_timestamp_func
                0x0000000008002c2c       0x24 zephyr/libzephyr.a(log_core.c.obj)
                0x0000000008002c2c                log_set_timestamp_func
 .text.z_log_notify_backend_enabled
                0x0000000008002c50       0x20 zephyr/libzephyr.a(log_core.c.obj)
                0x0000000008002c50                z_log_notify_backend_enabled
 .text.z_log_dropped
                0x0000000008002c70       0x54 zephyr/libzephyr.a(log_core.c.obj)
                0x0000000008002c70                z_log_dropped
 .text.z_log_dropped_read_and_clear
                0x0000000008002cc4       0x20 zephyr/libzephyr.a(log_core.c.obj)
                0x0000000008002cc4                z_log_dropped_read_and_clear
 .text.dropped_notify
                0x0000000008002ce4       0x38 zephyr/libzephyr.a(log_core.c.obj)
                0x0000000008002ce4                dropped_notify
 .text.z_log_dropped_pending
                0x0000000008002d1c       0x14 zephyr/libzephyr.a(log_core.c.obj)
                0x0000000008002d1c                z_log_dropped_pending
 .text.z_log_msg_init
                0x0000000008002d30       0x20 zephyr/libzephyr.a(log_core.c.obj)
                0x0000000008002d30                z_log_msg_init
 .text.log_core_init
                0x0000000008002d50       0x54 zephyr/libzephyr.a(log_core.c.obj)
                0x0000000008002d50                log_core_init
 .text.z_log_msg_alloc
                0x0000000008002da4       0x10 zephyr/libzephyr.a(log_core.c.obj)
                0x0000000008002da4                z_log_msg_alloc
 .text.z_log_msg_local_claim
                0x0000000008002db4       0x10 zephyr/libzephyr.a(log_core.c.obj)
                0x0000000008002db4                z_log_msg_local_claim
 .text.z_log_msg_free
                0x0000000008002dc4       0x14 zephyr/libzephyr.a(log_core.c.obj)
                0x0000000008002dc4                z_log_msg_free
 .text.z_log_msg_pending
                0x0000000008002dd8       0x10 zephyr/libzephyr.a(log_core.c.obj)
                0x0000000008002dd8                z_log_msg_pending
 .text.z_impl_log_process
                0x0000000008002de8       0xd0 zephyr/libzephyr.a(log_core.c.obj)
                0x0000000008002de8                z_impl_log_process
 .text.z_impl_log_panic
                0x0000000008002eb8       0x4c zephyr/libzephyr.a(log_core.c.obj)
                0x0000000008002eb8                z_impl_log_panic
 .text.z_log_msg_post_finalize
                0x0000000008002f04       0x84 zephyr/libzephyr.a(log_core.c.obj)
 .text.z_log_msg_commit
                0x0000000008002f88       0x20 zephyr/libzephyr.a(log_core.c.obj)
                0x0000000008002f88                z_log_msg_commit
 .text.log_process_thread_func
                0x0000000008002fa8       0x78 zephyr/libzephyr.a(log_core.c.obj)
 .text.get_dynamic_filter
                0x0000000008003020        0xc zephyr/libzephyr.a(log_mgmt.c.obj)
 .text.log_src_cnt_get
                0x000000000800302c       0x14 zephyr/libzephyr.a(log_mgmt.c.obj)
                0x000000000800302c                log_src_cnt_get
 .text.log_source_name_get
                0x0000000008003040       0x1c zephyr/libzephyr.a(log_mgmt.c.obj)
                0x0000000008003040                log_source_name_get
 .text.log_compiled_level_get
                0x000000000800305c       0x20 zephyr/libzephyr.a(log_mgmt.c.obj)
                0x000000000800305c                log_compiled_level_get
 .text.z_log_runtime_filters_init
                0x000000000800307c       0x40 zephyr/libzephyr.a(log_mgmt.c.obj)
                0x000000000800307c                z_log_runtime_filters_init
 .text.filter_set
                0x00000000080030bc       0x70 zephyr/libzephyr.a(log_mgmt.c.obj)
                0x00000000080030bc                filter_set
 .text.cbprintf_package_copy
                0x000000000800312c       0x30 zephyr/libzephyr.a(log_msg.c.obj)
 .text.z_impl_z_log_msg_static_create
                0x000000000800315c      0x164 zephyr/libzephyr.a(log_msg.c.obj)
                0x000000000800315c                z_impl_z_log_msg_static_create
 .text.z_log_msg_runtime_vcreate
                0x00000000080032c0       0xb8 zephyr/libzephyr.a(log_msg.c.obj)
                0x00000000080032c0                z_log_msg_runtime_vcreate
 .text.log_msg_get_source_id
                0x0000000008003378       0x18 zephyr/libzephyr.a(log_msg.c.obj)
                0x0000000008003378                log_msg_get_source_id
 .text.print_formatted
                0x0000000008003390       0x24 zephyr/libzephyr.a(log_output.c.obj)
 .text.timestamp_print
                0x00000000080033b4       0x8c zephyr/libzephyr.a(log_output.c.obj)
 .text.color_print
                0x0000000008003440       0x2c zephyr/libzephyr.a(log_output.c.obj)
 .text.ids_print
                0x000000000800346c       0x70 zephyr/libzephyr.a(log_output.c.obj)
 .text.prefix_print
                0x00000000080034dc       0x88 zephyr/libzephyr.a(log_output.c.obj)
 .text.newline_print
                0x0000000008003564       0x28 zephyr/libzephyr.a(log_output.c.obj)
 .text.hexdump_line_print
                0x000000000800358c       0xc4 zephyr/libzephyr.a(log_output.c.obj)
 .text.log_output_process
                0x0000000008003650       0x88 zephyr/libzephyr.a(log_output.c.obj)
                0x0000000008003650                log_output_process
 .text.log_output_dropped_process
                0x00000000080036d8       0x84 zephyr/libzephyr.a(log_output.c.obj)
                0x00000000080036d8                log_output_dropped_process
 .text.log_output_timestamp_freq_set
                0x000000000800375c       0x2c zephyr/libzephyr.a(log_output.c.obj)
                0x000000000800375c                log_output_timestamp_freq_set
 .text.mem_attr_get_regions
                0x0000000008003788        0xc zephyr/libzephyr.a(mem_attr.c.obj)
                0x0000000008003788                mem_attr_get_regions
 .text.usb_set_alt_setting
                0x0000000008003794       0x18 zephyr/libzephyr.a(usb_device.c.obj)
 .text.usb_get_alt_setting
                0x00000000080037ac       0x18 zephyr/libzephyr.a(usb_device.c.obj)
 .text.usb_handle_request
                0x00000000080037c4       0x28 zephyr/libzephyr.a(usb_device.c.obj)
 .text.usb_register_request_handler
                0x00000000080037ec       0x10 zephyr/libzephyr.a(usb_device.c.obj)
 .text.usb_register_descriptors
                0x00000000080037fc        0xc zephyr/libzephyr.a(usb_device.c.obj)
 .text.usb_get_status
                0x0000000008003808       0x2c zephyr/libzephyr.a(usb_device.c.obj)
 .text.usb_get_descriptor
                0x0000000008003834       0x64 zephyr/libzephyr.a(usb_device.c.obj)
 .text.usb_get_interface
                0x0000000008003898       0x40 zephyr/libzephyr.a(usb_device.c.obj)
 .text.is_device_configured
                0x00000000080038d8       0x14 zephyr/libzephyr.a(usb_device.c.obj)
 .text.is_interface_valid
                0x00000000080038ec       0x24 zephyr/libzephyr.a(usb_device.c.obj)
 .text.is_ep_valid
                0x0000000008003910       0x50 zephyr/libzephyr.a(usb_device.c.obj)
 .text.usb_register_custom_req_handler
                0x0000000008003960        0xc zephyr/libzephyr.a(usb_device.c.obj)
 .text.usb_register_status_callback
                0x000000000800396c        0xc zephyr/libzephyr.a(usb_device.c.obj)
 .text.foreach_ep
                0x0000000008003978       0x38 zephyr/libzephyr.a(usb_device.c.obj)
 .text.class_handler
                0x00000000080039b0       0x40 zephyr/libzephyr.a(usb_device.c.obj)
 .text.custom_handler
                0x00000000080039f0       0x64 zephyr/libzephyr.a(usb_device.c.obj)
 .text.vendor_handler
                0x0000000008003a54       0x3c zephyr/libzephyr.a(usb_device.c.obj)
 .text.get_ep_bm_from_addr
                0x0000000008003a90       0x44 zephyr/libzephyr.a(usb_device.c.obj)
 .text.disable_interface_ep
                0x0000000008003ad4       0x28 zephyr/libzephyr.a(usb_device.c.obj)
 .text.disable_endpoint
                0x0000000008003afc       0x6c zephyr/libzephyr.a(usb_device.c.obj)
 .text.usb_halt_endpoint_req
                0x0000000008003b68       0xa8 zephyr/libzephyr.a(usb_device.c.obj)
 .text.set_endpoint
                0x0000000008003c10      0x100 zephyr/libzephyr.a(usb_device.c.obj)
 .text.usb_set_interface
                0x0000000008003d10       0x74 zephyr/libzephyr.a(usb_device.c.obj)
 .text.usb_reset_alt_setting
                0x0000000008003d84       0x10 zephyr/libzephyr.a(usb_device.c.obj)
 .text.usb_set_configuration
                0x0000000008003d94       0x98 zephyr/libzephyr.a(usb_device.c.obj)
 .text.usb_handle_std_device_req
                0x0000000008003e2c       0x94 zephyr/libzephyr.a(usb_device.c.obj)
 .text.forward_status_cb
                0x0000000008003ec0       0x6c zephyr/libzephyr.a(usb_device.c.obj)
 .text.usb_handle_standard_request
                0x0000000008003f2c       0x70 zephyr/libzephyr.a(usb_device.c.obj)
 .text.composite_setup_ep_cb
                0x0000000008003f9c       0x44 zephyr/libzephyr.a(usb_device.c.obj)
 .text.usb_write
                0x0000000008003fe0       0x54 zephyr/libzephyr.a(usb_device.c.obj)
                0x0000000008003fe0                usb_write
 .text.usb_data_to_host
                0x0000000008004034       0x60 zephyr/libzephyr.a(usb_device.c.obj)
 .text.usb_handle_control_transfer
                0x0000000008004094      0x15c zephyr/libzephyr.a(usb_device.c.obj)
 .text.usb_set_config
                0x00000000080041f0       0x38 zephyr/libzephyr.a(usb_device.c.obj)
                0x00000000080041f0                usb_set_config
 .text.usb_enable
                0x0000000008004228      0x180 zephyr/libzephyr.a(usb_device.c.obj)
                0x0000000008004228                usb_enable
 .text.usb_get_cfg_data
                0x00000000080043a8       0x24 zephyr/libzephyr.a(usb_descriptor.c.obj)
 .text.usb_update_sn_string_descriptor
                0x00000000080043cc       0x88 zephyr/libzephyr.a(usb_descriptor.c.obj)
                0x00000000080043cc                usb_update_sn_string_descriptor
 .text.usb_fix_ascii_sn_string_descriptor
                0x0000000008004454       0x48 zephyr/libzephyr.a(usb_descriptor.c.obj)
 .text.usb_fix_descriptor
                0x000000000800449c      0x1c4 zephyr/libzephyr.a(usb_descriptor.c.obj)
 .text.usb_get_device_descriptor
                0x0000000008004660       0x48 zephyr/libzephyr.a(usb_descriptor.c.obj)
                0x0000000008004660                usb_get_device_descriptor
 .text.usb_ep_get_transfer
                0x00000000080046a8       0x38 zephyr/libzephyr.a(usb_transfer.c.obj)
 .text.usb_transfer_work
                0x00000000080046e0      0x160 zephyr/libzephyr.a(usb_transfer.c.obj)
 .text.usb_transfer_ep_callback
                0x0000000008004840       0x74 zephyr/libzephyr.a(usb_transfer.c.obj)
                0x0000000008004840                usb_transfer_ep_callback
 .text.usb_transfer
                0x00000000080048b4      0x120 zephyr/libzephyr.a(usb_transfer.c.obj)
                0x00000000080048b4                usb_transfer
 .text.usb_cancel_transfer
                0x00000000080049d4       0x40 zephyr/libzephyr.a(usb_transfer.c.obj)
                0x00000000080049d4                usb_cancel_transfer
 .text.usb_cancel_transfers
                0x0000000008004a14       0x64 zephyr/libzephyr.a(usb_transfer.c.obj)
                0x0000000008004a14                usb_cancel_transfers
 .text.usb_transfer_init
                0x0000000008004a78       0x40 zephyr/libzephyr.a(usb_transfer.c.obj)
                0x0000000008004a78                usb_transfer_init
 .text.cdc_acm_irq_rx_enable
                0x0000000008004ab8       0x24 zephyr/libzephyr.a(cdc_acm.c.obj)
 .text.cdc_acm_irq_tx_enable
                0x0000000008004adc       0x24 zephyr/libzephyr.a(cdc_acm.c.obj)
 .text.cdc_acm_read_cb
                0x0000000008004b00       0x78 zephyr/libzephyr.a(cdc_acm.c.obj)
 .text.cdc_acm_fifo_fill
                0x0000000008004b78       0x40 zephyr/libzephyr.a(cdc_acm.c.obj)
 .text.cdc_acm_write_cb
                0x0000000008004bb8       0x54 zephyr/libzephyr.a(cdc_acm.c.obj)
 .text.cdc_acm_poll_out
                0x0000000008004c0c       0x78 zephyr/libzephyr.a(cdc_acm.c.obj)
 .text.cdc_acm_class_handle_req
                0x0000000008004c84       0x74 zephyr/libzephyr.a(cdc_acm.c.obj)
                0x0000000008004c84                cdc_acm_class_handle_req
 .text.cdc_acm_int_in
                0x0000000008004cf8       0x18 zephyr/libzephyr.a(cdc_acm.c.obj)
 .text.cdc_acm_reset_port
                0x0000000008004d10       0x4c zephyr/libzephyr.a(cdc_acm.c.obj)
 .text.cdc_acm_do_cb
                0x0000000008004d5c       0x80 zephyr/libzephyr.a(cdc_acm.c.obj)
 .text.cdc_acm_dev_status_cb
                0x0000000008004ddc       0x20 zephyr/libzephyr.a(cdc_acm.c.obj)
 .text.cdc_acm_init
                0x0000000008004dfc       0x4c zephyr/libzephyr.a(cdc_acm.c.obj)
 .text.tx_work_handler
                0x0000000008004e48       0x6c zephyr/libzephyr.a(cdc_acm.c.obj)
 .text.z_usb_work_q_init
                0x0000000008004eb4       0x34 zephyr/libzephyr.a(usb_work_q.c.obj)
 .text.cmd_kernel_cycles
                0x0000000008004ee8       0x1c zephyr/libzephyr.a(cycles.c.obj)
 .text.cmd_kernel_sleep
                0x0000000008004f04       0x38 zephyr/libzephyr.a(sleep.c.obj)
 .text.cmd_kernel_version
                0x0000000008004f3c       0x18 zephyr/libzephyr.a(version.c.obj)
 .text.cmd_kernel_log_level_set
                0x0000000008004f54       0x90 zephyr/libzephyr.a(log-level.c.obj)
 .text.z_thread_is_valid
                0x0000000008004fe4       0x24 zephyr/libzephyr.a(thread.c.obj)
                0x0000000008004fe4                z_thread_is_valid
 .text.cmd_kernel_thread_list
                0x0000000008005008       0x34 zephyr/libzephyr.a(list.c.obj)
 .text.rt_stats_dump
                0x000000000800503c       0x6c zephyr/libzephyr.a(list.c.obj)
 .text.shell_tdata_dump
                0x00000000080050a8       0xc8 zephyr/libzephyr.a(list.c.obj)
 .text.cmd_kernel_thread_stacks
                0x0000000008005170       0x90 zephyr/libzephyr.a(stacks.c.obj)
 .text.shell_stack_dump
                0x0000000008005200       0x60 zephyr/libzephyr.a(stacks.c.obj)
 .text.cmd_kernel_thread_suspend
                0x0000000008005260       0x68 zephyr/libzephyr.a(suspend.c.obj)
 .text.cmd_kernel_thread_resume
                0x00000000080052c8       0x68 zephyr/libzephyr.a(resume.c.obj)
 .text.cmd_kernel_thread_kill
                0x0000000008005330       0x68 zephyr/libzephyr.a(kill.c.obj)
 .text.get_device_name
                0x0000000008005398       0x20 zephyr/libzephyr.a(device_service.c.obj)
 .text.cmd_device_list
                0x00000000080053b8       0xc4 zephyr/libzephyr.a(device_service.c.obj)
 .text.memory_read
                0x000000000800547c       0x40 zephyr/libzephyr.a(devmem_service.c.obj)
 .text.memory_write
                0x00000000080054bc       0x38 zephyr/libzephyr.a(devmem_service.c.obj)
 .text.cmd_devmem
                0x00000000080054f4       0x84 zephyr/libzephyr.a(devmem_service.c.obj)
 .text.set_bypass
                0x0000000008005578       0x50 zephyr/libzephyr.a(devmem_service.c.obj)
 .text.cmd_load
                0x00000000080055c8       0xc0 zephyr/libzephyr.a(devmem_service.c.obj)
 .text.bypass_cb
                0x0000000008005688      0x17c zephyr/libzephyr.a(devmem_service.c.obj)
 .text.memory_dump
                0x0000000008005804       0xd8 zephyr/libzephyr.a(devmem_service.c.obj)
 .text.cmd_dump
                0x00000000080058dc      0x114 zephyr/libzephyr.a(devmem_service.c.obj)
 .text.irq_init
                0x00000000080059f0       0x4c zephyr/libzephyr.a(shell_uart.c.obj)
 .text.uart_rx_handle
                0x0000000008005a3c       0xac zephyr/libzephyr.a(shell_uart.c.obj)
 .text.enable_shell_uart
                0x0000000008005ae8       0x38 zephyr/libzephyr.a(shell_uart.c.obj)
 .text.state_set
                0x0000000008005b20       0x4c zephyr/libzephyr.a(shell.c.obj)
 .text.kill_handler
                0x0000000008005b6c       0x2c zephyr/libzephyr.a(shell.c.obj)
 .text.z_clear_eos
                0x0000000008005b98       0x20 zephyr/libzephyr.a(shell.c.obj)
 .text.shell_internal_help_print
                0x0000000008005bb8       0x20 zephyr/libzephyr.a(shell.c.obj)
 .text.cmd_precheck
                0x0000000008005bd8       0x28 zephyr/libzephyr.a(shell.c.obj)
 .text.exec_cmd
                0x0000000008005c00       0xc8 zephyr/libzephyr.a(shell.c.obj)
 .text.wildcard_check_report
                0x0000000008005cc8       0x30 zephyr/libzephyr.a(shell.c.obj)
 .text.execute  0x0000000008005cf8      0x238 zephyr/libzephyr.a(shell.c.obj)
 .text.tab_prepare
                0x0000000008005f30       0xb8 zephyr/libzephyr.a(shell.c.obj)
 .text.autocomplete
                0x0000000008005fe8       0x98 zephyr/libzephyr.a(shell.c.obj)
 .text.tab_item_print
                0x0000000008006080       0x84 zephyr/libzephyr.a(shell.c.obj)
 .text.tab_options_print
                0x0000000008006104       0x80 zephyr/libzephyr.a(shell.c.obj)
 .text.ctrl_metakeys_handle
                0x0000000008006184       0xec zephyr/libzephyr.a(shell.c.obj)
 .text.state_collect
                0x0000000008006270      0x27c zephyr/libzephyr.a(shell.c.obj)
 .text.shell_start
                0x00000000080064ec       0x7c zephyr/libzephyr.a(shell.c.obj)
                0x00000000080064ec                shell_start
 .text.shell_thread
                0x0000000008006568       0xcc zephyr/libzephyr.a(shell.c.obj)
                0x0000000008006568                shell_thread
 .text.cmd_help
                0x0000000008006634       0x44 zephyr/libzephyr.a(shell.c.obj)
 .text.shell_hexdump_line
                0x0000000008006678       0xbc zephyr/libzephyr.a(shell.c.obj)
                0x0000000008006678                shell_hexdump_line
 .text.instance_init
                0x0000000008006734       0xa8 zephyr/libzephyr.a(shell.c.obj)
 .text.shell_init
                0x00000000080067dc       0x60 zephyr/libzephyr.a(shell.c.obj)
                0x00000000080067dc                shell_init
 .text.z_shell_fprintf_fmt
                0x000000000800683c       0x24 zephyr/libzephyr.a(shell_fprintf.c.obj)
                0x000000000800683c                z_shell_fprintf_fmt
 .text.buffer_trim
                0x0000000008006860       0x5c zephyr/libzephyr.a(shell_utils.c.obj)
 .text.make_argv
                0x00000000080068bc      0x194 zephyr/libzephyr.a(shell_utils.c.obj)
 .text.z_shell_make_argv
                0x0000000008006a50       0x4c zephyr/libzephyr.a(shell_utils.c.obj)
                0x0000000008006a50                z_shell_make_argv
 .text.z_shell_cmd_get
                0x0000000008006a9c       0x7c zephyr/libzephyr.a(shell_utils.c.obj)
                0x0000000008006a9c                z_shell_cmd_get
 .text.z_shell_spaces_trim
                0x0000000008006b18       0x78 zephyr/libzephyr.a(shell_utils.c.obj)
                0x0000000008006b18                z_shell_spaces_trim
 .text.shell_strtoul
                0x0000000008006b90       0x5c zephyr/libzephyr.a(shell_utils.c.obj)
                0x0000000008006b90                shell_strtoul
 .text.shift_calc
                0x0000000008006bec       0x44 zephyr/libzephyr.a(shell_ops.c.obj)
 .text.z_cursor_save
                0x0000000008006c30       0x20 zephyr/libzephyr.a(shell_ops.c.obj)
 .text.z_clear_eos
                0x0000000008006c50       0x20 zephyr/libzephyr.a(shell_ops.c.obj)
 .text.z_cursor_restore
                0x0000000008006c70       0x20 zephyr/libzephyr.a(shell_ops.c.obj)
 .text.vt100_bgcolor_set
                0x0000000008006c90       0x38 zephyr/libzephyr.a(shell_ops.c.obj)
 .text.z_shell_op_cursor_vert_move
                0x0000000008006cc8       0x34 zephyr/libzephyr.a(shell_ops.c.obj)
                0x0000000008006cc8                z_shell_op_cursor_vert_move
 .text.z_shell_op_cursor_horiz_move
                0x0000000008006cfc       0x34 zephyr/libzephyr.a(shell_ops.c.obj)
                0x0000000008006cfc                z_shell_op_cursor_horiz_move
 .text.char_replace
                0x0000000008006d30       0x54 zephyr/libzephyr.a(shell_ops.c.obj)
 .text.z_shell_op_cond_next_line
                0x0000000008006d84       0x20 zephyr/libzephyr.a(shell_ops.c.obj)
                0x0000000008006d84                z_shell_op_cond_next_line
 .text.z_shell_op_cursor_position_synchronize
                0x0000000008006da4       0x5c zephyr/libzephyr.a(shell_ops.c.obj)
                0x0000000008006da4                z_shell_op_cursor_position_synchronize
 .text.z_shell_print_cmd
                0x0000000008006e00       0x80 zephyr/libzephyr.a(shell_ops.c.obj)
                0x0000000008006e00                z_shell_print_cmd
 .text.z_shell_vt100_color_set
                0x0000000008006e80       0x54 zephyr/libzephyr.a(shell_ops.c.obj)
                0x0000000008006e80                z_shell_vt100_color_set
 .text.z_shell_op_word_remove
                0x0000000008006ed4       0xa0 zephyr/libzephyr.a(shell_ops.c.obj)
                0x0000000008006ed4                z_shell_op_word_remove
 .text.reprint_from_cursor
                0x0000000008006f74      0x100 zephyr/libzephyr.a(shell_ops.c.obj)
 .text.print_prompt
                0x0000000008007074       0x14 zephyr/libzephyr.a(shell_ops.c.obj)
 .text.formatted_text_print
                0x0000000008007088      0x100 zephyr/libzephyr.a(shell_help.c.obj)
 .text.formatted_structured_help_print
                0x0000000008007188       0x40 zephyr/libzephyr.a(shell_help.c.obj)
 .text.help_item_print
                0x00000000080071c8       0x80 zephyr/libzephyr.a(shell_help.c.obj)
 .text.z_shell_help_cmd_print
                0x0000000008007248       0x68 zephyr/libzephyr.a(shell_help.c.obj)
                0x0000000008007248                z_shell_help_cmd_print
 .text.z_shell_help_request
                0x00000000080072b0       0x2c zephyr/libzephyr.a(shell_help.c.obj)
                0x00000000080072b0                z_shell_help_request
 .text.cmd_clear
                0x00000000080072dc       0x3c zephyr/libzephyr.a(shell_cmds.c.obj)
 .text.z_cursor_save
                0x0000000008007318       0x20 zephyr/libzephyr.a(shell_cmds.c.obj)
 .text.z_cursor_restore
                0x0000000008007338       0x20 zephyr/libzephyr.a(shell_cmds.c.obj)
 .text.cmd_resize_default
                0x0000000008007358       0x30 zephyr/libzephyr.a(shell_cmds.c.obj)
 .text.cmd_shell_stats_show
                0x0000000008007388       0x14 zephyr/libzephyr.a(shell_cmds.c.obj)
 .text.cmd_backends
                0x000000000800739c       0x44 zephyr/libzephyr.a(shell_cmds.c.obj)
 .text.cmd_echo
                0x00000000080073e0       0x50 zephyr/libzephyr.a(shell_cmds.c.obj)
 .text.cmd_prompt_off
                0x0000000008007430       0x10 zephyr/libzephyr.a(shell_cmds.c.obj)
 .text.cmd_history
                0x0000000008007440       0x48 zephyr/libzephyr.a(shell_cmds.c.obj)
 .text.cursor_position_get
                0x0000000008007488      0x14c zephyr/libzephyr.a(shell_cmds.c.obj)
 .text.cmd_resize
                0x00000000080075d4       0x50 zephyr/libzephyr.a(shell_cmds.c.obj)
 .text.cmd_get_retval
                0x0000000008007624       0x1c zephyr/libzephyr.a(shell_cmds.c.obj)
 .text.commands_expand
                0x0000000008007640       0x90 zephyr/libzephyr.a(shell_wildcard.c.obj)
 .text.esf_dump
                0x00000000080076d0      0x190 zephyr/arch/arch/arm/core/libarch__arm__core.a(fatal.c.obj)
 .text.z_arm_fatal_error
                0x0000000008007860       0x40 zephyr/arch/arch/arm/core/libarch__arm__core.a(fatal.c.obj)
                0x0000000008007860                z_arm_fatal_error
 .text.z_SysNmiOnReset
                0x00000000080078a0        0x8 zephyr/arch/arch/arm/core/libarch__arm__core.a(nmi_on_reset.S.obj)
                0x00000000080078a0                z_SysNmiOnReset
 .text.z_tls_copy
                0x00000000080078a8       0x28 zephyr/arch/arch/arm/core/libarch__arm__core.a(tls.c.obj)
 .text.arch_tls_stack_setup
                0x00000000080078d0       0x28 zephyr/arch/arch/arm/core/libarch__arm__core.a(tls.c.obj)
                0x00000000080078d0                arch_tls_stack_setup
 .text._HandlerModeExit
                0x00000000080078f8       0x20 zephyr/arch/arch/arm/core/cortex_m/libarch__arm__core__cortex_m.a(exc_exit.c.obj)
                0x00000000080078f8                z_arm_int_exit
                0x00000000080078f8                z_arm_exc_exit
 .text.z_arm_is_synchronous_svc
                0x0000000008007918       0x3c zephyr/arch/arch/arm/core/cortex_m/libarch__arm__core__cortex_m.a(fault.c.obj)
 .text.get_esf  0x0000000008007954       0x54 zephyr/arch/arch/arm/core/cortex_m/libarch__arm__core__cortex_m.a(fault.c.obj)
 .text.usage_fault
                0x00000000080079a8      0x128 zephyr/arch/arch/arm/core/cortex_m/libarch__arm__core__cortex_m.a(fault.c.obj)
 .text.debug_monitor
                0x0000000008007ad0       0x28 zephyr/arch/arch/arm/core/cortex_m/libarch__arm__core__cortex_m.a(fault.c.obj)
 .text.reserved_exception
                0x0000000008007af8       0xe8 zephyr/arch/arch/arm/core/cortex_m/libarch__arm__core__cortex_m.a(fault.c.obj)
 .text.bus_fault
                0x0000000008007be0      0x174 zephyr/arch/arch/arm/core/cortex_m/libarch__arm__core__cortex_m.a(fault.c.obj)
 .text.mem_manage_fault
                0x0000000008007d54      0x1a0 zephyr/arch/arch/arm/core/cortex_m/libarch__arm__core__cortex_m.a(fault.c.obj)
 .text.hard_fault
                0x0000000008007ef4      0x104 zephyr/arch/arch/arm/core/cortex_m/libarch__arm__core__cortex_m.a(fault.c.obj)
 .text.z_arm_fault
                0x0000000008007ff8       0x88 zephyr/arch/arch/arm/core/cortex_m/libarch__arm__core__cortex_m.a(fault.c.obj)
                0x0000000008007ff8                z_arm_fault
 .text.z_arm_fault_init
                0x0000000008008080       0x18 zephyr/arch/arch/arm/core/cortex_m/libarch__arm__core__cortex_m.a(fault.c.obj)
                0x0000000008008080                z_arm_fault_init
 .text.__fault  0x0000000008008098       0x14 zephyr/arch/arch/arm/core/cortex_m/libarch__arm__core__cortex_m.a(fault_s.S.obj)
                0x0000000008008098                z_arm_usage_fault
                0x0000000008008098                z_arm_mpu_fault
                0x0000000008008098                z_arm_exc_spurious
                0x0000000008008098                z_arm_debug_monitor
                0x0000000008008098                z_arm_hard_fault
                0x0000000008008098                z_arm_bus_fault
 .text._reset_section
                0x00000000080080ac       0x44 zephyr/arch/arch/arm/core/cortex_m/libarch__arm__core__cortex_m.a(reset.S.obj)
                0x00000000080080ac                __start
                0x00000000080080ac                z_arm_reset
 .text.z_impl_k_thread_abort
                0x00000000080080f0       0x34 zephyr/arch/arch/arm/core/cortex_m/libarch__arm__core__cortex_m.a(thread_abort.c.obj)
                0x00000000080080f0                z_impl_k_thread_abort
 .text.z_arm_pendsv
                0x0000000008008124       0x78 zephyr/arch/arch/arm/core/cortex_m/libarch__arm__core__cortex_m.a(swap_helper.S.obj)
                0x0000000008008124                z_arm_pendsv
 .text.z_arm_svc
                0x000000000800819c       0x24 zephyr/arch/arch/arm/core/cortex_m/libarch__arm__core__cortex_m.a(swap_helper.S.obj)
                0x000000000800819c                z_arm_svc
 .text.__NVIC_EnableIRQ
                0x00000000080081c0       0x1c zephyr/arch/arch/arm/core/cortex_m/libarch__arm__core__cortex_m.a(irq_manage.c.obj)
 .text.__NVIC_DisableIRQ
                0x00000000080081dc       0x24 zephyr/arch/arch/arm/core/cortex_m/libarch__arm__core__cortex_m.a(irq_manage.c.obj)
 .text.__NVIC_SetPriority
                0x0000000008008200       0x28 zephyr/arch/arch/arm/core/cortex_m/libarch__arm__core__cortex_m.a(irq_manage.c.obj)
 .text.relocate_vector_table
                0x0000000008008228       0x1c zephyr/arch/arch/arm/core/cortex_m/libarch__arm__core__cortex_m.a(prep_c.c.obj)
                0x0000000008008228                relocate_vector_table
 .text.z_prep_c
                0x0000000008008244       0x38 zephyr/arch/arch/arm/core/cortex_m/libarch__arm__core__cortex_m.a(prep_c.c.obj)
                0x0000000008008244                z_prep_c
 .text.arch_new_thread
                0x000000000800827c       0x44 zephyr/arch/arch/arm/core/cortex_m/libarch__arm__core__cortex_m.a(thread.c.obj)
                0x000000000800827c                arch_new_thread
 .text.z_check_thread_stack_fail
                0x00000000080082c0       0x48 zephyr/arch/arch/arm/core/cortex_m/libarch__arm__core__cortex_m.a(thread.c.obj)
                0x00000000080082c0                z_check_thread_stack_fail
 .text.arch_switch_to_main_thread
                0x0000000008008308       0x48 zephyr/arch/arch/arm/core/cortex_m/libarch__arm__core__cortex_m.a(thread.c.obj)
                0x0000000008008308                arch_switch_to_main_thread
 .text.z_arm_cpu_idle_init
                0x0000000008008350        0xc zephyr/arch/arch/arm/core/cortex_m/libarch__arm__core__cortex_m.a(cpu_idle.c.obj)
                0x0000000008008350                z_arm_cpu_idle_init
 .text.z_arm_interrupt_init
                0x000000000800835c       0x34 zephyr/arch/arch/arm/core/cortex_m/libarch__arm__core__cortex_m.a(irq_init.c.obj)
                0x000000000800835c                z_arm_interrupt_init
 .text._isr_wrapper
                0x0000000008008390       0x20 zephyr/arch/arch/arm/core/cortex_m/libarch__arm__core__cortex_m.a(isr_wrapper.c.obj)
                0x0000000008008390                _isr_wrapper
 .text.z_arm_configure_static_mpu_regions
                0x00000000080083b0       0x1c zephyr/arch/arch/arm/core/mpu/libarch__arm__core__mpu.a(arm_core_mpu.c.obj)
                0x00000000080083b0                z_arm_configure_static_mpu_regions
 .text.z_arm_configure_dynamic_mpu_regions
                0x00000000080083cc       0x24 zephyr/arch/arch/arm/core/mpu/libarch__arm__core__mpu.a(arm_core_mpu.c.obj)
                0x00000000080083cc                z_arm_configure_dynamic_mpu_regions
 .text.region_init
                0x00000000080083f0       0x28 zephyr/arch/arch/arm/core/mpu/libarch__arm__core__mpu.a(arm_mpu.c.obj)
 .text.region_allocate_and_init
                0x0000000008008418       0x48 zephyr/arch/arch/arm/core/mpu/libarch__arm__core__mpu.a(arm_mpu.c.obj)
 .text.mpu_configure_regions
                0x0000000008008460       0x70 zephyr/arch/arch/arm/core/mpu/libarch__arm__core__mpu.a(arm_mpu.c.obj)
 .text.mpu_configure_static_mpu_regions
                0x00000000080084d0       0x14 zephyr/arch/arch/arm/core/mpu/libarch__arm__core__mpu.a(arm_mpu.c.obj)
 .text.mpu_configure_dynamic_mpu_regions
                0x00000000080084e4       0x3c zephyr/arch/arch/arm/core/mpu/libarch__arm__core__mpu.a(arm_mpu.c.obj)
 .text.arm_core_mpu_enable
                0x0000000008008520       0x18 zephyr/arch/arch/arm/core/mpu/libarch__arm__core__mpu.a(arm_mpu.c.obj)
                0x0000000008008520                arm_core_mpu_enable
 .text.arm_core_mpu_disable
                0x0000000008008538       0x14 zephyr/arch/arch/arm/core/mpu/libarch__arm__core__mpu.a(arm_mpu.c.obj)
                0x0000000008008538                arm_core_mpu_disable
 .text.z_arm_mpu_init
                0x000000000800854c       0x80 zephyr/arch/arch/arm/core/mpu/libarch__arm__core__mpu.a(arm_mpu.c.obj)
                0x000000000800854c                z_arm_mpu_init
 .text.cbvprintf
                0x00000000080085cc       0x34 zephyr/lib/libc/picolibc/liblib__libc__picolibc.a(cbprintf.c.obj)
                0x00000000080085cc                cbvprintf
 .text.z_impl_zephyr_fputc
                0x0000000008008600       0x10 zephyr/lib/libc/picolibc/liblib__libc__picolibc.a(stdio.c.obj)
                0x0000000008008600                z_impl_zephyr_fputc
 .text.__stdout_hook_install
                0x0000000008008610       0x18 zephyr/lib/libc/picolibc/liblib__libc__picolibc.a(stdio.c.obj)
                0x0000000008008610                __stdout_hook_install
 .text.malloc_prepare
                0x0000000008008628       0x24 zephyr/lib/libc/common/liblib__libc__common.a(malloc.c.obj)
 .text.foldcase
                0x000000000800864c       0x24 zephyr/lib/posix/options/liblib__posix__options.a(fnmatch.c.obj)
 .text.getopt_init
                0x0000000008008670       0x48 zephyr/lib/posix/options/liblib__posix__options.a(getopt.c.obj)
                0x0000000008008670                getopt_init
 .text.getopt   0x00000000080086b8      0x130 zephyr/lib/posix/options/liblib__posix__options.a(getopt.c.obj)
                0x00000000080086b8                getopt
 .text.z_getopt_global_state_update
                0x00000000080087e8       0x34 zephyr/lib/posix/options/liblib__posix__options.a(getopt_common.c.obj)
                0x00000000080087e8                z_getopt_global_state_update
 .text.getopt_state_get
                0x000000000800881c        0x8 zephyr/lib/posix/options/liblib__posix__options.a(getopt_common.c.obj)
                0x000000000800881c                getopt_state_get
 .text.rand32_get
                0x0000000008008824       0x5c zephyr/subsys/random/libsubsys__random.a(random_timer.c.obj)
 .text.stm32_exti_isr
                0x0000000008008880       0x48 zephyr/drivers/interrupt_controller/libdrivers__interrupt_controller.a(intc_exti_stm32.c.obj)
 .text.stm32_exti_enable_registers
                0x00000000080088c8       0x3c zephyr/drivers/interrupt_controller/libdrivers__interrupt_controller.a(intc_exti_stm32.c.obj)
 .text.stm32_fill_irq_table
                0x0000000008008904       0x24 zephyr/drivers/interrupt_controller/libdrivers__interrupt_controller.a(intc_exti_stm32.c.obj)
 .text.LL_SYSCFG_SetEXTISource
                0x0000000008008928       0x38 zephyr/drivers/interrupt_controller/libdrivers__interrupt_controller.a(intc_exti_stm32.c.obj)
 .text.LL_SYSCFG_GetEXTISource
                0x0000000008008960       0x28 zephyr/drivers/interrupt_controller/libdrivers__interrupt_controller.a(intc_exti_stm32.c.obj)
 .text.stm32_gpio_intc_enable_line
                0x0000000008008988       0x30 zephyr/drivers/interrupt_controller/libdrivers__interrupt_controller.a(intc_exti_stm32.c.obj)
                0x0000000008008988                stm32_gpio_intc_enable_line
 .text.stm32_gpio_intc_disable_line
                0x00000000080089b8       0x10 zephyr/drivers/interrupt_controller/libdrivers__interrupt_controller.a(intc_exti_stm32.c.obj)
                0x00000000080089b8                stm32_gpio_intc_disable_line
 .text.stm32_gpio_intc_select_line_trigger
                0x00000000080089c8       0x58 zephyr/drivers/interrupt_controller/libdrivers__interrupt_controller.a(intc_exti_stm32.c.obj)
                0x00000000080089c8                stm32_gpio_intc_select_line_trigger
 .text.stm32_gpio_intc_set_irq_callback
                0x0000000008008a20       0x4c zephyr/drivers/interrupt_controller/libdrivers__interrupt_controller.a(intc_exti_stm32.c.obj)
                0x0000000008008a20                stm32_gpio_intc_set_irq_callback
 .text.stm32_gpio_intc_remove_irq_callback
                0x0000000008008a6c       0x24 zephyr/drivers/interrupt_controller/libdrivers__interrupt_controller.a(intc_exti_stm32.c.obj)
                0x0000000008008a6c                stm32_gpio_intc_remove_irq_callback
 .text.usb_dc_stm32_get_ep_state
                0x0000000008008a90       0x2c zephyr/drivers/usb/device/libdrivers__usb__device.a(usb_dc_stm32.c.obj)
 .text.usb_dc_stm32_phy_specific_clock_enable
                0x0000000008008abc       0xcc zephyr/drivers/usb/device/libdrivers__usb__device.a(usb_dc_stm32.c.obj)
 .text.usb_dc_stm32_clock_enable
                0x0000000008008b88       0x4c zephyr/drivers/usb/device/libdrivers__usb__device.a(usb_dc_stm32.c.obj)
 .text.usb_dc_stm32_init
                0x0000000008008bd4      0x140 zephyr/drivers/usb/device/libdrivers__usb__device.a(usb_dc_stm32.c.obj)
 .text.usb_dc_stm32_isr
                0x0000000008008d14       0x10 zephyr/drivers/usb/device/libdrivers__usb__device.a(usb_dc_stm32.c.obj)
 .text.usb_dc_set_status_callback
                0x0000000008008d24        0xc zephyr/drivers/usb/device/libdrivers__usb__device.a(usb_dc_stm32.c.obj)
                0x0000000008008d24                usb_dc_set_status_callback
 .text.usb_dc_set_address
                0x0000000008008d30       0x44 zephyr/drivers/usb/device/libdrivers__usb__device.a(usb_dc_stm32.c.obj)
                0x0000000008008d30                usb_dc_set_address
 .text.usb_dc_ep_start_read
                0x0000000008008d74       0x8c zephyr/drivers/usb/device/libdrivers__usb__device.a(usb_dc_stm32.c.obj)
                0x0000000008008d74                usb_dc_ep_start_read
 .text.usb_dc_ep_get_read_count
                0x0000000008008e00       0x44 zephyr/drivers/usb/device/libdrivers__usb__device.a(usb_dc_stm32.c.obj)
                0x0000000008008e00                usb_dc_ep_get_read_count
 .text.usb_dc_ep_check_cap
                0x0000000008008e44       0x60 zephyr/drivers/usb/device/libdrivers__usb__device.a(usb_dc_stm32.c.obj)
                0x0000000008008e44                usb_dc_ep_check_cap
 .text.usb_dc_ep_set_stall
                0x0000000008008ea4       0x54 zephyr/drivers/usb/device/libdrivers__usb__device.a(usb_dc_stm32.c.obj)
                0x0000000008008ea4                usb_dc_ep_set_stall
 .text.usb_dc_ep_clear_stall
                0x0000000008008ef8       0x5c zephyr/drivers/usb/device/libdrivers__usb__device.a(usb_dc_stm32.c.obj)
                0x0000000008008ef8                usb_dc_ep_clear_stall
 .text.usb_dc_ep_enable
                0x0000000008008f54       0x74 zephyr/drivers/usb/device/libdrivers__usb__device.a(usb_dc_stm32.c.obj)
                0x0000000008008f54                usb_dc_ep_enable
 .text.usb_dc_ep_disable
                0x0000000008008fc8       0x50 zephyr/drivers/usb/device/libdrivers__usb__device.a(usb_dc_stm32.c.obj)
                0x0000000008008fc8                usb_dc_ep_disable
 .text.usb_dc_ep_write
                0x0000000008009018      0x10c zephyr/drivers/usb/device/libdrivers__usb__device.a(usb_dc_stm32.c.obj)
                0x0000000008009018                usb_dc_ep_write
 .text.usb_dc_ep_read_wait
                0x0000000008009124       0xcc zephyr/drivers/usb/device/libdrivers__usb__device.a(usb_dc_stm32.c.obj)
                0x0000000008009124                usb_dc_ep_read_wait
 .text.usb_dc_ep_read_continue
                0x00000000080091f0       0x5c zephyr/drivers/usb/device/libdrivers__usb__device.a(usb_dc_stm32.c.obj)
                0x00000000080091f0                usb_dc_ep_read_continue
 .text.HAL_PCD_ResetCallback
                0x000000000800924c       0x50 zephyr/drivers/usb/device/libdrivers__usb__device.a(usb_dc_stm32.c.obj)
                0x000000000800924c                HAL_PCD_ResetCallback
 .text.HAL_PCD_ConnectCallback
                0x000000000800929c       0x18 zephyr/drivers/usb/device/libdrivers__usb__device.a(usb_dc_stm32.c.obj)
                0x000000000800929c                HAL_PCD_ConnectCallback
 .text.HAL_PCD_DisconnectCallback
                0x00000000080092b4       0x18 zephyr/drivers/usb/device/libdrivers__usb__device.a(usb_dc_stm32.c.obj)
                0x00000000080092b4                HAL_PCD_DisconnectCallback
 .text.HAL_PCD_SuspendCallback
                0x00000000080092cc       0x18 zephyr/drivers/usb/device/libdrivers__usb__device.a(usb_dc_stm32.c.obj)
                0x00000000080092cc                HAL_PCD_SuspendCallback
 .text.HAL_PCD_ResumeCallback
                0x00000000080092e4       0x18 zephyr/drivers/usb/device/libdrivers__usb__device.a(usb_dc_stm32.c.obj)
                0x00000000080092e4                HAL_PCD_ResumeCallback
 .text.HAL_PCD_SetupStageCallback
                0x00000000080092fc       0x4c zephyr/drivers/usb/device/libdrivers__usb__device.a(usb_dc_stm32.c.obj)
                0x00000000080092fc                HAL_PCD_SetupStageCallback
 .text.stm32_clock_switch_to_hsi
                0x0000000008009348       0x38 zephyr/drivers/clock_control/libdrivers__clock_control.a(clock_stm32_ll_common.c.obj)
 .text.set_up_fixed_clock_sources
                0x0000000008009380       0x38 zephyr/drivers/clock_control/libdrivers__clock_control.a(clock_stm32_ll_common.c.obj)
 .text.stm32_clock_control_get_subsys_rate
                0x00000000080093b8      0x110 zephyr/drivers/clock_control/libdrivers__clock_control.a(clock_stm32_ll_common.c.obj)
 .text.set_up_plls
                0x00000000080094c8       0x64 zephyr/drivers/clock_control/libdrivers__clock_control.a(clock_stm32_ll_common.c.obj)
 .text.stm32_clock_control_init
                0x000000000800952c       0x9c zephyr/drivers/clock_control/libdrivers__clock_control.a(clock_stm32_ll_common.c.obj)
                0x000000000800952c                stm32_clock_control_init
 .text.get_pllsrc_frequency
                0x00000000080095c8        0x8 zephyr/drivers/clock_control/libdrivers__clock_control.a(clock_stm32f2_f4_f7.c.obj)
                0x00000000080095c8                get_pllsrc_frequency
 .text.config_pll_sysclock
                0x00000000080095d0       0x44 zephyr/drivers/clock_control/libdrivers__clock_control.a(clock_stm32f2_f4_f7.c.obj)
                0x00000000080095d0                config_pll_sysclock
 .text.config_enable_default_clocks
                0x0000000008009614       0x20 zephyr/drivers/clock_control/libdrivers__clock_control.a(clock_stm32f2_f4_f7.c.obj)
                0x0000000008009614                config_enable_default_clocks
 .text.console_out
                0x0000000008009634       0x28 zephyr/drivers/console/libdrivers__console.a(uart_console.c.obj)
 .text.uart_console_hook_install
                0x000000000800965c       0x18 zephyr/drivers/console/libdrivers__console.a(uart_console.c.obj)
 .text.uart_console_init
                0x0000000008009674       0x1c zephyr/drivers/console/libdrivers__console.a(uart_console.c.obj)
 .text.gpio_stm32_clock_request
                0x0000000008009690       0x3c zephyr/drivers/gpio/libdrivers__gpio.a(gpio_stm32.c.obj)
 .text.gpio_stm32_pin_interrupt_configure
                0x00000000080096cc       0x94 zephyr/drivers/gpio/libdrivers__gpio.a(gpio_stm32.c.obj)
 .text.gpio_stm32_init
                0x0000000008009760       0x28 zephyr/drivers/gpio/libdrivers__gpio.a(gpio_stm32.c.obj)
 .text.z_impl_hwinfo_get_device_id
                0x0000000008009788       0x7c zephyr/drivers/hwinfo/libdrivers__hwinfo.a(hwinfo_stm32.c.obj)
                0x0000000008009788                z_impl_hwinfo_get_device_id
 .text.stm32_pin_configure
                0x0000000008009804       0x40 zephyr/drivers/pinctrl/libdrivers__pinctrl.a(pinctrl_stm32.c.obj)
 .text.LL_USART_SetBaudRate
                0x0000000008009844       0xcc zephyr/drivers/serial/libdrivers__serial.a(uart_stm32.c.obj)
 .text.uart_stm32_poll_in
                0x0000000008009910       0x10 zephyr/drivers/serial/libdrivers__serial.a(uart_stm32.c.obj)
 .text.uart_stm32_poll_out
                0x0000000008009920       0x10 zephyr/drivers/serial/libdrivers__serial.a(uart_stm32.c.obj)
 .text.uart_stm32_fifo_fill
                0x0000000008009930       0x2c zephyr/drivers/serial/libdrivers__serial.a(uart_stm32.c.obj)
 .text.uart_stm32_fifo_read
                0x000000000800995c       0x2c zephyr/drivers/serial/libdrivers__serial.a(uart_stm32.c.obj)
 .text.uart_stm32_irq_err_enable
                0x0000000008009988       0x80 zephyr/drivers/serial/libdrivers__serial.a(uart_stm32.c.obj)
 .text.uart_stm32_irq_err_disable
                0x0000000008009a08       0x80 zephyr/drivers/serial/libdrivers__serial.a(uart_stm32.c.obj)
 .text.uart_stm32_set_baudrate
                0x0000000008009a88       0x54 zephyr/drivers/serial/libdrivers__serial.a(uart_stm32.c.obj)
 .text.uart_stm32_configure
                0x0000000008009adc      0x130 zephyr/drivers/serial/libdrivers__serial.a(uart_stm32.c.obj)
 .text.uart_stm32_clocks_enable
                0x0000000008009c0c       0x6c zephyr/drivers/serial/libdrivers__serial.a(uart_stm32.c.obj)
 .text.uart_stm32_registers_configure
                0x0000000008009c78       0x80 zephyr/drivers/serial/libdrivers__serial.a(uart_stm32.c.obj)
 .text.elapsed  0x0000000008009cf8       0x48 zephyr/drivers/timer/libdrivers__timer.a(cortex_m_systick.c.obj)
 .text.sys_clock_driver_init
                0x0000000008009d40       0x38 zephyr/drivers/timer/libdrivers__timer.a(cortex_m_systick.c.obj)
 .text.sys_clock_isr
                0x0000000008009d78       0x68 zephyr/drivers/timer/libdrivers__timer.a(cortex_m_systick.c.obj)
                0x0000000008009d78                sys_clock_isr
 .text.sys_clock_set_timeout
                0x0000000008009de0      0x120 zephyr/drivers/timer/libdrivers__timer.a(cortex_m_systick.c.obj)
                0x0000000008009de0                sys_clock_set_timeout
 .text.sys_clock_elapsed
                0x0000000008009f00       0x40 zephyr/drivers/timer/libdrivers__timer.a(cortex_m_systick.c.obj)
                0x0000000008009f00                sys_clock_elapsed
 .text.sys_clock_cycle_get_32
                0x0000000008009f40       0x28 zephyr/drivers/timer/libdrivers__timer.a(cortex_m_systick.c.obj)
                0x0000000008009f40                sys_clock_cycle_get_32
 .text.HAL_RCC_GetSysClockFreq
                0x0000000008009f68       0xdc modules/hal_stm32/stm32cube/lib..__modules__hal__stm32__stm32cube.a(stm32f4xx_hal_rcc.c.obj)
                0x0000000008009f68                HAL_RCC_GetSysClockFreq
 .text.HAL_RCC_GetHCLKFreq
                0x000000000800a044        0xc modules/hal_stm32/stm32cube/lib..__modules__hal__stm32__stm32cube.a(stm32f4xx_hal_rcc.c.obj)
                0x000000000800a044                HAL_RCC_GetHCLKFreq
 .text.PCD_EP_OutXfrComplete_int
                0x000000000800a050      0x104 modules/hal_stm32/stm32cube/lib..__modules__hal__stm32__stm32cube.a(stm32f4xx_hal_pcd.c.obj)
 .text.PCD_EP_OutSetupPacket_int
                0x000000000800a154       0x50 modules/hal_stm32/stm32cube/lib..__modules__hal__stm32__stm32cube.a(stm32f4xx_hal_pcd.c.obj)
 .text.USB_SetTurnaroundTime
                0x000000000800a1a4       0xe4 modules/hal_stm32/stm32cube/lib..__modules__hal__stm32__stm32cube.a(stm32f4xx_ll_usb.c.obj)
                0x000000000800a1a4                USB_SetTurnaroundTime
 .text.USB_DevInit
                0x000000000800a288      0x194 modules/hal_stm32/stm32cube/lib..__modules__hal__stm32__stm32cube.a(stm32f4xx_ll_usb.c.obj)
                0x000000000800a288                USB_DevInit
 .text.USB_DeactivateEndpoint
                0x000000000800a41c       0xe0 modules/hal_stm32/stm32cube/lib..__modules__hal__stm32__stm32cube.a(stm32f4xx_ll_usb.c.obj)
                0x000000000800a41c                USB_DeactivateEndpoint
 .text.USB_EPStartXfer
                0x000000000800a4fc      0x250 modules/hal_stm32/stm32cube/lib..__modules__hal__stm32__stm32cube.a(stm32f4xx_ll_usb.c.obj)
                0x000000000800a4fc                USB_EPStartXfer
 .text.USB_EP0_OutStart
                0x000000000800a74c       0x5c modules/hal_stm32/stm32cube/lib..__modules__hal__stm32__stm32cube.a(stm32f4xx_ll_usb.c.obj)
                0x000000000800a74c                USB_EP0_OutStart
 .text.LL_SetFlashLatency
                0x000000000800a7a8      0x124 modules/hal_stm32/stm32cube/lib..__modules__hal__stm32__stm32cube.a(stm32f4xx_ll_utils.c.obj)
                0x000000000800a7a8                LL_SetFlashLatency
 .text.z_device_state_init
                0x000000000800a8cc       0x18 zephyr/kernel/libkernel.a(device.c.obj)
                0x000000000800a8cc                z_device_state_init
 .text.z_device_get_all_static
                0x000000000800a8e4       0x20 zephyr/kernel/libkernel.a(device.c.obj)
                0x000000000800a8e4                z_device_get_all_static
 .text.reason_to_str
                0x000000000800a904       0x40 zephyr/kernel/libkernel.a(fatal.c.obj)
 .text.thread_name_get
                0x000000000800a944       0x20 zephyr/kernel/libkernel.a(fatal.c.obj)
 .text.k_sys_fatal_error_handler
                0x000000000800a964       0x2c zephyr/kernel/libkernel.a(fatal.c.obj)
                0x000000000800a964                k_sys_fatal_error_handler
 .text.z_fatal_error
                0x000000000800a990      0x210 zephyr/kernel/libkernel.a(fatal.c.obj)
                0x000000000800a990                z_fatal_error
 .text.init_idle_thread
                0x000000000800aba0       0x60 zephyr/kernel/libkernel.a(init.c.obj)
 .text.z_sys_init_run_level
                0x000000000800ac00       0x50 zephyr/kernel/libkernel.a(init.c.obj)
 .text.thread_schedule_new
                0x000000000800ac50       0x1c zephyr/kernel/libkernel.a(init.c.obj)
 .text.z_init_static_threads
                0x000000000800ac6c       0x70 zephyr/kernel/libkernel.a(init.c.obj)
 .text.bg_thread_main
                0x000000000800acdc       0x34 zephyr/kernel/libkernel.a(init.c.obj)
 .text.switch_to_main_thread
                0x000000000800ad10       0x14 zephyr/kernel/libkernel.a(init.c.obj)
 .text.z_bss_zero
                0x000000000800ad24       0x2c zephyr/kernel/libkernel.a(init.c.obj)
                0x000000000800ad24                z_bss_zero
 .text.z_init_cpu
                0x000000000800ad50       0x50 zephyr/kernel/libkernel.a(init.c.obj)
                0x000000000800ad50                z_init_cpu
 .text.prepare_multithreading
                0x000000000800ada0       0x60 zephyr/kernel/libkernel.a(init.c.obj)
 .text.z_cstart
                0x000000000800ae00       0x80 zephyr/kernel/libkernel.a(init.c.obj)
                0x000000000800ae00                z_cstart
 .text.z_impl_k_mutex_lock
                0x000000000800ae80      0x100 zephyr/kernel/libkernel.a(mutex.c.obj)
                0x000000000800ae80                z_impl_k_mutex_lock
 .text.z_impl_k_mutex_unlock
                0x000000000800af80       0xac zephyr/kernel/libkernel.a(mutex.c.obj)
                0x000000000800af80                z_impl_k_mutex_unlock
 .text.z_impl_k_sem_give
                0x000000000800b02c       0x90 zephyr/kernel/libkernel.a(sem.c.obj)
                0x000000000800b02c                z_impl_k_sem_give
 .text.z_impl_k_sem_take
                0x000000000800b0bc       0x50 zephyr/kernel/libkernel.a(sem.c.obj)
                0x000000000800b0bc                z_impl_k_sem_take
 .text.queue_submit_locked
                0x000000000800b10c       0x80 zephyr/kernel/libkernel.a(work.c.obj)
 .text.finalize_cancel_locked
                0x000000000800b18c       0x5c zephyr/kernel/libkernel.a(work.c.obj)
 .text.work_queue_main
                0x000000000800b1e8      0x110 zephyr/kernel/libkernel.a(work.c.obj)
 .text.schedule_for_queue_locked
                0x000000000800b2f8       0x34 zephyr/kernel/libkernel.a(work.c.obj)
 .text.k_work_queue_start
                0x000000000800b32c       0x8c zephyr/kernel/libkernel.a(work.c.obj)
                0x000000000800b32c                k_work_queue_start
 .text.thread_schedule_new
                0x000000000800b3b8       0x1c zephyr/kernel/libkernel.a(thread.c.obj)
 .text.z_impl_k_thread_name_set
                0x000000000800b3d4       0x24 zephyr/kernel/libkernel.a(thread.c.obj)
                0x000000000800b3d4                z_impl_k_thread_name_set
 .text.k_thread_state_str
                0x000000000800b3f8       0x78 zephyr/kernel/libkernel.a(thread.c.obj)
                0x000000000800b3f8                k_thread_state_str
 .text.z_setup_new_thread
                0x000000000800b470       0xd8 zephyr/kernel/libkernel.a(thread.c.obj)
                0x000000000800b470                z_setup_new_thread
 .text.z_thread_mark_switched_in
                0x000000000800b548       0x10 zephyr/kernel/libkernel.a(thread.c.obj)
                0x000000000800b548                z_thread_mark_switched_in
 .text.z_dummy_thread_init
                0x000000000800b558       0x24 zephyr/kernel/libkernel.a(thread.c.obj)
                0x000000000800b558                z_dummy_thread_init
 .text.z_swap_irqlock
                0x000000000800b57c       0x34 zephyr/kernel/libkernel.a(sched.c.obj)
 .text.ready_thread
                0x000000000800b5b0       0xb4 zephyr/kernel/libkernel.a(sched.c.obj)
 .text.unready_thread
                0x000000000800b664       0x68 zephyr/kernel/libkernel.a(sched.c.obj)
 .text.thread_halt_spin
                0x000000000800b6cc      0x114 zephyr/kernel/libkernel.a(sched.c.obj)
 .text.add_thread_timeout
                0x000000000800b7e0       0x20 zephyr/kernel/libkernel.a(sched.c.obj)
 .text.move_thread_to_end_of_prio_q
                0x000000000800b800       0xc8 zephyr/kernel/libkernel.a(sched.c.obj)
                0x000000000800b800                move_thread_to_end_of_prio_q
 .text.z_impl_k_thread_suspend
                0x000000000800b8c8      0x170 zephyr/kernel/libkernel.a(sched.c.obj)
                0x000000000800b8c8                z_impl_k_thread_suspend
 .text.z_pend_curr
                0x000000000800ba38       0x38 zephyr/kernel/libkernel.a(sched.c.obj)
                0x000000000800ba38                z_pend_curr
 .text.z_thread_prio_set
                0x000000000800ba70      0x14c zephyr/kernel/libkernel.a(sched.c.obj)
                0x000000000800ba70                z_thread_prio_set
 .text.z_reschedule
                0x000000000800bbbc       0x2c zephyr/kernel/libkernel.a(sched.c.obj)
                0x000000000800bbbc                z_reschedule
 .text.z_impl_k_thread_resume
                0x000000000800bbe8       0x3c zephyr/kernel/libkernel.a(sched.c.obj)
                0x000000000800bbe8                z_impl_k_thread_resume
 .text.z_reschedule_irqlock
                0x000000000800bc24       0x2c zephyr/kernel/libkernel.a(sched.c.obj)
                0x000000000800bc24                z_reschedule_irqlock
 .text.k_sched_lock
                0x000000000800bc50       0x30 zephyr/kernel/libkernel.a(sched.c.obj)
                0x000000000800bc50                k_sched_lock
 .text.k_sched_unlock
                0x000000000800bc80       0x70 zephyr/kernel/libkernel.a(sched.c.obj)
                0x000000000800bc80                k_sched_unlock
 .text.z_sched_init
                0x000000000800bcf0       0x10 zephyr/kernel/libkernel.a(sched.c.obj)
                0x000000000800bcf0                z_sched_init
 .text.z_impl_k_yield
                0x000000000800bd00       0xa0 zephyr/kernel/libkernel.a(sched.c.obj)
                0x000000000800bd00                z_impl_k_yield
 .text.z_tick_sleep
                0x000000000800bda0       0x7c zephyr/kernel/libkernel.a(sched.c.obj)
 .text.z_impl_k_sleep
                0x000000000800be1c       0x84 zephyr/kernel/libkernel.a(sched.c.obj)
                0x000000000800be1c                z_impl_k_sleep
 .text.z_impl_k_usleep
                0x000000000800bea0       0x6c zephyr/kernel/libkernel.a(sched.c.obj)
                0x000000000800bea0                z_impl_k_usleep
 .text.z_impl_k_wakeup
                0x000000000800bf0c       0x48 zephyr/kernel/libkernel.a(sched.c.obj)
                0x000000000800bf0c                z_impl_k_wakeup
 .text.z_impl_k_sched_current_thread_query
                0x000000000800bf54        0xc zephyr/kernel/libkernel.a(sched.c.obj)
                0x000000000800bf54                z_impl_k_sched_current_thread_query
 .text.z_thread_abort
                0x000000000800bf60      0x164 zephyr/kernel/libkernel.a(sched.c.obj)
                0x000000000800bf60                z_thread_abort
 .text.z_sched_wait
                0x000000000800c0c4       0x28 zephyr/kernel/libkernel.a(sched.c.obj)
                0x000000000800c0c4                z_sched_wait
 .text.slice_timeout
                0x000000000800c0ec       0x20 zephyr/kernel/libkernel.a(timeslicing.c.obj)
 .text.thread_is_sliceable
                0x000000000800c10c       0x4c zephyr/kernel/libkernel.a(timeslicing.c.obj)
                0x000000000800c10c                thread_is_sliceable
 .text.z_reset_time_slice
                0x000000000800c158       0x50 zephyr/kernel/libkernel.a(timeslicing.c.obj)
                0x000000000800c158                z_reset_time_slice
 .text.z_time_slice
                0x000000000800c1a8       0x70 zephyr/kernel/libkernel.a(timeslicing.c.obj)
                0x000000000800c1a8                z_time_slice
 .text.thread_foreach_helper
                0x000000000800c218       0x64 zephyr/kernel/libkernel.a(thread_monitor.c.obj)
 .text.z_thread_monitor_exit
                0x000000000800c27c       0x44 zephyr/kernel/libkernel.a(thread_monitor.c.obj)
                0x000000000800c27c                z_thread_monitor_exit
 .text.z_data_copy
                0x000000000800c2c0       0x4c zephyr/kernel/libkernel.a(xip.c.obj)
                0x000000000800c2c0                z_data_copy
 .text.first    0x000000000800c30c       0x14 zephyr/kernel/libkernel.a(timeout.c.obj)
 .text.next     0x000000000800c320       0x18 zephyr/kernel/libkernel.a(timeout.c.obj)
 .text.elapsed  0x000000000800c338       0x18 zephyr/kernel/libkernel.a(timeout.c.obj)
 .text.z_add_timeout
                0x000000000800c350      0x134 zephyr/kernel/libkernel.a(timeout.c.obj)
                0x000000000800c350                z_add_timeout
 .text.sys_clock_announce
                0x000000000800c484       0xc4 zephyr/kernel/libkernel.a(timeout.c.obj)
                0x000000000800c484                sys_clock_announce
 .text.sys_clock_tick_get
                0x000000000800c548       0x40 zephyr/kernel/libkernel.a(timeout.c.obj)
                0x000000000800c548                sys_clock_tick_get
 .text.z_timer_expiration_handler
                0x000000000800c588      0x11c zephyr/kernel/libkernel.a(timer.c.obj)
                0x000000000800c588                z_timer_expiration_handler
 .text.z_impl_k_timer_start
                0x000000000800c6a4       0x70 zephyr/kernel/libkernel.a(timer.c.obj)
                0x000000000800c6a4                z_impl_k_timer_start
 .text.clear_event_registration
                0x000000000800c714       0x34 zephyr/kernel/libkernel.a(poll.c.obj)
 .text.z_impl_k_poll
                0x000000000800c748       0xb8 zephyr/kernel/libkernel.a(poll.c.obj)
                0x000000000800c748                z_impl_k_poll
 .text.z_impl_k_poll_signal_raise
                0x000000000800c800       0x50 zephyr/kernel/libkernel.a(poll.c.obj)
                0x000000000800c800                z_impl_k_poll_signal_raise
 .text.z_sched_usage_start
                0x000000000800c850       0x10 zephyr/kernel/libkernel.a(usage.c.obj)
                0x000000000800c850                z_sched_usage_start
 .text.z_sched_usage_stop
                0x000000000800c860       0x4c zephyr/kernel/libkernel.a(usage.c.obj)
                0x000000000800c860                z_sched_usage_stop
 .text.z_sched_cpu_usage
                0x000000000800c8ac       0x8c zephyr/kernel/libkernel.a(usage.c.obj)
                0x000000000800c8ac                z_sched_cpu_usage
 .text.z_sched_thread_usage
                0x000000000800c938       0x74 zephyr/kernel/libkernel.a(usage.c.obj)
                0x000000000800c938                z_sched_thread_usage
 .text.k_thread_system_pool_assign
                0x000000000800c9ac        0xc zephyr/kernel/libkernel.a(mempool.c.obj)
                0x000000000800c9ac                k_thread_system_pool_assign
 .text.boot_banner
                0x000000000800c9b8       0x10 zephyr/kernel/libkernel.a(banner.c.obj)
                0x000000000800c9b8                boot_banner
 .text.statics_init
                0x000000000800c9c8       0x24 zephyr/kernel/libkernel.a(kheap.c.obj)
 .text.k_sys_work_q_init
                0x000000000800c9ec       0x2c zephyr/kernel/libkernel.a(system_work_q.c.obj)
 .text.snprintf
                0x000000000800ca18       0x54 c:\zephyr-sdk\zephyr-sdk-0.17.2\arm-zephyr-eabi\bin\../lib/gcc/../../picolibc/arm-zephyr-eabi/lib/thumb/v7e-m/nofp\libc.a(libc_tinystdio_snprintf.c.o)
                0x000000000800ca18                snprintf
 .text.strtol   0x000000000800ca6c       0xec c:\zephyr-sdk\zephyr-sdk-0.17.2\arm-zephyr-eabi\bin\../lib/gcc/../../picolibc/arm-zephyr-eabi/lib/thumb/v7e-m/nofp\libc.a(libc_tinystdio_strtol.c.o)
                0x000000000800ca6c                strtol
 .text.strtoul  0x000000000800cb58       0xcc c:\zephyr-sdk\zephyr-sdk-0.17.2\arm-zephyr-eabi\bin\../lib/gcc/../../picolibc/arm-zephyr-eabi/lib/thumb/v7e-m/nofp\libc.a(libc_tinystdio_strtoul.c.o)
                0x000000000800cb58                strtoul
 .text.skip_to_arg
                0x000000000800cc24      0x138 c:\zephyr-sdk\zephyr-sdk-0.17.2\arm-zephyr-eabi\bin\../lib/gcc/../../picolibc/arm-zephyr-eabi/lib/thumb/v7e-m/nofp\libc.a(libc_tinystdio_vfprintf.c.o)
 .text.vfprintf
                0x000000000800cd5c      0x9c4 c:\zephyr-sdk\zephyr-sdk-0.17.2\arm-zephyr-eabi\bin\../lib/gcc/../../picolibc/arm-zephyr-eabi/lib/thumb/v7e-m/nofp\libc.a(libc_tinystdio_vfprintf.c.o)
                0x000000000800cd5c                __d_vfprintf
 .text.div10    0x000000000800d720       0x28 c:\zephyr-sdk\zephyr-sdk-0.17.2\arm-zephyr-eabi\bin\../lib/gcc/../../picolibc/arm-zephyr-eabi/lib/thumb/v7e-m/nofp\libc.a(libc_tinystdio_dtoa_ryu.c.o)
 .text.__dtoa_engine
                0x000000000800d748      0x49c c:\zephyr-sdk\zephyr-sdk-0.17.2\arm-zephyr-eabi\bin\../lib/gcc/../../picolibc/arm-zephyr-eabi/lib/thumb/v7e-m/nofp\libc.a(libc_tinystdio_dtoa_ryu.c.o)
                0x000000000800d748                __dtoa_engine
 .text.__log10Pow2
                0x000000000800dbe4        0xc c:\zephyr-sdk\zephyr-sdk-0.17.2\arm-zephyr-eabi\bin\../lib/gcc/../../picolibc/arm-zephyr-eabi/lib/thumb/v7e-m/nofp\libc.a(libc_tinystdio_ryu_log10.c.o)
                0x000000000800dbe4                __log10Pow2
 .text.__log10Pow5
                0x000000000800dbf0        0xc c:\zephyr-sdk\zephyr-sdk-0.17.2\arm-zephyr-eabi\bin\../lib/gcc/../../picolibc/arm-zephyr-eabi/lib/thumb/v7e-m/nofp\libc.a(libc_tinystdio_ryu_log10.c.o)
                0x000000000800dbf0                __log10Pow5
 .text.__pow5bits
                0x000000000800dbfc       0x10 c:\zephyr-sdk\zephyr-sdk-0.17.2\arm-zephyr-eabi\bin\../lib/gcc/../../picolibc/arm-zephyr-eabi/lib/thumb/v7e-m/nofp\libc.a(libc_tinystdio_ryu_pow5bits.c.o)
                0x000000000800dbfc                __pow5bits
 .text.__pow5Factor
                0x000000000800dc0c       0x30 c:\zephyr-sdk\zephyr-sdk-0.17.2\arm-zephyr-eabi\bin\../lib/gcc/../../picolibc/arm-zephyr-eabi/lib/thumb/v7e-m/nofp\libc.a(libc_tinystdio_ryu_table.c.o)
                0x000000000800dc0c                __pow5Factor
 .text.__double_computePow5
                0x000000000800dc3c       0xe8 c:\zephyr-sdk\zephyr-sdk-0.17.2\arm-zephyr-eabi\bin\../lib/gcc/../../picolibc/arm-zephyr-eabi/lib/thumb/v7e-m/nofp\libc.a(libc_tinystdio_ryu_table.c.o)
                0x000000000800dc3c                __double_computePow5
 .text.__double_computeInvPow5
                0x000000000800dd24       0xf8 c:\zephyr-sdk\zephyr-sdk-0.17.2\arm-zephyr-eabi\bin\../lib/gcc/../../picolibc/arm-zephyr-eabi/lib/thumb/v7e-m/nofp\libc.a(libc_tinystdio_ryu_table.c.o)
                0x000000000800dd24                __double_computeInvPow5
 .text._OffsetAbsSyms
                0x000000000800de1c        0x2 zephyr/CMakeFiles/offsets.dir/./arch/arm/core/offsets/offsets.c.obj
                0x000000000800de1c                _OffsetAbsSyms
 .text.gpio_pin_interrupt_configure_dt
                0x000000000800de1e       0x10 app/libapp.a(main.c.obj)
 .text.z_impl_gpio_pin_configure
                0x000000000800de2e       0x50 app/libapp.a(main.c.obj)
 .text.gpio_pin_configure_dt
                0x000000000800de7e       0x16 app/libapp.a(main.c.obj)
 .text.gpio_pin_set_raw
                0x000000000800de94       0x20 app/libapp.a(main.c.obj)
 .text.gpio_pin_set
                0x000000000800deb4       0x1a app/libapp.a(main.c.obj)
 .text.gpio_pin_toggle_dt
                0x000000000800dece       0x14 app/libapp.a(main.c.obj)
 .text.gpio_add_callback
                0x000000000800dee2       0x14 app/libapp.a(main.c.obj)
 .text.k_msleep
                0x000000000800def6       0x20 app/libapp.a(main.c.obj)
 .text.k_msleep
                0x000000000800df16       0x20 app/libapp.a(shell_sensor.c.obj)
 .text.free_list_add_bidx
                0x000000000800df36       0x4e zephyr/libzephyr.a(heap.c.obj)
 .text.free_list_add
                0x000000000800df84       0x18 zephyr/libzephyr.a(heap.c.obj)
 .text.sys_heap_init
                0x000000000800df9c       0x84 zephyr/libzephyr.a(heap.c.obj)
                0x000000000800df9c                sys_heap_init
 .text.cbprintf_via_va_list
                0x000000000800e020        0xe zephyr/libzephyr.a(cbprintf_packaged.c.obj)
 .text.is_fmt_spec
                0x000000000800e02e        0xe zephyr/libzephyr.a(cbprintf_packaged.c.obj)
 .text.get_package_len
                0x000000000800e03c       0x2a zephyr/libzephyr.a(cbprintf_packaged.c.obj)
 .text.append_string
                0x000000000800e066       0x2c zephyr/libzephyr.a(cbprintf_packaged.c.obj)
 .text.cbpprintf_external
                0x000000000800e092       0x60 zephyr/libzephyr.a(cbprintf_packaged.c.obj)
                0x000000000800e092                cbpprintf_external
 .text.is_ptr   0x000000000800e0f2       0x4e zephyr/libzephyr.a(cbprintf_packaged.c.obj)
                0x000000000800e0f2                is_ptr
 .text.arch_printk_char_out
                0x000000000800e140        0x4 zephyr/libzephyr.a(printk.c.obj)
                0x000000000800e140                arch_printk_char_out
 .text.vprintk  0x000000000800e144        0x8 zephyr/libzephyr.a(printk.c.obj)
                0x000000000800e144                vprintk
 .text.printk   0x000000000800e14c       0x1c zephyr/libzephyr.a(printk.c.obj)
                0x000000000800e14c                printk
 .text.free_space
                0x000000000800e168       0x28 zephyr/libzephyr.a(mpsc_pbuf.c.obj)
 .text.available
                0x000000000800e190       0x24 zephyr/libzephyr.a(mpsc_pbuf.c.obj)
 .text.get_usage
                0x000000000800e1b4       0x24 zephyr/libzephyr.a(mpsc_pbuf.c.obj)
 .text.max_utilization_update
                0x000000000800e1d8       0x26 zephyr/libzephyr.a(mpsc_pbuf.c.obj)
 .text.rd_idx_inc
                0x000000000800e1fe       0x26 zephyr/libzephyr.a(mpsc_pbuf.c.obj)
 .text.add_skip_item
                0x000000000800e224       0x66 zephyr/libzephyr.a(mpsc_pbuf.c.obj)
 .text.drop_item_locked
                0x000000000800e28a      0x12e zephyr/libzephyr.a(mpsc_pbuf.c.obj)
 .text.post_drop_action
                0x000000000800e3b8       0x62 zephyr/libzephyr.a(mpsc_pbuf.c.obj)
 .text.mpsc_pbuf_init
                0x000000000800e41a       0x42 zephyr/libzephyr.a(mpsc_pbuf.c.obj)
                0x000000000800e41a                mpsc_pbuf_init
 .text.mpsc_pbuf_alloc
                0x000000000800e45c      0x134 zephyr/libzephyr.a(mpsc_pbuf.c.obj)
                0x000000000800e45c                mpsc_pbuf_alloc
 .text.mpsc_pbuf_commit
                0x000000000800e590       0x50 zephyr/libzephyr.a(mpsc_pbuf.c.obj)
                0x000000000800e590                mpsc_pbuf_commit
 .text.mpsc_pbuf_claim
                0x000000000800e5e0       0xd0 zephyr/libzephyr.a(mpsc_pbuf.c.obj)
                0x000000000800e5e0                mpsc_pbuf_claim
 .text.mpsc_pbuf_free
                0x000000000800e6b0       0x88 zephyr/libzephyr.a(mpsc_pbuf.c.obj)
                0x000000000800e6b0                mpsc_pbuf_free
 .text.mpsc_pbuf_is_pending
                0x000000000800e738       0x2c zephyr/libzephyr.a(mpsc_pbuf.c.obj)
                0x000000000800e738                mpsc_pbuf_is_pending
 .text.ring_buf_area_claim
                0x000000000800e764       0x42 zephyr/libzephyr.a(ring_buffer.c.obj)
                0x000000000800e764                ring_buf_area_claim
 .text.ring_buf_put_claim
                0x000000000800e7a6       0x26 zephyr/libzephyr.a(ring_buffer.c.obj)
 .text.ring_buf_get_claim
                0x000000000800e7cc       0x24 zephyr/libzephyr.a(ring_buffer.c.obj)
 .text.ring_buf_area_finish
                0x000000000800e7f0       0x40 zephyr/libzephyr.a(ring_buffer.c.obj)
                0x000000000800e7f0                ring_buf_area_finish
 .text.ring_buf_put
                0x000000000800e830       0x42 zephyr/libzephyr.a(ring_buffer.c.obj)
                0x000000000800e830                ring_buf_put
 .text.ring_buf_get
                0x000000000800e872       0x4a zephyr/libzephyr.a(ring_buffer.c.obj)
                0x000000000800e872                ring_buf_get
 .text._ConfigAbsSyms
                0x000000000800e8bc        0x2 zephyr/libzephyr.a(configs.c.obj)
                0x000000000800e8bc                _ConfigAbsSyms
 .text.k_msleep
                0x000000000800e8be       0x20 zephyr/libzephyr.a(stm32cube_hal.c.obj)
 .text.HAL_Delay
                0x000000000800e8de       0x12 zephyr/libzephyr.a(stm32cube_hal.c.obj)
                0x000000000800e8de                HAL_Delay
 .text.isr_stacks
                0x000000000800e8f0       0x12 zephyr/libzephyr.a(thread_analyzer.c.obj)
 .text.log_msg_generic_get_wlen
                0x000000000800e902       0x20 zephyr/libzephyr.a(log_core.c.obj)
 .text.log_backend_init
                0x000000000800e922       0x14 zephyr/libzephyr.a(log_core.c.obj)
 .text.dummy_timestamp
                0x000000000800e936        0x4 zephyr/libzephyr.a(log_core.c.obj)
 .text.k_msleep
                0x000000000800e93a       0x20 zephyr/libzephyr.a(log_core.c.obj)
 .text.msg_filter_check
                0x000000000800e95a       0x44 zephyr/libzephyr.a(log_core.c.obj)
 .text.msg_alloc
                0x000000000800e99e        0xc zephyr/libzephyr.a(log_core.c.obj)
 .text.msg_free
                0x000000000800e9aa        0x8 zephyr/libzephyr.a(log_core.c.obj)
 .text.msg_pending
                0x000000000800e9b2        0x8 zephyr/libzephyr.a(log_core.c.obj)
 .text.z_log_vprintk
                0x000000000800e9ba       0x1e zephyr/libzephyr.a(log_core.c.obj)
                0x000000000800e9ba                z_log_vprintk
 .text.z_log_notify_drop
                0x000000000800e9d8        0xa zephyr/libzephyr.a(log_core.c.obj)
 .text.z_log_msg_claim
                0x000000000800e9e2        0x8 zephyr/libzephyr.a(log_core.c.obj)
                0x000000000800e9e2                z_log_msg_claim
 .text.msg_commit
                0x000000000800e9ea        0xc zephyr/libzephyr.a(log_core.c.obj)
 .text.z_log_get_tag
                0x000000000800e9f6        0x4 zephyr/libzephyr.a(log_core.c.obj)
                0x000000000800e9f6                z_log_get_tag
 .text.max_filter_get
                0x000000000800e9fa       0x24 zephyr/libzephyr.a(log_mgmt.c.obj)
 .text.set_runtime_filter
                0x000000000800ea1e       0x3c zephyr/libzephyr.a(log_mgmt.c.obj)
 .text.filter_get
                0x000000000800ea5a       0x30 zephyr/libzephyr.a(log_mgmt.c.obj)
 .text.log_source_id_get
                0x000000000800ea8a       0x34 zephyr/libzephyr.a(log_mgmt.c.obj)
                0x000000000800ea8a                log_source_id_get
 .text.z_impl_log_filter_set
                0x000000000800eabe       0x14 zephyr/libzephyr.a(log_mgmt.c.obj)
                0x000000000800eabe                z_impl_log_filter_set
 .text.backend_filter_set
                0x000000000800ead2       0x26 zephyr/libzephyr.a(log_mgmt.c.obj)
 .text.log_backend_enable
                0x000000000800eaf8       0x20 zephyr/libzephyr.a(log_mgmt.c.obj)
                0x000000000800eaf8                log_backend_enable
 .text.log_backend_disable
                0x000000000800eb18       0x1a zephyr/libzephyr.a(log_mgmt.c.obj)
                0x000000000800eb18                log_backend_disable
 .text.log_filter_get
                0x000000000800eb32       0x16 zephyr/libzephyr.a(log_mgmt.c.obj)
                0x000000000800eb32                log_filter_get
 .text.z_cbprintf_cpy
                0x000000000800eb48       0x32 zephyr/libzephyr.a(log_msg.c.obj)
 .text.z_log_msg_finalize
                0x000000000800eb7a       0x2e zephyr/libzephyr.a(log_msg.c.obj)
                0x000000000800eb7a                z_log_msg_finalize
 .text.z_log_msg_simple_create
                0x000000000800eba8       0x62 zephyr/libzephyr.a(log_msg.c.obj)
 .text.z_impl_z_log_msg_simple_create_0
                0x000000000800ec0a       0x14 zephyr/libzephyr.a(log_msg.c.obj)
                0x000000000800ec0a                z_impl_z_log_msg_simple_create_0
 .text.z_impl_z_log_msg_simple_create_1
                0x000000000800ec1e       0x16 zephyr/libzephyr.a(log_msg.c.obj)
                0x000000000800ec1e                z_impl_z_log_msg_simple_create_1
 .text.z_impl_z_log_msg_simple_create_2
                0x000000000800ec34       0x1a zephyr/libzephyr.a(log_msg.c.obj)
                0x000000000800ec34                z_impl_z_log_msg_simple_create_2
 .text.z_log_msg_static_create
                0x000000000800ec4e        0x8 zephyr/libzephyr.a(log_msg.c.obj)
 .text.log_output_flush
                0x000000000800ec56       0x2e zephyr/libzephyr.a(log_output.c.obj)
 .text.out_func
                0x000000000800ec84       0x38 zephyr/libzephyr.a(log_output.c.obj)
 .text.cr_out_func
                0x000000000800ecbc       0x1e zephyr/libzephyr.a(log_output.c.obj)
 .text.color_prefix
                0x000000000800ecda        0xc zephyr/libzephyr.a(log_output.c.obj)
 .text.color_postfix
                0x000000000800ece6        0xc zephyr/libzephyr.a(log_output.c.obj)
 .text.postfix_print
                0x000000000800ecf2       0x18 zephyr/libzephyr.a(log_output.c.obj)
 .text.log_msg_hexdump
                0x000000000800ed0a       0x36 zephyr/libzephyr.a(log_output.c.obj)
 .text.log_output_msg_process
                0x000000000800ed40       0x66 zephyr/libzephyr.a(log_output.c.obj)
                0x000000000800ed40                log_output_msg_process
 .text.usb_vbus_set
                0x000000000800eda6        0x4 zephyr/libzephyr.a(usb_device.c.obj)
 .text.reset_endpoint
                0x000000000800edaa       0x2a zephyr/libzephyr.a(usb_device.c.obj)
 .text.usb_eps_reconfigure
                0x000000000800edd4       0x12 zephyr/libzephyr.a(usb_device.c.obj)
 .text.usb_handle_std_interface_req
                0x000000000800ede6       0x5c zephyr/libzephyr.a(usb_device.c.obj)
 .text.usb_get_status_endpoint
                0x000000000800ee42       0x38 zephyr/libzephyr.a(usb_device.c.obj)
 .text.usb_handle_std_endpoint_req
                0x000000000800ee7a       0x46 zephyr/libzephyr.a(usb_device.c.obj)
 .text.usb_device_init
                0x000000000800eec0        0xa zephyr/libzephyr.a(usb_device.c.obj)
 .text.ascii7_to_utf16le
                0x000000000800eeca       0x24 zephyr/libzephyr.a(usb_descriptor.c.obj)
 .text.usb_desc_update_mps0
                0x000000000800eeee       0x40 zephyr/libzephyr.a(usb_descriptor.c.obj)
 .text.usb_validate_ep_cfg_data
                0x000000000800ef2e       0xc2 zephyr/libzephyr.a(usb_descriptor.c.obj)
 .text.usb_get_dev_data_by_cfg
                0x000000000800eff0       0x24 zephyr/libzephyr.a(usb_descriptor.c.obj)
                0x000000000800eff0                usb_get_dev_data_by_cfg
 .text.usb_get_dev_data_by_iface
                0x000000000800f014       0x28 zephyr/libzephyr.a(usb_descriptor.c.obj)
                0x000000000800f014                usb_get_dev_data_by_iface
 .text.usb_get_dev_data_by_ep
                0x000000000800f03c       0x38 zephyr/libzephyr.a(usb_descriptor.c.obj)
                0x000000000800f03c                usb_get_dev_data_by_ep
 .text.usb_transfer_is_busy
                0x000000000800f074       0x1c zephyr/libzephyr.a(usb_transfer.c.obj)
                0x000000000800f074                usb_transfer_is_busy
 .text.cdc_interface_config
                0x000000000800f090       0x14 zephyr/libzephyr.a(cdc_acm.c.obj)
 .text.cdc_acm_irq_callback_work_handler
                0x000000000800f0a4       0x12 zephyr/libzephyr.a(cdc_acm.c.obj)
 .text.cdc_acm_irq_tx_disable
                0x000000000800f0b6        0xa zephyr/libzephyr.a(cdc_acm.c.obj)
 .text.cdc_acm_irq_tx_ready
                0x000000000800f0c0       0x28 zephyr/libzephyr.a(cdc_acm.c.obj)
 .text.cdc_acm_irq_rx_disable
                0x000000000800f0e8        0xa zephyr/libzephyr.a(cdc_acm.c.obj)
 .text.cdc_acm_irq_rx_ready
                0x000000000800f0f2       0x1a zephyr/libzephyr.a(cdc_acm.c.obj)
 .text.cdc_acm_irq_is_pending
                0x000000000800f10c       0x1c zephyr/libzephyr.a(cdc_acm.c.obj)
 .text.cdc_acm_irq_update
                0x000000000800f128       0x34 zephyr/libzephyr.a(cdc_acm.c.obj)
 .text.cdc_acm_irq_callback_set
                0x000000000800f15c        0x8 zephyr/libzephyr.a(cdc_acm.c.obj)
 .text.cdc_acm_configure
                0x000000000800f164       0x22 zephyr/libzephyr.a(cdc_acm.c.obj)
 .text.cdc_acm_config_get
                0x000000000800f186       0x80 zephyr/libzephyr.a(cdc_acm.c.obj)
 .text.cdc_acm_fifo_read
                0x000000000800f206       0x4a zephyr/libzephyr.a(cdc_acm.c.obj)
 .text.cdc_acm_poll_in
                0x000000000800f250       0x16 zephyr/libzephyr.a(cdc_acm.c.obj)
 .text.k_msleep
                0x000000000800f266       0x20 zephyr/libzephyr.a(cdc_acm.c.obj)
 .text.ring_buf_get_claim
                0x000000000800f286       0x24 zephyr/libzephyr.a(cdc_acm.c.obj)
 .text.k_msleep
                0x000000000800f2aa       0x20 zephyr/libzephyr.a(sleep.c.obj)
 .text.thread_valid_cb
                0x000000000800f2ca        0xe zephyr/libzephyr.a(thread.c.obj)
 .text.log_msg_generic_get_wlen
                0x000000000800f2d8       0x20 zephyr/libzephyr.a(shell_uart.c.obj)
 .text.uart_irq_callback_user_data_set
                0x000000000800f2f8       0x1c zephyr/libzephyr.a(shell_uart.c.obj)
 .text.uart_irq_tx_enable
                0x000000000800f314        0xc zephyr/libzephyr.a(shell_uart.c.obj)
 .text.uart_irq_tx_disable
                0x000000000800f320        0xc zephyr/libzephyr.a(shell_uart.c.obj)
 .text.uart_irq_rx_enable
                0x000000000800f32c        0xc zephyr/libzephyr.a(shell_uart.c.obj)
 .text.uart_irq_rx_disable
                0x000000000800f338        0xc zephyr/libzephyr.a(shell_uart.c.obj)
 .text.uart_irq_update
                0x000000000800f344       0x12 zephyr/libzephyr.a(shell_uart.c.obj)
 .text.uart_dtr_check
                0x000000000800f356        0x4 zephyr/libzephyr.a(shell_uart.c.obj)
 .text.init     0x000000000800f35a       0x14 zephyr/libzephyr.a(shell_uart.c.obj)
 .text.enable   0x000000000800f36e       0x14 zephyr/libzephyr.a(shell_uart.c.obj)
 .text.polling_write
                0x000000000800f382       0x34 zephyr/libzephyr.a(shell_uart.c.obj)
 .text.irq_read